Archive member included to satisfy reference by file (symbol)

c:/st/stm32cubeide_1.10.0/stm32cubeide/plugins/com.st.stm32cube.ide.mcu.externaltools.gnu-tools-for-stm32.10.3-2021.10.win32_1.0.0.202111181127/tools/bin/../lib/gcc/arm-none-eabi/10.3.1/../../../../arm-none-eabi/lib/thumb/v7e-m+fp/hard\libc_nano.a(lib_a-errno.o)
                              Core\Src\syscalls.o (__errno)
c:/st/stm32cubeide_1.10.0/stm32cubeide/plugins/com.st.stm32cube.ide.mcu.externaltools.gnu-tools-for-stm32.10.3-2021.10.win32_1.0.0.202111181127/tools/bin/../lib/gcc/arm-none-eabi/10.3.1/../../../../arm-none-eabi/lib/thumb/v7e-m+fp/hard\libc_nano.a(lib_a-exit.o)
                              c:/st/stm32cubeide_1.10.0/stm32cubeide/plugins/com.st.stm32cube.ide.mcu.externaltools.gnu-tools-for-stm32.10.3-2021.10.win32_1.0.0.202111181127/tools/bin/../lib/gcc/arm-none-eabi/10.3.1/../../../../arm-none-eabi/lib/thumb/v7e-m+fp/hard/crt0.o (exit)
c:/st/stm32cubeide_1.10.0/stm32cubeide/plugins/com.st.stm32cube.ide.mcu.externaltools.gnu-tools-for-stm32.10.3-2021.10.win32_1.0.0.202111181127/tools/bin/../lib/gcc/arm-none-eabi/10.3.1/../../../../arm-none-eabi/lib/thumb/v7e-m+fp/hard\libc_nano.a(lib_a-impure.o)
                              c:/st/stm32cubeide_1.10.0/stm32cubeide/plugins/com.st.stm32cube.ide.mcu.externaltools.gnu-tools-for-stm32.10.3-2021.10.win32_1.0.0.202111181127/tools/bin/../lib/gcc/arm-none-eabi/10.3.1/../../../../arm-none-eabi/lib/thumb/v7e-m+fp/hard\libc_nano.a(lib_a-exit.o) (_global_impure_ptr)
c:/st/stm32cubeide_1.10.0/stm32cubeide/plugins/com.st.stm32cube.ide.mcu.externaltools.gnu-tools-for-stm32.10.3-2021.10.win32_1.0.0.202111181127/tools/bin/../lib/gcc/arm-none-eabi/10.3.1/../../../../arm-none-eabi/lib/thumb/v7e-m+fp/hard\libc_nano.a(lib_a-init.o)
                              c:/st/stm32cubeide_1.10.0/stm32cubeide/plugins/com.st.stm32cube.ide.mcu.externaltools.gnu-tools-for-stm32.10.3-2021.10.win32_1.0.0.202111181127/tools/bin/../lib/gcc/arm-none-eabi/10.3.1/../../../../arm-none-eabi/lib/thumb/v7e-m+fp/hard/crt0.o (__libc_init_array)
c:/st/stm32cubeide_1.10.0/stm32cubeide/plugins/com.st.stm32cube.ide.mcu.externaltools.gnu-tools-for-stm32.10.3-2021.10.win32_1.0.0.202111181127/tools/bin/../lib/gcc/arm-none-eabi/10.3.1/../../../../arm-none-eabi/lib/thumb/v7e-m+fp/hard\libc_nano.a(lib_a-memset.o)
                              c:/st/stm32cubeide_1.10.0/stm32cubeide/plugins/com.st.stm32cube.ide.mcu.externaltools.gnu-tools-for-stm32.10.3-2021.10.win32_1.0.0.202111181127/tools/bin/../lib/gcc/arm-none-eabi/10.3.1/../../../../arm-none-eabi/lib/thumb/v7e-m+fp/hard/crt0.o (memset)

Discarded input sections

 .text          0x0000000000000000        0x0 c:/st/stm32cubeide_1.10.0/stm32cubeide/plugins/com.st.stm32cube.ide.mcu.externaltools.gnu-tools-for-stm32.10.3-2021.10.win32_1.0.0.202111181127/tools/bin/../lib/gcc/arm-none-eabi/10.3.1/thumb/v7e-m+fp/hard/crti.o
 .data          0x0000000000000000        0x0 c:/st/stm32cubeide_1.10.0/stm32cubeide/plugins/com.st.stm32cube.ide.mcu.externaltools.gnu-tools-for-stm32.10.3-2021.10.win32_1.0.0.202111181127/tools/bin/../lib/gcc/arm-none-eabi/10.3.1/thumb/v7e-m+fp/hard/crti.o
 .bss           0x0000000000000000        0x0 c:/st/stm32cubeide_1.10.0/stm32cubeide/plugins/com.st.stm32cube.ide.mcu.externaltools.gnu-tools-for-stm32.10.3-2021.10.win32_1.0.0.202111181127/tools/bin/../lib/gcc/arm-none-eabi/10.3.1/thumb/v7e-m+fp/hard/crti.o
 .data          0x0000000000000000        0x4 c:/st/stm32cubeide_1.10.0/stm32cubeide/plugins/com.st.stm32cube.ide.mcu.externaltools.gnu-tools-for-stm32.10.3-2021.10.win32_1.0.0.202111181127/tools/bin/../lib/gcc/arm-none-eabi/10.3.1/thumb/v7e-m+fp/hard/crtbegin.o
 .rodata        0x0000000000000000       0x24 c:/st/stm32cubeide_1.10.0/stm32cubeide/plugins/com.st.stm32cube.ide.mcu.externaltools.gnu-tools-for-stm32.10.3-2021.10.win32_1.0.0.202111181127/tools/bin/../lib/gcc/arm-none-eabi/10.3.1/thumb/v7e-m+fp/hard/crtbegin.o
 .text          0x0000000000000000       0x7c c:/st/stm32cubeide_1.10.0/stm32cubeide/plugins/com.st.stm32cube.ide.mcu.externaltools.gnu-tools-for-stm32.10.3-2021.10.win32_1.0.0.202111181127/tools/bin/../lib/gcc/arm-none-eabi/10.3.1/../../../../arm-none-eabi/lib/thumb/v7e-m+fp/hard/crt0.o
 .data          0x0000000000000000        0x0 c:/st/stm32cubeide_1.10.0/stm32cubeide/plugins/com.st.stm32cube.ide.mcu.externaltools.gnu-tools-for-stm32.10.3-2021.10.win32_1.0.0.202111181127/tools/bin/../lib/gcc/arm-none-eabi/10.3.1/../../../../arm-none-eabi/lib/thumb/v7e-m+fp/hard/crt0.o
 .bss           0x0000000000000000        0x0 c:/st/stm32cubeide_1.10.0/stm32cubeide/plugins/com.st.stm32cube.ide.mcu.externaltools.gnu-tools-for-stm32.10.3-2021.10.win32_1.0.0.202111181127/tools/bin/../lib/gcc/arm-none-eabi/10.3.1/../../../../arm-none-eabi/lib/thumb/v7e-m+fp/hard/crt0.o
[...]
Memory Configuration

Name             Origin             Length             Attributes
CCMRAM           0x0000000010000000 0x0000000000001000 xrw
RAM              0x0000000020000000 0x0000000000003000 xrw
FLASH            0x0000000008000000 0x0000000000010000 xr
*default*        0x0000000000000000 0xffffffffffffffff

Linker script and memory map

LOAD c:/st/stm32cubeide_1.10.0/stm32cubeide/plugins/com.st.stm32cube.ide.mcu.externaltools.gnu-tools-for-stm32.10.3-2021.10.win32_1.0.0.202111181127/tools/bin/../lib/gcc/arm-none-eabi/10.3.1/thumb/v7e-m+fp/hard/crti.o
LOAD c:/st/stm32cubeide_1.10.0/stm32cubeide/plugins/com.st.stm32cube.ide.mcu.externaltools.gnu-tools-for-stm32.10.3-2021.10.win32_1.0.0.202111181127/tools/bin/../lib/gcc/arm-none-eabi/10.3.1/thumb/v7e-m+fp/hard/crtbegin.o
LOAD c:/st/stm32cubeide_1.10.0/stm32cubeide/plugins/com.st.stm32cube.ide.mcu.externaltools.gnu-tools-for-stm32.10.3-2021.10.win32_1.0.0.202111181127/tools/bin/../lib/gcc/arm-none-eabi/10.3.1/../../../../arm-none-eabi/lib/thumb/v7e-m+fp/hard/crt0.o
LOAD Core\Src\GAS_Can.o
LOAD Core\Src\GAS_Diagnose.o
LOAD Core\Src\GAS_PWM.o
LOAD Core\Src\GAS_Scheduler.o
LOAD Core\Src\GAS_Vadc.o
LOAD Core\Src\GAS_indicator.o
LOAD Core\Src\adc.o
LOAD Core\Src\can.o
LOAD Core\Src\dma.o
LOAD Core\Src\gpio.o
LOAD Core\Src\main.o
LOAD Core\Src\stm32f3xx_hal_msp.o
LOAD Core\Src\stm32f3xx_it.o
LOAD Core\Src\syscalls.o
LOAD Core\Src\sysmem.o
LOAD Core\Src\system_stm32f3xx.o
LOAD Core\Src\tim.o
LOAD Core\Startup\startup_stm32f334r8tx.o
LOAD Drivers\STM32F3xx_HAL_Driver\Src\stm32f3xx_hal.o
LOAD Drivers\STM32F3xx_HAL_Driver\Src\stm32f3xx_hal_adc.o
LOAD Drivers\STM32F3xx_HAL_Driver\Src\stm32f3xx_hal_adc_ex.o
LOAD Drivers\STM32F3xx_HAL_Driver\Src\stm32f3xx_hal_can.o
LOAD Drivers\STM32F3xx_HAL_Driver\Src\stm32f3xx_hal_cortex.o
LOAD Drivers\STM32F3xx_HAL_Driver\Src\stm32f3xx_hal_dma.o
LOAD Drivers\STM32F3xx_HAL_Driver\Src\stm32f3xx_hal_exti.o
LOAD Drivers\STM32F3xx_HAL_Driver\Src\stm32f3xx_hal_flash.o
LOAD Drivers\STM32F3xx_HAL_Driver\Src\stm32f3xx_hal_flash_ex.o
LOAD Drivers\STM32F3xx_HAL_Driver\Src\stm32f3xx_hal_gpio.o
LOAD Drivers\STM32F3xx_HAL_Driver\Src\stm32f3xx_hal_i2c.o
LOAD Drivers\STM32F3xx_HAL_Driver\Src\stm32f3xx_hal_i2c_ex.o
LOAD Drivers\STM32F3xx_HAL_Driver\Src\stm32f3xx_hal_pwr.o
LOAD Drivers\STM32F3xx_HAL_Driver\Src\stm32f3xx_hal_pwr_ex.o
LOAD Drivers\STM32F3xx_HAL_Driver\Src\stm32f3xx_hal_rcc.o
LOAD Drivers\STM32F3xx_HAL_Driver\Src\stm32f3xx_hal_rcc_ex.o
LOAD Drivers\STM32F3xx_HAL_Driver\Src\stm32f3xx_hal_tim.o
LOAD Drivers\STM32F3xx_HAL_Driver\Src\stm32f3xx_hal_tim_ex.o
START GROUP
LOAD c:/st/stm32cubeide_1.10.0/stm32cubeide/plugins/com.st.stm32cube.ide.mcu.externaltools.gnu-tools-for-stm32.10.3-2021.10.win32_1.0.0.202111181127/tools/bin/../lib/gcc/arm-none-eabi/10.3.1/../../../../arm-none-eabi/lib/thumb/v7e-m+fp/hard\libc_nano.a
LOAD c:/st/stm32cubeide_1.10.0/stm32cubeide/plugins/com.st.stm32cube.ide.mcu.externaltools.gnu-tools-for-stm32.10.3-2021.10.win32_1.0.0.202111181127/tools/bin/../lib/gcc/arm-none-eabi/10.3.1/../../../../arm-none-eabi/lib/thumb/v7e-m+fp/hard\libm.a
END GROUP
START GROUP
LOAD c:/st/stm32cubeide_1.10.0/stm32cubeide/plugins/com.st.stm32cube.ide.mcu.externaltools.gnu-tools-for-stm32.10.3-2021.10.win32_1.0.0.202111181127/tools/bin/../lib/gcc/arm-none-eabi/10.3.1/thumb/v7e-m+fp/hard\libgcc.a
LOAD c:/st/stm32cubeide_1.10.0/stm32cubeide/plugins/com.st.stm32cube.ide.mcu.externaltools.gnu-tools-for-stm32.10.3-2021.10.win32_1.0.0.202111181127/tools/bin/../lib/gcc/arm-none-eabi/10.3.1/../../../../arm-none-eabi/lib/thumb/v7e-m+fp/hard\libc_nano.a
END GROUP
START GROUP
LOAD c:/st/stm32cubeide_1.10.0/stm32cubeide/plugins/com.st.stm32cube.ide.mcu.externaltools.gnu-tools-for-stm32.10.3-2021.10.win32_1.0.0.202111181127/tools/bin/../lib/gcc/arm-none-eabi/10.3.1/thumb/v7e-m+fp/hard\libgcc.a
LOAD c:/st/stm32cubeide_1.10.0/stm32cubeide/plugins/com.st.stm32cube.ide.mcu.externaltools.gnu-tools-for-stm32.10.3-2021.10.win32_1.0.0.202111181127/tools/bin/../lib/gcc/arm-none-eabi/10.3.1/../../../../arm-none-eabi/lib/thumb/v7e-m+fp/hard\libc_nano.a
LOAD c:/st/stm32cubeide_1.10.0/stm32cubeide/plugins/com.st.stm32cube.ide.mcu.externaltools.gnu-tools-for-stm32.10.3-2021.10.win32_1.0.0.202111181127/tools/bin/../lib/gcc/arm-none-eabi/10.3.1/../../../../arm-none-eabi/lib/thumb/v7e-m+fp/hard\libnosys.a
END GROUP
START GROUP
LOAD c:/st/stm32cubeide_1.10.0/stm32cubeide/plugins/com.st.stm32cube.ide.mcu.externaltools.gnu-tools-for-stm32.10.3-2021.10.win32_1.0.0.202111181127/tools/bin/../lib/gcc/arm-none-eabi/10.3.1/thumb/v7e-m+fp/hard\libgcc.a
LOAD c:/st/stm32cubeide_1.10.0/stm32cubeide/plugins/com.st.stm32cube.ide.mcu.externaltools.gnu-tools-for-stm32.10.3-2021.10.win32_1.0.0.202111181127/tools/bin/../lib/gcc/arm-none-eabi/10.3.1/../../../../arm-none-eabi/lib/thumb/v7e-m+fp/hard\libc_nano.a
LOAD c:/st/stm32cubeide_1.10.0/stm32cubeide/plugins/com.st.stm32cube.ide.mcu.externaltools.gnu-tools-for-stm32.10.3-2021.10.win32_1.0.0.202111181127/tools/bin/../lib/gcc/arm-none-eabi/10.3.1/../../../../arm-none-eabi/lib/thumb/v7e-m+fp/hard\libnosys.a
END GROUP
LOAD c:/st/stm32cubeide_1.10.0/stm32cubeide/plugins/com.st.stm32cube.ide.mcu.externaltools.gnu-tools-for-stm32.10.3-2021.10.win32_1.0.0.202111181127/tools/bin/../lib/gcc/arm-none-eabi/10.3.1/thumb/v7e-m+fp/hard/crtend.o
LOAD c:/st/stm32cubeide_1.10.0/stm32cubeide/plugins/com.st.stm32cube.ide.mcu.externaltools.gnu-tools-for-stm32.10.3-2021.10.win32_1.0.0.202111181127/tools/bin/../lib/gcc/arm-none-eabi/10.3.1/thumb/v7e-m+fp/hard/crtn.o
                0x0000000020003000                _estack = (ORIGIN (RAM) + LENGTH (RAM))
                0x0000000000000200                _Min_Heap_Size = 0x200
                0x0000000000000400                _Min_Stack_Size = 0x400

.isr_vector     0x0000000008000000      0x188
                0x0000000008000000                . = ALIGN (0x4)
 *(.isr_vector)
 .isr_vector    0x0000000008000000      0x188 Core\Startup\startup_stm32f334r8tx.o
                0x0000000008000000                g_pfnVectors
                0x0000000008000188                . = ALIGN (0x4)

.text           0x0000000008000188     0x6000
                0x0000000008000188                . = ALIGN (0x4)
 *(.text)
 .text          0x0000000008000188       0x40 c:/st/stm32cubeide_1.10.0/stm32cubeide/plugins/com.st.stm32cube.ide.mcu.externaltools.gnu-tools-for-stm32.10.3-2021.10.win32_1.0.0.202111181127/tools/bin/../lib/gcc/arm-none-eabi/10.3.1/thumb/v7e-m+fp/hard/crtbegin.o
 *(.text*)
 .text.GAS_Can_txSetting
                0x00000000080001c8       0x30 Core\Src\GAS_Can.o
                0x00000000080001c8                GAS_Can_txSetting
 .text.GAS_Can_rxSetting
                0x00000000080001f8       0x78 Core\Src\GAS_Can.o
                0x00000000080001f8                GAS_Can_rxSetting
 .text.GAS_Can_init
                0x0000000008000270       0x2c Core\Src\GAS_Can.o
                0x0000000008000270                GAS_Can_init
 .text.GAS_Can_sendMessage
                0x000000000800029c       0xb8 Core\Src\GAS_Can.o
                0x000000000800029c                GAS_Can_sendMessage
 .text.HAL_CAN_RxFifo0MsgPendingCallback
                0x0000000008000354       0x34 Core\Src\GAS_Can.o
                0x0000000008000354                HAL_CAN_RxFifo0MsgPendingCallback
 .text.GAS_PWM_inputInit
                0x0000000008000388       0x2c Core\Src\GAS_PWM.o
                0x0000000008000388                GAS_PWM_inputInit
 .text.GAS_PWM_outputInit
                0x00000000080003b4       0x6c Core\Src\GAS_PWM.o
                0x00000000080003b4                GAS_PWM_outputInit
 .text.GAS_PWM_Fan_run
                0x0000000008000420       0x9c Core\Src\GAS_PWM.o
                0x0000000008000420                GAS_PWM_Fan_run
 .text.__NVIC_SetPriority
                0x00000000080004bc       0x54 Core\Src\GAS_Scheduler.o
 .text.SysTick_Config
                0x0000000008000510       0x44 Core\Src\GAS_Scheduler.o
 .text.GAS_Scheduler_init
                0x0000000008000554       0x30 Core\Src\GAS_Scheduler.o
                0x0000000008000554                GAS_Scheduler_init
 .text.GAS_Scheduler_taskCounter_1ms
                0x0000000008000584        0xe Core\Src\GAS_Scheduler.o
                0x0000000008000584                GAS_Scheduler_taskCounter_1ms
 .text.GAS_Scheduler_taskCounter_10ms
                0x0000000008000592        0xc Core\Src\GAS_Scheduler.o
                0x0000000008000592                GAS_Scheduler_taskCounter_10ms
 .text.GAS_Scheduler_taskCounter_100ms
                0x000000000800059e        0xc Core\Src\GAS_Scheduler.o
                0x000000000800059e                GAS_Scheduler_taskCounter_100ms
 *fill*         0x00000000080005aa        0x2 
 .text.GAS_Scheduler_taskCounter_1000ms
                0x00000000080005ac       0x20 Core\Src\GAS_Scheduler.o
                0x00000000080005ac                GAS_Scheduler_taskCounter_1000ms
 .text.HAL_SYSTICK_Callback
                0x00000000080005cc       0x8c Core\Src\GAS_Scheduler.o
                0x00000000080005cc                HAL_SYSTICK_Callback
 .text.GAS_Scheduler
                0x0000000008000658       0x5c Core\Src\GAS_Scheduler.o
                0x0000000008000658                GAS_Scheduler
 .text.MX_ADC1_Init
                0x00000000080006b4       0xfc Core\Src\adc.o
                0x00000000080006b4                MX_ADC1_Init
 .text.HAL_ADC_MspInit
                0x00000000080007b0      0x104 Core\Src\adc.o
                0x00000000080007b0                HAL_ADC_MspInit
 .text.MX_CAN_Init
                0x00000000080008b4       0x6c Core\Src\can.o
                0x00000000080008b4                MX_CAN_Init
 .text.HAL_CAN_MspInit
                0x0000000008000920       0xa8 Core\Src\can.o
                0x0000000008000920                HAL_CAN_MspInit
 .text.MX_DMA_Init
                0x00000000080009c8       0x3c Core\Src\dma.o
                0x00000000080009c8                MX_DMA_Init
 .text.MX_GPIO_Init
                0x0000000008000a04      0x140 Core\Src\gpio.o
                0x0000000008000a04                MX_GPIO_Init
 .text.main     0x0000000008000b44       0x3e Core\Src\main.o
                0x0000000008000b44                main
 .text.SystemClock_Config
                0x0000000008000b82       0xc2 Core\Src\main.o
                0x0000000008000b82                SystemClock_Config
 .text.Error_Handler
                0x0000000008000c44        0xa Core\Src\main.o
                0x0000000008000c44                Error_Handler
 *fill*         0x0000000008000c4e        0x2 
 .text.HAL_MspInit
                0x0000000008000c50       0x48 Core\Src\stm32f3xx_hal_msp.o
                0x0000000008000c50                HAL_MspInit
 .text.NMI_Handler
                0x0000000008000c98        0x6 Core\Src\stm32f3xx_it.o
                0x0000000008000c98                NMI_Handler
 .text.HardFault_Handler
                0x0000000008000c9e        0x6 Core\Src\stm32f3xx_it.o
                0x0000000008000c9e                HardFault_Handler
 .text.MemManage_Handler
                0x0000000008000ca4        0x6 Core\Src\stm32f3xx_it.o
                0x0000000008000ca4                MemManage_Handler
 .text.BusFault_Handler
                0x0000000008000caa        0x6 Core\Src\stm32f3xx_it.o
                0x0000000008000caa                BusFault_Handler
 .text.UsageFault_Handler
                0x0000000008000cb0        0x6 Core\Src\stm32f3xx_it.o
                0x0000000008000cb0                UsageFault_Handler
 .text.SVC_Handler
                0x0000000008000cb6        0xe Core\Src\stm32f3xx_it.o
                0x0000000008000cb6                SVC_Handler
 .text.DebugMon_Handler
                0x0000000008000cc4        0xe Core\Src\stm32f3xx_it.o
                0x0000000008000cc4                DebugMon_Handler
 .text.PendSV_Handler
                0x0000000008000cd2        0xe Core\Src\stm32f3xx_it.o
                0x0000000008000cd2                PendSV_Handler
 .text.SysTick_Handler
                0x0000000008000ce0       0x10 Core\Src\stm32f3xx_it.o
                0x0000000008000ce0                SysTick_Handler
 .text.DMA1_Channel1_IRQHandler
                0x0000000008000cf0       0x14 Core\Src\stm32f3xx_it.o
                0x0000000008000cf0                DMA1_Channel1_IRQHandler
 .text.CAN_RX0_IRQHandler
                0x0000000008000d04       0x14 Core\Src\stm32f3xx_it.o
                0x0000000008000d04                CAN_RX0_IRQHandler
 .text.CAN_RX1_IRQHandler
                0x0000000008000d18       0x14 Core\Src\stm32f3xx_it.o
                0x0000000008000d18                CAN_RX1_IRQHandler
 .text.SystemInit
                0x0000000008000d2c       0x24 Core\Src\system_stm32f3xx.o
                0x0000000008000d2c                SystemInit
 .text.MX_TIM1_Init
                0x0000000008000d50      0x150 Core\Src\tim.o
                0x0000000008000d50                MX_TIM1_Init
 .text.MX_TIM2_Init
                0x0000000008000ea0       0xe0 Core\Src\tim.o
                0x0000000008000ea0                MX_TIM2_Init
 .text.MX_TIM3_Init
                0x0000000008000f80       0xe0 Core\Src\tim.o
                0x0000000008000f80                MX_TIM3_Init
 .text.MX_TIM15_Init
                0x0000000008001060       0xac Core\Src\tim.o
                0x0000000008001060                MX_TIM15_Init
 .text.MX_TIM16_Init
                0x000000000800110c       0x94 Core\Src\tim.o
                0x000000000800110c                MX_TIM16_Init
 .text.MX_TIM17_Init
                0x00000000080011a0       0x94 Core\Src\tim.o
                0x00000000080011a0                MX_TIM17_Init
 .text.HAL_TIM_PWM_MspInit
                0x0000000008001234       0x8c Core\Src\tim.o
                0x0000000008001234                HAL_TIM_PWM_MspInit
 .text.HAL_TIM_IC_MspInit
                0x00000000080012c0       0x88 Core\Src\tim.o
                0x00000000080012c0                HAL_TIM_IC_MspInit
 .text.HAL_TIM_Base_MspInit
                0x0000000008001348       0xe8 Core\Src\tim.o
                0x0000000008001348                HAL_TIM_Base_MspInit
 .text.HAL_TIM_MspPostInit
                0x0000000008001430      0x138 Core\Src\tim.o
                0x0000000008001430                HAL_TIM_MspPostInit
 .text.Reset_Handler
                0x0000000008001568       0x50 Core\Startup\startup_stm32f334r8tx.o
                0x0000000008001568                Reset_Handler
 .text.Default_Handler
                0x00000000080015b8        0x2 Core\Startup\startup_stm32f334r8tx.o
                0x00000000080015b8                RTC_Alarm_IRQHandler
                0x00000000080015b8                HRTIM1_Master_IRQHandler
                0x00000000080015b8                TIM1_CC_IRQHandler
                0x00000000080015b8                HRTIM1_FLT_IRQHandler
                0x00000000080015b8                PVD_IRQHandler
                0x00000000080015b8                HRTIM1_TIMD_IRQHandler
                0x00000000080015b8                TAMP_STAMP_IRQHandler
                0x00000000080015b8                EXTI3_IRQHandler
                0x00000000080015b8                EXTI0_IRQHandler
                0x00000000080015b8                FPU_IRQHandler
                0x00000000080015b8                CAN_TX_IRQHandler
                0x00000000080015b8                TIM1_UP_TIM16_IRQHandler
                0x00000000080015b8                ADC1_2_IRQHandler
                0x00000000080015b8                HRTIM1_TIME_IRQHandler
                0x00000000080015b8                SPI1_IRQHandler
                0x00000000080015b8                CAN_SCE_IRQHandler
                0x00000000080015b8                HRTIM1_TIMC_IRQHandler
                0x00000000080015b8                DMA1_Channel4_IRQHandler
                0x00000000080015b8                USART3_IRQHandler
                0x00000000080015b8                DMA1_Channel7_IRQHandler
                0x00000000080015b8                TIM7_DAC2_IRQHandler
                0x00000000080015b8                I2C1_EV_IRQHandler
                0x00000000080015b8                DMA1_Channel6_IRQHandler
                0x00000000080015b8                TIM3_IRQHandler
                0x00000000080015b8                RCC_IRQHandler
                0x00000000080015b8                Default_Handler
                0x00000000080015b8                EXTI15_10_IRQHandler
                0x00000000080015b8                COMP2_IRQHandler
                0x00000000080015b8                HRTIM1_TIMA_IRQHandler
                0x00000000080015b8                TIM6_DAC1_IRQHandler
                0x00000000080015b8                EXTI9_5_IRQHandler
                0x00000000080015b8                RTC_WKUP_IRQHandler
                0x00000000080015b8                DMA1_Channel5_IRQHandler
                0x00000000080015b8                EXTI4_IRQHandler
                0x00000000080015b8                HRTIM1_TIMB_IRQHandler
                0x00000000080015b8                TIM1_TRG_COM_TIM17_IRQHandler
                0x00000000080015b8                DMA1_Channel3_IRQHandler
                0x00000000080015b8                WWDG_IRQHandler
                0x00000000080015b8                TIM2_IRQHandler
                0x00000000080015b8                EXTI1_IRQHandler
                0x00000000080015b8                COMP4_6_IRQHandler
                0x00000000080015b8                USART2_IRQHandler
                0x00000000080015b8                DMA1_Channel2_IRQHandler
                0x00000000080015b8                FLASH_IRQHandler
                0x00000000080015b8                USART1_IRQHandler
                0x00000000080015b8                I2C1_ER_IRQHandler
                0x00000000080015b8                EXTI2_TSC_IRQHandler
                0x00000000080015b8                TIM1_BRK_TIM15_IRQHandler
 *fill*         0x00000000080015ba        0x2 
 .text.HAL_Init
                0x00000000080015bc       0x2c Drivers\STM32F3xx_HAL_Driver\Src\stm32f3xx_hal.o
                0x00000000080015bc                HAL_Init
 .text.HAL_InitTick
                0x00000000080015e8       0x60 Drivers\STM32F3xx_HAL_Driver\Src\stm32f3xx_hal.o
                0x00000000080015e8                HAL_InitTick
 .text.HAL_IncTick
                0x0000000008001648       0x28 Drivers\STM32F3xx_HAL_Driver\Src\stm32f3xx_hal.o
                0x0000000008001648                HAL_IncTick
 .text.HAL_GetTick
                0x0000000008001670       0x18 Drivers\STM32F3xx_HAL_Driver\Src\stm32f3xx_hal.o
                0x0000000008001670                HAL_GetTick
 .text.HAL_ADC_Init
                0x0000000008001688      0x324 Drivers\STM32F3xx_HAL_Driver\Src\stm32f3xx_hal_adc_ex.o
                0x0000000008001688                HAL_ADC_Init
 .text.HAL_ADC_ConfigChannel
                0x00000000080019ac      0x580 Drivers\STM32F3xx_HAL_Driver\Src\stm32f3xx_hal_adc_ex.o
                0x00000000080019ac                HAL_ADC_ConfigChannel
 .text.HAL_ADCEx_MultiModeConfigChannel
                0x0000000008001f2c      0x18c Drivers\STM32F3xx_HAL_Driver\Src\stm32f3xx_hal_adc_ex.o
                0x0000000008001f2c                HAL_ADCEx_MultiModeConfigChannel
 .text.ADC_Disable
                0x00000000080020b8       0xcc Drivers\STM32F3xx_HAL_Driver\Src\stm32f3xx_hal_adc_ex.o
 .text.HAL_CAN_Init
                0x0000000008002184      0x1f6 Drivers\STM32F3xx_HAL_Driver\Src\stm32f3xx_hal_can.o
                0x0000000008002184                HAL_CAN_Init
 .text.HAL_CAN_ConfigFilter
                0x000000000800237a      0x194 Drivers\STM32F3xx_HAL_Driver\Src\stm32f3xx_hal_can.o
                0x000000000800237a                HAL_CAN_ConfigFilter
 .text.HAL_CAN_Start
                0x000000000800250e       0x88 Drivers\STM32F3xx_HAL_Driver\Src\stm32f3xx_hal_can.o
                0x000000000800250e                HAL_CAN_Start
 .text.HAL_CAN_AddTxMessage
                0x0000000008002596      0x1b6 Drivers\STM32F3xx_HAL_Driver\Src\stm32f3xx_hal_can.o
                0x0000000008002596                HAL_CAN_AddTxMessage
 .text.HAL_CAN_GetTxMailboxesFreeLevel
                0x000000000800274c       0x6a Drivers\STM32F3xx_HAL_Driver\Src\stm32f3xx_hal_can.o
                0x000000000800274c                HAL_CAN_GetTxMailboxesFreeLevel
 .text.HAL_CAN_GetRxMessage
                0x00000000080027b6      0x224 Drivers\STM32F3xx_HAL_Driver\Src\stm32f3xx_hal_can.o
                0x00000000080027b6                HAL_CAN_GetRxMessage
 .text.HAL_CAN_ActivateNotification
                0x00000000080029da       0x4c Drivers\STM32F3xx_HAL_Driver\Src\stm32f3xx_hal_can.o
                0x00000000080029da                HAL_CAN_ActivateNotification
 .text.HAL_CAN_IRQHandler
                0x0000000008002a26      0x36e Drivers\STM32F3xx_HAL_Driver\Src\stm32f3xx_hal_can.o
                0x0000000008002a26                HAL_CAN_IRQHandler
 .text.HAL_CAN_TxMailbox0CompleteCallback
                0x0000000008002d94       0x14 Drivers\STM32F3xx_HAL_Driver\Src\stm32f3xx_hal_can.o
                0x0000000008002d94                HAL_CAN_TxMailbox0CompleteCallback
 .text.HAL_CAN_TxMailbox1CompleteCallback
                0x0000000008002da8       0x14 Drivers\STM32F3xx_HAL_Driver\Src\stm32f3xx_hal_can.o
                0x0000000008002da8                HAL_CAN_TxMailbox1CompleteCallback
 .text.HAL_CAN_TxMailbox2CompleteCallback
                0x0000000008002dbc       0x14 Drivers\STM32F3xx_HAL_Driver\Src\stm32f3xx_hal_can.o
                0x0000000008002dbc                HAL_CAN_TxMailbox2CompleteCallback
 .text.HAL_CAN_TxMailbox0AbortCallback
                0x0000000008002dd0       0x14 Drivers\STM32F3xx_HAL_Driver\Src\stm32f3xx_hal_can.o
                0x0000000008002dd0                HAL_CAN_TxMailbox0AbortCallback
 .text.HAL_CAN_TxMailbox1AbortCallback
                0x0000000008002de4       0x14 Drivers\STM32F3xx_HAL_Driver\Src\stm32f3xx_hal_can.o
                0x0000000008002de4                HAL_CAN_TxMailbox1AbortCallback
 .text.HAL_CAN_TxMailbox2AbortCallback
                0x0000000008002df8       0x14 Drivers\STM32F3xx_HAL_Driver\Src\stm32f3xx_hal_can.o
                0x0000000008002df8                HAL_CAN_TxMailbox2AbortCallback
 .text.HAL_CAN_RxFifo0FullCallback
                0x0000000008002e0c       0x14 Drivers\STM32F3xx_HAL_Driver\Src\stm32f3xx_hal_can.o
                0x0000000008002e0c                HAL_CAN_RxFifo0FullCallback
 .text.HAL_CAN_RxFifo1MsgPendingCallback
                0x0000000008002e20       0x14 Drivers\STM32F3xx_HAL_Driver\Src\stm32f3xx_hal_can.o
                0x0000000008002e20                HAL_CAN_RxFifo1MsgPendingCallback
 .text.HAL_CAN_RxFifo1FullCallback
                0x0000000008002e34       0x14 Drivers\STM32F3xx_HAL_Driver\Src\stm32f3xx_hal_can.o
                0x0000000008002e34                HAL_CAN_RxFifo1FullCallback
 .text.HAL_CAN_SleepCallback
                0x0000000008002e48       0x14 Drivers\STM32F3xx_HAL_Driver\Src\stm32f3xx_hal_can.o
                0x0000000008002e48                HAL_CAN_SleepCallback
 .text.HAL_CAN_WakeUpFromRxMsgCallback
                0x0000000008002e5c       0x14 Drivers\STM32F3xx_HAL_Driver\Src\stm32f3xx_hal_can.o
                0x0000000008002e5c                HAL_CAN_WakeUpFromRxMsgCallback
 .text.HAL_CAN_ErrorCallback
                0x0000000008002e70       0x14 Drivers\STM32F3xx_HAL_Driver\Src\stm32f3xx_hal_can.o
                0x0000000008002e70                HAL_CAN_ErrorCallback
 .text.__NVIC_SetPriorityGrouping
                0x0000000008002e84       0x48 Drivers\STM32F3xx_HAL_Driver\Src\stm32f3xx_hal_cortex.o
 .text.__NVIC_GetPriorityGrouping
                0x0000000008002ecc       0x1c Drivers\STM32F3xx_HAL_Driver\Src\stm32f3xx_hal_cortex.o
 .text.__NVIC_EnableIRQ
                0x0000000008002ee8       0x3c Drivers\STM32F3xx_HAL_Driver\Src\stm32f3xx_hal_cortex.o
 .text.__NVIC_SetPriority
                0x0000000008002f24       0x54 Drivers\STM32F3xx_HAL_Driver\Src\stm32f3xx_hal_cortex.o
 .text.NVIC_EncodePriority
                0x0000000008002f78       0x66 Drivers\STM32F3xx_HAL_Driver\Src\stm32f3xx_hal_cortex.o
 *fill*         0x0000000008002fde        0x2 
 .text.SysTick_Config
                0x0000000008002fe0       0x44 Drivers\STM32F3xx_HAL_Driver\Src\stm32f3xx_hal_cortex.o
 .text.HAL_NVIC_SetPriorityGrouping
                0x0000000008003024       0x16 Drivers\STM32F3xx_HAL_Driver\Src\stm32f3xx_hal_cortex.o
                0x0000000008003024                HAL_NVIC_SetPriorityGrouping
 .text.HAL_NVIC_SetPriority
                0x000000000800303a       0x38 Drivers\STM32F3xx_HAL_Driver\Src\stm32f3xx_hal_cortex.o
                0x000000000800303a                HAL_NVIC_SetPriority
 .text.HAL_NVIC_EnableIRQ
                0x0000000008003072       0x1c Drivers\STM32F3xx_HAL_Driver\Src\stm32f3xx_hal_cortex.o
                0x0000000008003072                HAL_NVIC_EnableIRQ
 .text.HAL_SYSTICK_Config
                0x000000000800308e       0x18 Drivers\STM32F3xx_HAL_Driver\Src\stm32f3xx_hal_cortex.o
                0x000000000800308e                HAL_SYSTICK_Config
 .text.HAL_SYSTICK_IRQHandler
                0x00000000080030a6        0xc Drivers\STM32F3xx_HAL_Driver\Src\stm32f3xx_hal_cortex.o
                0x00000000080030a6                HAL_SYSTICK_IRQHandler
 .text.HAL_DMA_Init
                0x00000000080030b2       0x8e Drivers\STM32F3xx_HAL_Driver\Src\stm32f3xx_hal_dma.o
                0x00000000080030b2                HAL_DMA_Init
 .text.HAL_DMA_IRQHandler
                0x0000000008003140      0x146 Drivers\STM32F3xx_HAL_Driver\Src\stm32f3xx_hal_dma.o
                0x0000000008003140                HAL_DMA_IRQHandler
 *fill*         0x0000000008003286        0x2 
 .text.DMA_CalcBaseAndBitshift
                0x0000000008003288       0x40 Drivers\STM32F3xx_HAL_Driver\Src\stm32f3xx_hal_dma.o
 .text.HAL_GPIO_Init
                0x00000000080032c8      0x2e4 Drivers\STM32F3xx_HAL_Driver\Src\stm32f3xx_hal_gpio.o
                0x00000000080032c8                HAL_GPIO_Init
 .text.HAL_GPIO_ReadPin
                0x00000000080035ac       0x30 Drivers\STM32F3xx_HAL_Driver\Src\stm32f3xx_hal_gpio.o
                0x00000000080035ac                HAL_GPIO_ReadPin
 .text.HAL_GPIO_WritePin
                0x00000000080035dc       0x30 Drivers\STM32F3xx_HAL_Driver\Src\stm32f3xx_hal_gpio.o
                0x00000000080035dc                HAL_GPIO_WritePin
 .text.HAL_GPIO_TogglePin
                0x000000000800360c       0x34 Drivers\STM32F3xx_HAL_Driver\Src\stm32f3xx_hal_gpio.o
                0x000000000800360c                HAL_GPIO_TogglePin
 .text.HAL_RCC_OscConfig
                0x0000000008003640     0x107c Drivers\STM32F3xx_HAL_Driver\Src\stm32f3xx_hal_rcc.o
                0x0000000008003640                HAL_RCC_OscConfig
 .text.HAL_RCC_ClockConfig
                0x00000000080046bc      0x2f8 Drivers\STM32F3xx_HAL_Driver\Src\stm32f3xx_hal_rcc.o
                0x00000000080046bc                HAL_RCC_ClockConfig
 .text.HAL_RCC_GetSysClockFreq
                0x00000000080049b4       0xd4 Drivers\STM32F3xx_HAL_Driver\Src\stm32f3xx_hal_rcc.o
                0x00000000080049b4                HAL_RCC_GetSysClockFreq
 .text.HAL_RCCEx_PeriphCLKConfig
                0x0000000008004a88      0x26c Drivers\STM32F3xx_HAL_Driver\Src\stm32f3xx_hal_rcc_ex.o
                0x0000000008004a88                HAL_RCCEx_PeriphCLKConfig
 .text.HAL_TIM_Base_Init
                0x0000000008004cf4       0xae Drivers\STM32F3xx_HAL_Driver\Src\stm32f3xx_hal_tim.o
                0x0000000008004cf4                HAL_TIM_Base_Init
 .text.HAL_TIM_PWM_Init
                0x0000000008004da2       0xae Drivers\STM32F3xx_HAL_Driver\Src\stm32f3xx_hal_tim.o
                0x0000000008004da2                HAL_TIM_PWM_Init
 .text.HAL_TIM_PWM_Start
                0x0000000008004e50      0x1d8 Drivers\STM32F3xx_HAL_Driver\Src\stm32f3xx_hal_tim.o
                0x0000000008004e50                HAL_TIM_PWM_Start
 .text.HAL_TIM_IC_Init
                0x0000000008005028       0xae Drivers\STM32F3xx_HAL_Driver\Src\stm32f3xx_hal_tim.o
                0x0000000008005028                HAL_TIM_IC_Init
 *fill*         0x00000000080050d6        0x2 
 .text.HAL_TIM_IC_Start_IT
                0x00000000080050d8      0x268 Drivers\STM32F3xx_HAL_Driver\Src\stm32f3xx_hal_tim.o
                0x00000000080050d8                HAL_TIM_IC_Start_IT
 .text.HAL_TIM_IC_ConfigChannel
                0x0000000008005340      0x138 Drivers\STM32F3xx_HAL_Driver\Src\stm32f3xx_hal_tim.o
                0x0000000008005340                HAL_TIM_IC_ConfigChannel
 .text.HAL_TIM_PWM_ConfigChannel
                0x0000000008005478      0x228 Drivers\STM32F3xx_HAL_Driver\Src\stm32f3xx_hal_tim.o
                0x0000000008005478                HAL_TIM_PWM_ConfigChannel
 .text.TIM_Base_SetConfig
                0x00000000080056a0       0xf0 Drivers\STM32F3xx_HAL_Driver\Src\stm32f3xx_hal_tim.o
                0x00000000080056a0                TIM_Base_SetConfig
 .text.TIM_OC1_SetConfig
                0x0000000008005790      0x10c Drivers\STM32F3xx_HAL_Driver\Src\stm32f3xx_hal_tim.o
 .text.TIM_OC2_SetConfig
                0x000000000800589c      0x100 Drivers\STM32F3xx_HAL_Driver\Src\stm32f3xx_hal_tim.o
                0x000000000800589c                TIM_OC2_SetConfig
 .text.TIM_OC3_SetConfig
                0x000000000800599c       0xfc Drivers\STM32F3xx_HAL_Driver\Src\stm32f3xx_hal_tim.o
 .text.TIM_OC4_SetConfig
                0x0000000008005a98       0xc8 Drivers\STM32F3xx_HAL_Driver\Src\stm32f3xx_hal_tim.o
 .text.TIM_OC5_SetConfig
                0x0000000008005b60       0xbc Drivers\STM32F3xx_HAL_Driver\Src\stm32f3xx_hal_tim.o
 .text.TIM_OC6_SetConfig
                0x0000000008005c1c       0xc0 Drivers\STM32F3xx_HAL_Driver\Src\stm32f3xx_hal_tim.o
 .text.TIM_TI1_SetConfig
                0x0000000008005cdc       0xb8 Drivers\STM32F3xx_HAL_Driver\Src\stm32f3xx_hal_tim.o
                0x0000000008005cdc                TIM_TI1_SetConfig
 .text.TIM_TI2_SetConfig
                0x0000000008005d94       0x7a Drivers\STM32F3xx_HAL_Driver\Src\stm32f3xx_hal_tim.o
 .text.TIM_TI3_SetConfig
                0x0000000008005e0e       0x78 Drivers\STM32F3xx_HAL_Driver\Src\stm32f3xx_hal_tim.o
 .text.TIM_TI4_SetConfig
                0x0000000008005e86       0x7a Drivers\STM32F3xx_HAL_Driver\Src\stm32f3xx_hal_tim.o
 .text.TIM_CCxChannelCmd
                0x0000000008005f00       0x4a Drivers\STM32F3xx_HAL_Driver\Src\stm32f3xx_hal_tim.o
                0x0000000008005f00                TIM_CCxChannelCmd
 *fill*         0x0000000008005f4a        0x2 
 .text.HAL_TIMEx_MasterConfigSynchronization
                0x0000000008005f4c       0xdc Drivers\STM32F3xx_HAL_Driver\Src\stm32f3xx_hal_tim_ex.o
                0x0000000008005f4c                HAL_TIMEx_MasterConfigSynchronization
 .text.HAL_TIMEx_ConfigBreakDeadTime
                0x0000000008006028       0xf0 Drivers\STM32F3xx_HAL_Driver\Src\stm32f3xx_hal_tim_ex.o
                0x0000000008006028                HAL_TIMEx_ConfigBreakDeadTime
 .text.__libc_init_array
                0x0000000008006118       0x48 c:/st/stm32cubeide_1.10.0/stm32cubeide/plugins/com.st.stm32cube.ide.mcu.externaltools.gnu-tools-for-stm32.10.3-2021.10.win32_1.0.0.202111181127/tools/bin/../lib/gcc/arm-none-eabi/10.3.1/../../../../arm-none-eabi/lib/thumb/v7e-m+fp/hard\libc_nano.a(lib_a-init.o)
                0x0000000008006118                __libc_init_array
 .text.memset   0x0000000008006160       0x10 c:/st/stm32cubeide_1.10.0/stm32cubeide/plugins/com.st.stm32cube.ide.mcu.externaltools.gnu-tools-for-stm32.10.3-2021.10.win32_1.0.0.202111181127/tools/bin/../lib/gcc/arm-none-eabi/10.3.1/../../../../arm-none-eabi/lib/thumb/v7e-m+fp/hard\libc_nano.a(lib_a-memset.o)
                0x0000000008006160                memset
 *(.glue_7)
 .glue_7        0x0000000008006170        0x0 linker stubs
 *(.glue_7t)
 .glue_7t       0x0000000008006170        0x0 linker stubs
 *(.eh_frame)
 .eh_frame      0x0000000008006170        0x0 c:/st/stm32cubeide_1.10.0/stm32cubeide/plugins/com.st.stm32cube.ide.mcu.externaltools.gnu-tools-for-stm32.10.3-2021.10.win32_1.0.0.202111181127/tools/bin/../lib/gcc/arm-none-eabi/10.3.1/thumb/v7e-m+fp/hard/crtbegin.o
 *(.init)
 .init          0x0000000008006170        0x4 c:/st/stm32cubeide_1.10.0/stm32cubeide/plugins/com.st.stm32cube.ide.mcu.externaltools.gnu-tools-for-stm32.10.3-2021.10.win32_1.0.0.202111181127/tools/bin/../lib/gcc/arm-none-eabi/10.3.1/thumb/v7e-m+fp/hard/crti.o
                0x0000000008006170                _init
 .init          0x0000000008006174        0x8 c:/st/stm32cubeide_1.10.0/stm32cubeide/plugins/com.st.stm32cube.ide.mcu.externaltools.gnu-tools-for-stm32.10.3-2021.10.win32_1.0.0.202111181127/tools/bin/../lib/gcc/arm-none-eabi/10.3.1/thumb/v7e-m+fp/hard/crtn.o
 *(.fini)
 .fini          0x000000000800617c        0x4 c:/st/stm32cubeide_1.10.0/stm32cubeide/plugins/com.st.stm32cube.ide.mcu.externaltools.gnu-tools-for-stm32.10.3-2021.10.win32_1.0.0.202111181127/tools/bin/../lib/gcc/arm-none-eabi/10.3.1/thumb/v7e-m+fp/hard/crti.o
                0x000000000800617c                _fini
 .fini          0x0000000008006180        0x8 c:/st/stm32cubeide_1.10.0/stm32cubeide/plugins/com.st.stm32cube.ide.mcu.externaltools.gnu-tools-for-stm32.10.3-2021.10.win32_1.0.0.202111181127/tools/bin/../lib/gcc/arm-none-eabi/10.3.1/thumb/v7e-m+fp/hard/crtn.o
                0x0000000008006188                . = ALIGN (0x4)
                0x0000000008006188                _etext = .

.vfp11_veneer   0x0000000008006188        0x0
 .vfp11_veneer  0x0000000008006188        0x0 linker stubs

.v4_bx          0x0000000008006188        0x0
 .v4_bx         0x0000000008006188        0x0 linker stubs

.iplt           0x0000000008006188        0x0
 .iplt          0x0000000008006188        0x0 c:/st/stm32cubeide_1.10.0/stm32cubeide/plugins/com.st.stm32cube.ide.mcu.externaltools.gnu-tools-for-stm32.10.3-2021.10.win32_1.0.0.202111181127/tools/bin/../lib/gcc/arm-none-eabi/10.3.1/thumb/v7e-m+fp/hard/crtbegin.o

.rodata         0x0000000008006188       0x30
                0x0000000008006188                . = ALIGN (0x4)
 *(.rodata)
 *(.rodata*)
 .rodata.AHBPrescTable
                0x0000000008006188       0x10 Core\Src\system_stm32f3xx.o
                0x0000000008006188                AHBPrescTable
 .rodata.aPLLMULFactorTable
                0x0000000008006198       0x10 Drivers\STM32F3xx_HAL_Driver\Src\stm32f3xx_hal_rcc.o
                0x0000000008006198                aPLLMULFactorTable
 .rodata.aPredivFactorTable
                0x00000000080061a8       0x10 Drivers\STM32F3xx_HAL_Driver\Src\stm32f3xx_hal_rcc.o
                0x00000000080061a8                aPredivFactorTable
                0x00000000080061b8                . = ALIGN (0x4)

.rel.dyn        0x00000000080061b8        0x0
 .rel.iplt      0x00000000080061b8        0x0 c:/st/stm32cubeide_1.10.0/stm32cubeide/plugins/com.st.stm32cube.ide.mcu.externaltools.gnu-tools-for-stm32.10.3-2021.10.win32_1.0.0.202111181127/tools/bin/../lib/gcc/arm-none-eabi/10.3.1/thumb/v7e-m+fp/hard/crtbegin.o

.ARM.extab      0x00000000080061b8        0x0
                0x00000000080061b8                . = ALIGN (0x4)
 *(.ARM.extab* .gnu.linkonce.armextab.*)
                0x00000000080061b8                . = ALIGN (0x4)

.ARM            0x00000000080061b8        0x0
                0x00000000080061b8                . = ALIGN (0x4)
                0x00000000080061b8                __exidx_start = .
 *(.ARM.exidx*)
                0x00000000080061b8                __exidx_end = .
                0x00000000080061b8                . = ALIGN (0x4)

.preinit_array  0x00000000080061b8        0x0
                0x00000000080061b8                . = ALIGN (0x4)
                0x00000000080061b8                PROVIDE (__preinit_array_start = .)
 *(.preinit_array*)
                0x00000000080061b8                PROVIDE (__preinit_array_end = .)
                0x00000000080061b8                . = ALIGN (0x4)

.init_array     0x00000000080061b8        0x4
                0x00000000080061b8                . = ALIGN (0x4)
                0x00000000080061b8                PROVIDE (__init_array_start = .)
 *(SORT_BY_NAME(.init_array.*))
 *(.init_array*)
 .init_array    0x00000000080061b8        0x4 c:/st/stm32cubeide_1.10.0/stm32cubeide/plugins/com.st.stm32cube.ide.mcu.externaltools.gnu-tools-for-stm32.10.3-2021.10.win32_1.0.0.202111181127/tools/bin/../lib/gcc/arm-none-eabi/10.3.1/thumb/v7e-m+fp/hard/crtbegin.o
                0x00000000080061bc                PROVIDE (__init_array_end = .)
                0x00000000080061bc                . = ALIGN (0x4)

.fini_array     0x00000000080061bc        0x4
                0x00000000080061bc                . = ALIGN (0x4)
                [!provide]                        PROVIDE (__fini_array_start = .)
 *(SORT_BY_NAME(.fini_array.*))
 *(.fini_array*)
 .fini_array    0x00000000080061bc        0x4 c:/st/stm32cubeide_1.10.0/stm32cubeide/plugins/com.st.stm32cube.ide.mcu.externaltools.gnu-tools-for-stm32.10.3-2021.10.win32_1.0.0.202111181127/tools/bin/../lib/gcc/arm-none-eabi/10.3.1/thumb/v7e-m+fp/hard/crtbegin.o
                [!provide]                        PROVIDE (__fini_array_end = .)
                0x00000000080061c0                . = ALIGN (0x4)
                0x00000000080061c0                _sidata = LOADADDR (.data)

.data           0x0000000020000000       0x14 load address 0x00000000080061c0
                0x0000000020000000                . = ALIGN (0x4)
                0x0000000020000000                _sdata = .
 *(.data)
 *(.data*)
 .data.BatteryInsideID
                0x0000000020000000        0x4 Core\Src\GAS_Can.o
                0x0000000020000000                BatteryInsideID
 .data.BatteryFanCnt
                0x0000000020000004        0x4 Core\Src\GAS_Can.o
                0x0000000020000004                BatteryFanCnt
 .data.SystemCoreClock
                0x0000000020000008        0x4 Core\Src\system_stm32f3xx.o
                0x0000000020000008                SystemCoreClock
 .data.uwTickPrio
                0x000000002000000c        0x4 Drivers\STM32F3xx_HAL_Driver\Src\stm32f3xx_hal.o
                0x000000002000000c                uwTickPrio
 .data.uwTickFreq
                0x0000000020000010        0x1 Drivers\STM32F3xx_HAL_Driver\Src\stm32f3xx_hal.o
                0x0000000020000010                uwTickFreq
 *(.RamFunc)
 *(.RamFunc*)
                0x0000000020000014                . = ALIGN (0x4)
 *fill*         0x0000000020000011        0x3 
                0x0000000020000014                _edata = .

.igot.plt       0x0000000020000014        0x0 load address 0x00000000080061d4
 .igot.plt      0x0000000020000014        0x0 c:/st/stm32cubeide_1.10.0/stm32cubeide/plugins/com.st.stm32cube.ide.mcu.externaltools.gnu-tools-for-stm32.10.3-2021.10.win32_1.0.0.202111181127/tools/bin/../lib/gcc/arm-none-eabi/10.3.1/thumb/v7e-m+fp/hard/crtbegin.o
                0x0000000020000014                . = ALIGN (0x4)

.bss            0x0000000020000014      0x31c load address 0x00000000080061d4
                0x0000000020000014                _sbss = .
                0x0000000020000014                __bss_start__ = _sbss
 *(.bss)
 .bss           0x0000000020000014       0x1c c:/st/stm32cubeide_1.10.0/stm32cubeide/plugins/com.st.stm32cube.ide.mcu.externaltools.gnu-tools-for-stm32.10.3-2021.10.win32_1.0.0.202111181127/tools/bin/../lib/gcc/arm-none-eabi/10.3.1/thumb/v7e-m+fp/hard/crtbegin.o
 *(.bss*)
 .bss.sFilterConfig
                0x0000000020000030       0x28 Core\Src\GAS_Can.o
                0x0000000020000030                sFilterConfig
 .bss.canRxHeader
                0x0000000020000058       0x1c Core\Src\GAS_Can.o
                0x0000000020000058                canRxHeader
 .bss.canTxHeader
                0x0000000020000074       0x18 Core\Src\GAS_Can.o
                0x0000000020000074                canTxHeader
 .bss.TxMailBox
                0x000000002000008c        0x4 Core\Src\GAS_Can.o
                0x000000002000008c                TxMailBox
 .bss.R_BatteryTemp
                0x0000000020000090        0x8 Core\Src\GAS_Can.o
                0x0000000020000090                R_BatteryTemp
 .bss.T_BatteryDiagnose
                0x0000000020000098        0x8 Core\Src\GAS_Can.o
                0x0000000020000098                T_BatteryDiagnose
 .bss.gTimerCnt
                0x00000000200000a0        0x4 Core\Src\GAS_Scheduler.o
                0x00000000200000a0                gTimerCnt
 .bss.gTask     0x00000000200000a4        0x4 Core\Src\GAS_Scheduler.o
                0x00000000200000a4                gTask
 .bss.hadc1     0x00000000200000a8       0x50 Core\Src\adc.o
                0x00000000200000a8                hadc1
 .bss.hdma_adc1
                0x00000000200000f8       0x44 Core\Src\adc.o
                0x00000000200000f8                hdma_adc1
 .bss.hcan      0x000000002000013c       0x28 Core\Src\can.o
                0x000000002000013c                hcan
 .bss.htim1     0x0000000020000164       0x4c Core\Src\tim.o
                0x0000000020000164                htim1
 .bss.htim2     0x00000000200001b0       0x4c Core\Src\tim.o
                0x00000000200001b0                htim2
 .bss.htim3     0x00000000200001fc       0x4c Core\Src\tim.o
                0x00000000200001fc                htim3
 .bss.htim15    0x0000000020000248       0x4c Core\Src\tim.o
                0x0000000020000248                htim15
 .bss.htim16    0x0000000020000294       0x4c Core\Src\tim.o
                0x0000000020000294                htim16
 .bss.htim17    0x00000000200002e0       0x4c Core\Src\tim.o
                0x00000000200002e0                htim17
 .bss.uwTick    0x000000002000032c        0x4 Drivers\STM32F3xx_HAL_Driver\Src\stm32f3xx_hal.o
                0x000000002000032c                uwTick
 *(COMMON)
                0x0000000020000330                . = ALIGN (0x4)
                0x0000000020000330                _ebss = .
                0x0000000020000330                __bss_end__ = _ebss

._user_heap_stack
                0x0000000020000330      0x600 load address 0x00000000080061d4
                0x0000000020000330                . = ALIGN (0x8)
                [!provide]                        PROVIDE (end = .)
                0x0000000020000330                PROVIDE (_end = .)
                0x0000000020000530                . = (. + _Min_Heap_Size)
 *fill*         0x0000000020000330      0x200 
                0x0000000020000930                . = (. + _Min_Stack_Size)
 *fill*         0x0000000020000530      0x400 
                0x0000000020000930                . = ALIGN (0x8)

/DISCARD/
 libc.a(*)
 libm.a(*)
 libgcc.a(*)

.ARM.attributes
                0x0000000000000000       0x30
 *(.ARM.attributes)
 .ARM.attributes
                0x0000000000000000       0x1e c:/st/stm32cubeide_1.10.0/stm32cubeide/plugins/com.st.stm32cube.ide.mcu.externaltools.gnu-tools-for-stm32.10.3-2021.10.win32_1.0.0.202111181127/tools/bin/../lib/gcc/arm-none-eabi/10.3.1/thumb/v7e-m+fp/hard/crti.o
 .ARM.attributes
                0x000000000000001e       0x34 c:/st/stm32cubeide_1.10.0/stm32cubeide/plugins/com.st.stm32cube.ide.mcu.externaltools.gnu-tools-for-stm32.10.3-2021.10.win32_1.0.0.202111181127/tools/bin/../lib/gcc/arm-none-eabi/10.3.1/thumb/v7e-m+fp/hard/crtbegin.o
 .ARM.attributes
                0x0000000000000052       0x34 Core\Src\GAS_Can.o
 .ARM.attributes
                0x0000000000000086       0x34 Core\Src\GAS_PWM.o
 .ARM.attributes
                0x00000000000000ba       0x34 Core\Src\GAS_Scheduler.o
 .ARM.attributes
                0x00000000000000ee       0x34 Core\Src\adc.o
 .ARM.attributes
                0x0000000000000122       0x34 Core\Src\can.o
 .ARM.attributes
                0x0000000000000156       0x34 Core\Src\dma.o
 .ARM.attributes
                0x000000000000018a       0x34 Core\Src\gpio.o
 .ARM.attributes
                0x00000000000001be       0x34 Core\Src\main.o
 .ARM.attributes
                0x00000000000001f2       0x34 Core\Src\stm32f3xx_hal_msp.o
 .ARM.attributes
                0x0000000000000226       0x34 Core\Src\stm32f3xx_it.o
 .ARM.attributes
                0x000000000000025a       0x34 Core\Src\system_stm32f3xx.o
 .ARM.attributes
                0x000000000000028e       0x34 Core\Src\tim.o
 .ARM.attributes
                0x00000000000002c2       0x21 Core\Startup\startup_stm32f334r8tx.o
 .ARM.attributes
                0x00000000000002e3       0x34 Drivers\STM32F3xx_HAL_Driver\Src\stm32f3xx_hal.o
 .ARM.attributes
                0x0000000000000317       0x34 Drivers\STM32F3xx_HAL_Driver\Src\stm32f3xx_hal_adc_ex.o
 .ARM.attributes
                0x000000000000034b       0x34 Drivers\STM32F3xx_HAL_Driver\Src\stm32f3xx_hal_can.o
 .ARM.attributes
                0x000000000000037f       0x34 Drivers\STM32F3xx_HAL_Driver\Src\stm32f3xx_hal_cortex.o
 .ARM.attributes
                0x00000000000003b3       0x34 Drivers\STM32F3xx_HAL_Driver\Src\stm32f3xx_hal_dma.o
 .ARM.attributes
                0x00000000000003e7       0x34 Drivers\STM32F3xx_HAL_Driver\Src\stm32f3xx_hal_gpio.o
 .ARM.attributes
                0x000000000000041b       0x34 Drivers\STM32F3xx_HAL_Driver\Src\stm32f3xx_hal_rcc.o
 .ARM.attributes
                0x000000000000044f       0x34 Drivers\STM32F3xx_HAL_Driver\Src\stm32f3xx_hal_rcc_ex.o
 .ARM.attributes
                0x0000000000000483       0x34 Drivers\STM32F3xx_HAL_Driver\Src\stm32f3xx_hal_tim.o
 .ARM.attributes
                0x00000000000004b7       0x34 Drivers\STM32F3xx_HAL_Driver\Src\stm32f3xx_hal_tim_ex.o
 .ARM.attributes
                0x00000000000004eb       0x34 c:/st/stm32cubeide_1.10.0/stm32cubeide/plugins/com.st.stm32cube.ide.mcu.externaltools.gnu-tools-for-stm32.10.3-2021.10.win32_1.0.0.202111181127/tools/bin/../lib/gcc/arm-none-eabi/10.3.1/../../../../arm-none-eabi/lib/thumb/v7e-m+fp/hard\libc_nano.a(lib_a-init.o)
 .ARM.attributes
                0x000000000000051f       0x34 c:/st/stm32cubeide_1.10.0/stm32cubeide/plugins/com.st.stm32cube.ide.mcu.externaltools.gnu-tools-for-stm32.10.3-2021.10.win32_1.0.0.202111181127/tools/bin/../lib/gcc/arm-none-eabi/10.3.1/../../../../arm-none-eabi/lib/thumb/v7e-m+fp/hard\libc_nano.a(lib_a-memset.o)
 .ARM.attributes
                0x0000000000000553       0x1e c:/st/stm32cubeide_1.10.0/stm32cubeide/plugins/com.st.stm32cube.ide.mcu.externaltools.gnu-tools-for-stm32.10.3-2021.10.win32_1.0.0.202111181127/tools/bin/../lib/gcc/arm-none-eabi/10.3.1/thumb/v7e-m+fp/hard/crtn.o
OUTPUT(STM32F334R8_BatteryLVControl_1.elf elf32-littlearm)
LOAD linker stubs
LOAD c:/st/stm32cubeide_1.10.0/stm32cubeide/plugins/com.st.stm32cube.ide.mcu.externaltools.gnu-tools-for-stm32.10.3-2021.10.win32_1.0.0.202111181127/tools/bin/../lib/gcc/arm-none-eabi/10.3.1/../../../../arm-none-eabi/lib/thumb/v7e-m+fp/hard\libc.a
LOAD c:/st/stm32cubeide_1.10.0/stm32cubeide/plugins/com.st.stm32cube.ide.mcu.externaltools.gnu-tools-for-stm32.10.3-2021.10.win32_1.0.0.202111181127/tools/bin/../lib/gcc/arm-none-eabi/10.3.1/../../../../arm-none-eabi/lib/thumb/v7e-m+fp/hard\libm.a
LOAD c:/st/stm32cubeide_1.10.0/stm32cubeide/plugins/com.st.stm32cube.ide.mcu.externaltools.gnu-tools-for-stm32.10.3-2021.10.win32_1.0.0.202111181127/tools/bin/../lib/gcc/arm-none-eabi/10.3.1/thumb/v7e-m+fp/hard\libgcc.a

.debug_info     0x0000000000000000    0x100ce
 .debug_info    0x0000000000000000      0xaa6 Core\Src\GAS_Can.o
 .debug_info    0x0000000000000aa6      0xa73 Core\Src\GAS_PWM.o
 .debug_info    0x0000000000001519      0x8c9 Core\Src\GAS_Scheduler.o
 .debug_info    0x0000000000001de2      0xb1b Core\Src\adc.o
 .debug_info    0x00000000000028fd      0x97d Core\Src\can.o
 .debug_info    0x000000000000327a      0x33a Core\Src\dma.o
 .debug_info    0x00000000000035b4      0x383 Core\Src\gpio.o
 .debug_info    0x0000000000003937      0x3fa Core\Src\main.o
 .debug_info    0x0000000000003d31      0x1aa Core\Src\stm32f3xx_hal_msp.o
 .debug_info    0x0000000000003edb      0x7bd Core\Src\stm32f3xx_it.o
 .debug_info    0x0000000000004698      0x416 Core\Src\system_stm32f3xx.o
 .debug_info    0x0000000000004aae      0xfe8 Core\Src\tim.o
 .debug_info    0x0000000000005a96       0x22 Core\Startup\startup_stm32f334r8tx.o
 .debug_info    0x0000000000005ab8      0x7a7 Drivers\STM32F3xx_HAL_Driver\Src\stm32f3xx_hal.o
 .debug_info    0x000000000000625f     0x16b2 Drivers\STM32F3xx_HAL_Driver\Src\stm32f3xx_hal_adc_ex.o
 .debug_info    0x0000000000007911      0xfb3 Drivers\STM32F3xx_HAL_Driver\Src\stm32f3xx_hal_can.o
 .debug_info    0x00000000000088c4      0xb4a Drivers\STM32F3xx_HAL_Driver\Src\stm32f3xx_hal_cortex.o
 .debug_info    0x000000000000940e      0x757 Drivers\STM32F3xx_HAL_Driver\Src\stm32f3xx_hal_dma.o
 .debug_info    0x0000000000009b65      0x74e Drivers\STM32F3xx_HAL_Driver\Src\stm32f3xx_hal_gpio.o
 .debug_info    0x000000000000a2b3     0x1586 Drivers\STM32F3xx_HAL_Driver\Src\stm32f3xx_hal_rcc.o
 .debug_info    0x000000000000b839      0x579 Drivers\STM32F3xx_HAL_Driver\Src\stm32f3xx_hal_rcc_ex.o
 .debug_info    0x000000000000bdb2     0x2ca3 Drivers\STM32F3xx_HAL_Driver\Src\stm32f3xx_hal_tim.o
 .debug_info    0x000000000000ea55     0x1679 Drivers\STM32F3xx_HAL_Driver\Src\stm32f3xx_hal_tim_ex.o

.debug_abbrev   0x0000000000000000     0x2bdc
 .debug_abbrev  0x0000000000000000      0x263 Core\Src\GAS_Can.o
 .debug_abbrev  0x0000000000000263      0x241 Core\Src\GAS_PWM.o
 .debug_abbrev  0x00000000000004a4      0x219 Core\Src\GAS_Scheduler.o
 .debug_abbrev  0x00000000000006bd      0x20a Core\Src\adc.o
 .debug_abbrev  0x00000000000008c7      0x20a Core\Src\can.o
 .debug_abbrev  0x0000000000000ad1       0xf8 Core\Src\dma.o
 .debug_abbrev  0x0000000000000bc9      0x146 Core\Src\gpio.o
 .debug_abbrev  0x0000000000000d0f      0x1c6 Core\Src\main.o
 .debug_abbrev  0x0000000000000ed5       0xc2 Core\Src\stm32f3xx_hal_msp.o
 .debug_abbrev  0x0000000000000f97      0x1b3 Core\Src\stm32f3xx_it.o
 .debug_abbrev  0x000000000000114a      0x116 Core\Src\system_stm32f3xx.o
 .debug_abbrev  0x0000000000001260      0x23c Core\Src\tim.o
 .debug_abbrev  0x000000000000149c       0x12 Core\Startup\startup_stm32f334r8tx.o
 .debug_abbrev  0x00000000000014ae      0x20e Drivers\STM32F3xx_HAL_Driver\Src\stm32f3xx_hal.o
 .debug_abbrev  0x00000000000016bc      0x27a Drivers\STM32F3xx_HAL_Driver\Src\stm32f3xx_hal_adc_ex.o
 .debug_abbrev  0x0000000000001936      0x20c Drivers\STM32F3xx_HAL_Driver\Src\stm32f3xx_hal_can.o
 .debug_abbrev  0x0000000000001b42      0x2ed Drivers\STM32F3xx_HAL_Driver\Src\stm32f3xx_hal_cortex.o
 .debug_abbrev  0x0000000000001e2f      0x1fe Drivers\STM32F3xx_HAL_Driver\Src\stm32f3xx_hal_dma.o
 .debug_abbrev  0x000000000000202d      0x1bb Drivers\STM32F3xx_HAL_Driver\Src\stm32f3xx_hal_gpio.o
 .debug_abbrev  0x00000000000021e8      0x30c Drivers\STM32F3xx_HAL_Driver\Src\stm32f3xx_hal_rcc.o
 .debug_abbrev  0x00000000000024f4      0x226 Drivers\STM32F3xx_HAL_Driver\Src\stm32f3xx_hal_rcc_ex.o
 .debug_abbrev  0x000000000000271a      0x25d Drivers\STM32F3xx_HAL_Driver\Src\stm32f3xx_hal_tim.o
 .debug_abbrev  0x0000000000002977      0x265 Drivers\STM32F3xx_HAL_Driver\Src\stm32f3xx_hal_tim_ex.o

.debug_aranges  0x0000000000000000      0xe90
 .debug_aranges
                0x0000000000000000       0x40 Core\Src\GAS_Can.o
 .debug_aranges
                0x0000000000000040       0x40 Core\Src\GAS_PWM.o
 .debug_aranges
                0x0000000000000080       0x60 Core\Src\GAS_Scheduler.o
 .debug_aranges
                0x00000000000000e0       0x30 Core\Src\adc.o
 .debug_aranges
                0x0000000000000110       0x30 Core\Src\can.o
 .debug_aranges
                0x0000000000000140       0x20 Core\Src\dma.o
 .debug_aranges
                0x0000000000000160       0x20 Core\Src\gpio.o
 .debug_aranges
                0x0000000000000180       0x30 Core\Src\main.o
 .debug_aranges
                0x00000000000001b0       0x20 Core\Src\stm32f3xx_hal_msp.o
 .debug_aranges
                0x00000000000001d0       0x78 Core\Src\stm32f3xx_it.o
 .debug_aranges
                0x0000000000000248       0x28 Core\Src\system_stm32f3xx.o
 .debug_aranges
                0x0000000000000270       0x80 Core\Src\tim.o
 .debug_aranges
                0x00000000000002f0       0x28 Core\Startup\startup_stm32f334r8tx.o
 .debug_aranges
                0x0000000000000318       0xe0 Drivers\STM32F3xx_HAL_Driver\Src\stm32f3xx_hal.o
 .debug_aranges
                0x00000000000003f8      0x168 Drivers\STM32F3xx_HAL_Driver\Src\stm32f3xx_hal_adc_ex.o
 .debug_aranges
                0x0000000000000560      0x138 Drivers\STM32F3xx_HAL_Driver\Src\stm32f3xx_hal_can.o
 .debug_aranges
                0x0000000000000698      0x100 Drivers\STM32F3xx_HAL_Driver\Src\stm32f3xx_hal_cortex.o
 .debug_aranges
                0x0000000000000798       0x88 Drivers\STM32F3xx_HAL_Driver\Src\stm32f3xx_hal_dma.o
 .debug_aranges
                0x0000000000000820       0x58 Drivers\STM32F3xx_HAL_Driver\Src\stm32f3xx_hal_gpio.o
 .debug_aranges
                0x0000000000000878       0x88 Drivers\STM32F3xx_HAL_Driver\Src\stm32f3xx_hal_rcc.o
 .debug_aranges
                0x0000000000000900       0x38 Drivers\STM32F3xx_HAL_Driver\Src\stm32f3xx_hal_rcc_ex.o
 .debug_aranges
                0x0000000000000938      0x3e0 Drivers\STM32F3xx_HAL_Driver\Src\stm32f3xx_hal_tim.o
 .debug_aranges
                0x0000000000000d18      0x178 Drivers\STM32F3xx_HAL_Driver\Src\stm32f3xx_hal_tim_ex.o

.debug_ranges   0x0000000000000000      0xd28
 .debug_ranges  0x0000000000000000       0x30 Core\Src\GAS_Can.o
 .debug_ranges  0x0000000000000030       0x30 Core\Src\GAS_PWM.o
 .debug_ranges  0x0000000000000060       0x50 Core\Src\GAS_Scheduler.o
 .debug_ranges  0x00000000000000b0       0x20 Core\Src\adc.o
 .debug_ranges  0x00000000000000d0       0x20 Core\Src\can.o
 .debug_ranges  0x00000000000000f0       0x10 Core\Src\dma.o
 .debug_ranges  0x0000000000000100       0x10 Core\Src\gpio.o
 .debug_ranges  0x0000000000000110       0x20 Core\Src\main.o
 .debug_ranges  0x0000000000000130       0x10 Core\Src\stm32f3xx_hal_msp.o
 .debug_ranges  0x0000000000000140       0x68 Core\Src\stm32f3xx_it.o
 .debug_ranges  0x00000000000001a8       0x18 Core\Src\system_stm32f3xx.o
 .debug_ranges  0x00000000000001c0       0x70 Core\Src\tim.o
 .debug_ranges  0x0000000000000230       0x20 Core\Startup\startup_stm32f334r8tx.o
 .debug_ranges  0x0000000000000250       0xd0 Drivers\STM32F3xx_HAL_Driver\Src\stm32f3xx_hal.o
 .debug_ranges  0x0000000000000320      0x158 Drivers\STM32F3xx_HAL_Driver\Src\stm32f3xx_hal_adc_ex.o
 .debug_ranges  0x0000000000000478      0x128 Drivers\STM32F3xx_HAL_Driver\Src\stm32f3xx_hal_can.o
 .debug_ranges  0x00000000000005a0       0xf0 Drivers\STM32F3xx_HAL_Driver\Src\stm32f3xx_hal_cortex.o
 .debug_ranges  0x0000000000000690       0x78 Drivers\STM32F3xx_HAL_Driver\Src\stm32f3xx_hal_dma.o
 .debug_ranges  0x0000000000000708       0x48 Drivers\STM32F3xx_HAL_Driver\Src\stm32f3xx_hal_gpio.o
 .debug_ranges  0x0000000000000750       0x78 Drivers\STM32F3xx_HAL_Driver\Src\stm32f3xx_hal_rcc.o
 .debug_ranges  0x00000000000007c8       0x28 Drivers\STM32F3xx_HAL_Driver\Src\stm32f3xx_hal_rcc_ex.o
 .debug_ranges  0x00000000000007f0      0x3d0 Drivers\STM32F3xx_HAL_Driver\Src\stm32f3xx_hal_tim.o
 .debug_ranges  0x0000000000000bc0      0x168 Drivers\STM32F3xx_HAL_Driver\Src\stm32f3xx_hal_tim_ex.o

.debug_macro    0x0000000000000000    0x21eb2
 .debug_macro   0x0000000000000000      0x351 Core\Src\GAS_Can.o
 .debug_macro   0x0000000000000351      0xa78 Core\Src\GAS_Can.o
 .debug_macro   0x0000000000000dc9      0x15d Core\Src\GAS_Can.o
 .debug_macro   0x0000000000000f26       0x2e Core\Src\GAS_Can.o
 .debug_macro   0x0000000000000f54       0x28 Core\Src\GAS_Can.o
 .debug_macro   0x0000000000000f7c       0x22 Core\Src\GAS_Can.o
 .debug_macro   0x0000000000000f9e       0x8e Core\Src\GAS_Can.o
 .debug_macro   0x000000000000102c       0x51 Core\Src\GAS_Can.o
 .debug_macro   0x000000000000107d      0x103 Core\Src\GAS_Can.o
 .debug_macro   0x0000000000001180       0x6a Core\Src\GAS_Can.o
 .debug_macro   0x00000000000011ea      0x1df Core\Src\GAS_Can.o
 .debug_macro   0x00000000000013c9       0x1c Core\Src\GAS_Can.o
 .debug_macro   0x00000000000013e5       0x22 Core\Src\GAS_Can.o
 .debug_macro   0x0000000000001407       0xd9 Core\Src\GAS_Can.o
 .debug_macro   0x00000000000014e0      0xf07 Core\Src\GAS_Can.o
 .debug_macro   0x00000000000023e7    0x1585b Core\Src\GAS_Can.o
 .debug_macro   0x0000000000017c42       0x6d Core\Src\GAS_Can.o
 .debug_macro   0x0000000000017caf     0x3540 Core\Src\GAS_Can.o
 .debug_macro   0x000000000001b1ef      0x174 Core\Src\GAS_Can.o
 .debug_macro   0x000000000001b363       0x55 Core\Src\GAS_Can.o
 .debug_macro   0x000000000001b3b8      0x8f9 Core\Src\GAS_Can.o
 .debug_macro   0x000000000001bcb1      0x358 Core\Src\GAS_Can.o
 .debug_macro   0x000000000001c009      0x1b6 Core\Src\GAS_Can.o
 .debug_macro   0x000000000001c1bf      0x130 Core\Src\GAS_Can.o
 .debug_macro   0x000000000001c2ef      0x1d5 Core\Src\GAS_Can.o
 .debug_macro   0x000000000001c4c4      0x1bc Core\Src\GAS_Can.o
 .debug_macro   0x000000000001c680       0x34 Core\Src\GAS_Can.o
 .debug_macro   0x000000000001c6b4       0x3c Core\Src\GAS_Can.o
 .debug_macro   0x000000000001c6f0       0x57 Core\Src\GAS_Can.o
 .debug_macro   0x000000000001c747      0x845 Core\Src\GAS_Can.o
 .debug_macro   0x000000000001cf8c       0x77 Core\Src\GAS_Can.o
 .debug_macro   0x000000000001d003      0x408 Core\Src\GAS_Can.o
 .debug_macro   0x000000000001d40b       0xc5 Core\Src\GAS_Can.o
 .debug_macro   0x000000000001d4d0      0x19f Core\Src\GAS_Can.o
 .debug_macro   0x000000000001d66f      0x22c Core\Src\GAS_Can.o
 .debug_macro   0x000000000001d89b       0x5b Core\Src\GAS_Can.o
 .debug_macro   0x000000000001d8f6       0xa5 Core\Src\GAS_Can.o
 .debug_macro   0x000000000001d99b       0x81 Core\Src\GAS_Can.o
 .debug_macro   0x000000000001da1c       0xd3 Core\Src\GAS_Can.o
 .debug_macro   0x000000000001daef      0xa3d Core\Src\GAS_Can.o
 .debug_macro   0x000000000001e52c       0x59 Core\Src\GAS_Can.o
 .debug_macro   0x000000000001e585      0x2a1 Core\Src\GAS_Can.o
 .debug_macro   0x000000000001e826       0x82 Core\Src\GAS_Can.o
 .debug_macro   0x000000000001e8a8       0x52 Core\Src\GAS_Can.o
 .debug_macro   0x000000000001e8fa       0x1e Core\Src\GAS_Can.o
 .debug_macro   0x000000000001e918       0x3c Core\Src\GAS_Can.o
 .debug_macro   0x000000000001e954       0x34 Core\Src\GAS_Can.o
 .debug_macro   0x000000000001e988       0x16 Core\Src\GAS_Can.o
 .debug_macro   0x000000000001e99e       0x35 Core\Src\GAS_Can.o
 .debug_macro   0x000000000001e9d3      0x341 Core\Src\GAS_Can.o
 .debug_macro   0x000000000001ed14       0x10 Core\Src\GAS_Can.o
 .debug_macro   0x000000000001ed24       0x16 Core\Src\GAS_Can.o
 .debug_macro   0x000000000001ed3a       0x43 Core\Src\GAS_Can.o
 .debug_macro   0x000000000001ed7d       0x34 Core\Src\GAS_Can.o
 .debug_macro   0x000000000001edb1       0x10 Core\Src\GAS_Can.o
 .debug_macro   0x000000000001edc1       0x58 Core\Src\GAS_Can.o
 .debug_macro   0x000000000001ee19       0x71 Core\Src\GAS_Can.o
 .debug_macro   0x000000000001ee8a       0x1c Core\Src\GAS_Can.o
 .debug_macro   0x000000000001eea6      0x12a Core\Src\GAS_Can.o
 .debug_macro   0x000000000001efd0       0x10 Core\Src\GAS_Can.o
 .debug_macro   0x000000000001efe0       0x1c Core\Src\GAS_Can.o
 .debug_macro   0x000000000001effc       0x52 Core\Src\GAS_Can.o
 .debug_macro   0x000000000001f04e       0x22 Core\Src\GAS_Can.o
 .debug_macro   0x000000000001f070       0x10 Core\Src\GAS_Can.o
 .debug_macro   0x000000000001f080       0x52 Core\Src\GAS_Can.o
 .debug_macro   0x000000000001f0d2       0xd5 Core\Src\GAS_Can.o
 .debug_macro   0x000000000001f1a7       0x1c Core\Src\GAS_Can.o
 .debug_macro   0x000000000001f1c3       0x3d Core\Src\GAS_Can.o
 .debug_macro   0x000000000001f200       0x16 Core\Src\GAS_Can.o
 .debug_macro   0x000000000001f216      0x145 Core\Src\GAS_Can.o
 .debug_macro   0x000000000001f35b      0x36b Core\Src\GAS_PWM.o
 .debug_macro   0x000000000001f6c6      0x3b1 Core\Src\GAS_Scheduler.o
 .debug_macro   0x000000000001fa77      0x1ee Core\Src\adc.o
 .debug_macro   0x000000000001fc65      0x1ee Core\Src\can.o
 .debug_macro   0x000000000001fe53      0x1ee Core\Src\dma.o
 .debug_macro   0x0000000000020041      0x1ee Core\Src\gpio.o
 .debug_macro   0x000000000002022f      0x21a Core\Src\main.o
 .debug_macro   0x0000000000020449      0x1e4 Core\Src\stm32f3xx_hal_msp.o
 .debug_macro   0x000000000002062d      0x1ee Core\Src\stm32f3xx_it.o
 .debug_macro   0x000000000002081b      0x1d5 Core\Src\system_stm32f3xx.o
 .debug_macro   0x00000000000209f0      0x1ee Core\Src\tim.o
 .debug_macro   0x0000000000020bde      0x1f9 Drivers\STM32F3xx_HAL_Driver\Src\stm32f3xx_hal.o
 .debug_macro   0x0000000000020dd7      0x1ff Drivers\STM32F3xx_HAL_Driver\Src\stm32f3xx_hal_adc_ex.o
 .debug_macro   0x0000000000020fd6      0x1dd Drivers\STM32F3xx_HAL_Driver\Src\stm32f3xx_hal_can.o
 .debug_macro   0x00000000000211b3      0x1d5 Drivers\STM32F3xx_HAL_Driver\Src\stm32f3xx_hal_cortex.o
 .debug_macro   0x0000000000021388      0x1d5 Drivers\STM32F3xx_HAL_Driver\Src\stm32f3xx_hal_dma.o
 .debug_macro   0x000000000002155d      0x1dc Drivers\STM32F3xx_HAL_Driver\Src\stm32f3xx_hal_gpio.o
 .debug_macro   0x0000000000021739      0x1f9 Drivers\STM32F3xx_HAL_Driver\Src\stm32f3xx_hal_rcc.o
 .debug_macro   0x0000000000021932      0x1d5 Drivers\STM32F3xx_HAL_Driver\Src\stm32f3xx_hal_rcc_ex.o
 .debug_macro   0x0000000000021b07      0x1d6 Drivers\STM32F3xx_HAL_Driver\Src\stm32f3xx_hal_tim.o
 .debug_macro   0x0000000000021cdd      0x1d5 Drivers\STM32F3xx_HAL_Driver\Src\stm32f3xx_hal_tim_ex.o

.debug_line     0x0000000000000000    0x1371e
 .debug_line    0x0000000000000000      0x9ac Core\Src\GAS_Can.o
 .debug_line    0x00000000000009ac      0x9f6 Core\Src\GAS_PWM.o
 .debug_line    0x00000000000013a2      0xa9e Core\Src\GAS_Scheduler.o
 .debug_line    0x0000000000001e40      0x7c6 Core\Src\adc.o
 .debug_line    0x0000000000002606      0x760 Core\Src\can.o
 .debug_line    0x0000000000002d66      0x6e8 Core\Src\dma.o
 .debug_line    0x000000000000344e      0x732 Core\Src\gpio.o
 .debug_line    0x0000000000003b80      0x7af Core\Src\main.o
 .debug_line    0x000000000000432f      0x6ed Core\Src\stm32f3xx_hal_msp.o
 .debug_line    0x0000000000004a1c      0x7f8 Core\Src\stm32f3xx_it.o
 .debug_line    0x0000000000005214      0x763 Core\Src\system_stm32f3xx.o
 .debug_line    0x0000000000005977      0xb0a Core\Src\tim.o
 .debug_line    0x0000000000006481       0x88 Core\Startup\startup_stm32f334r8tx.o
 .debug_line    0x0000000000006509      0x998 Drivers\STM32F3xx_HAL_Driver\Src\stm32f3xx_hal.o
 .debug_line    0x0000000000006ea1     0x208b Drivers\STM32F3xx_HAL_Driver\Src\stm32f3xx_hal_adc_ex.o
 .debug_line    0x0000000000008f2c     0x1137 Drivers\STM32F3xx_HAL_Driver\Src\stm32f3xx_hal_can.o
 .debug_line    0x000000000000a063      0xb80 Drivers\STM32F3xx_HAL_Driver\Src\stm32f3xx_hal_cortex.o
 .debug_line    0x000000000000abe3      0xc86 Drivers\STM32F3xx_HAL_Driver\Src\stm32f3xx_hal_dma.o
 .debug_line    0x000000000000b869      0xae5 Drivers\STM32F3xx_HAL_Driver\Src\stm32f3xx_hal_gpio.o
 .debug_line    0x000000000000c34e     0x1375 Drivers\STM32F3xx_HAL_Driver\Src\stm32f3xx_hal_rcc.o
 .debug_line    0x000000000000d6c3      0xa84 Drivers\STM32F3xx_HAL_Driver\Src\stm32f3xx_hal_rcc_ex.o
 .debug_line    0x000000000000e147     0x3bcc Drivers\STM32F3xx_HAL_Driver\Src\stm32f3xx_hal_tim.o
 .debug_line    0x0000000000011d13     0x1a0b Drivers\STM32F3xx_HAL_Driver\Src\stm32f3xx_hal_tim_ex.o

.debug_str      0x0000000000000000    0xc8be1
 .debug_str     0x0000000000000000    0xc4c32 Core\Src\GAS_Can.o
                                      0xc4f1a (size before relaxing)
 .debug_str     0x00000000000c4c32      0x596 Core\Src\GAS_PWM.o
                                      0xc4f9c (size before relaxing)
 .debug_str     0x00000000000c51c8      0x52b Core\Src\GAS_Scheduler.o
                                      0xc4f63 (size before relaxing)
 .debug_str     0x00000000000c56f3      0x36a Core\Src\adc.o
                                      0xc115a (size before relaxing)
 .debug_str     0x00000000000c5a5d       0x93 Core\Src\can.o
                                      0xc127d (size before relaxing)
 .debug_str     0x00000000000c5af0       0x1e Core\Src\dma.o
                                      0xc0e9f (size before relaxing)
 .debug_str     0x00000000000c5b0e       0x20 Core\Src\gpio.o
                                      0xc0bdf (size before relaxing)
 .debug_str     0x00000000000c5b2e      0x295 Core\Src\main.o
                                      0xc0df4 (size before relaxing)
 .debug_str     0x00000000000c5dc3       0x2c Core\Src\stm32f3xx_hal_msp.o
                                      0xc0b14 (size before relaxing)
 .debug_str     0x00000000000c5def      0x132 Core\Src\stm32f3xx_it.o
                                      0xc1030 (size before relaxing)
 .debug_str     0x00000000000c5f21       0x7b Core\Src\system_stm32f3xx.o
                                      0xc0953 (size before relaxing)
 .debug_str     0x00000000000c5f9c      0x325 Core\Src\tim.o
                                      0xc14a7 (size before relaxing)
 .debug_str     0x00000000000c62c1       0x36 Core\Startup\startup_stm32f334r8tx.o
                                         0x8e (size before relaxing)
 .debug_str     0x00000000000c62f7      0x389 Drivers\STM32F3xx_HAL_Driver\Src\stm32f3xx_hal.o
                                      0xc10bb (size before relaxing)
 .debug_str     0x00000000000c6680      0x872 Drivers\STM32F3xx_HAL_Driver\Src\stm32f3xx_hal_adc_ex.o
                                      0xc1649 (size before relaxing)
 .debug_str     0x00000000000c6ef2      0x3ab Drivers\STM32F3xx_HAL_Driver\Src\stm32f3xx_hal_can.o
                                      0xc10da (size before relaxing)
 .debug_str     0x00000000000c729d      0x193 Drivers\STM32F3xx_HAL_Driver\Src\stm32f3xx_hal_cortex.o
                                      0xc0fe0 (size before relaxing)
 .debug_str     0x00000000000c7430      0x1ff Drivers\STM32F3xx_HAL_Driver\Src\stm32f3xx_hal_dma.o
                                      0xc0c9b (size before relaxing)
 .debug_str     0x00000000000c762f      0x133 Drivers\STM32F3xx_HAL_Driver\Src\stm32f3xx_hal_gpio.o
                                      0xc0b32 (size before relaxing)
 .debug_str     0x00000000000c7762      0x2c3 Drivers\STM32F3xx_HAL_Driver\Src\stm32f3xx_hal_rcc.o
                                      0xc0df3 (size before relaxing)
 .debug_str     0x00000000000c7a25       0xbe Drivers\STM32F3xx_HAL_Driver\Src\stm32f3xx_hal_rcc_ex.o
                                      0xc0b07 (size before relaxing)
 .debug_str     0x00000000000c7ae3      0xcfc Drivers\STM32F3xx_HAL_Driver\Src\stm32f3xx_hal_tim.o
                                      0xc1d7a (size before relaxing)
 .debug_str     0x00000000000c87df      0x402 Drivers\STM32F3xx_HAL_Driver\Src\stm32f3xx_hal_tim_ex.o
                                      0xc15d0 (size before relaxing)

.comment        0x0000000000000000       0x50
 .comment       0x0000000000000000       0x50 Core\Src\GAS_Can.o
                                         0x51 (size before relaxing)
 .comment       0x0000000000000050       0x51 Core\Src\GAS_PWM.o
 .comment       0x0000000000000050       0x51 Core\Src\GAS_Scheduler.o
 .comment       0x0000000000000050       0x51 Core\Src\adc.o
 .comment       0x0000000000000050       0x51 Core\Src\can.o
 .comment       0x0000000000000050       0x51 Core\Src\dma.o
 .comment       0x0000000000000050       0x51 Core\Src\gpio.o
 .comment       0x0000000000000050       0x51 Core\Src\main.o
 .comment       0x0000000000000050       0x51 Core\Src\stm32f3xx_hal_msp.o
 .comment       0x0000000000000050       0x51 Core\Src\stm32f3xx_it.o
 .comment       0x0000000000000050       0x51 Core\Src\system_stm32f3xx.o
 .comment       0x0000000000000050       0x51 Core\Src\tim.o
 .comment       0x0000000000000050       0x51 Drivers\STM32F3xx_HAL_Driver\Src\stm32f3xx_hal.o
 .comment       0x0000000000000050       0x51 Drivers\STM32F3xx_HAL_Driver\Src\stm32f3xx_hal_adc_ex.o
 .comment       0x0000000000000050       0x51 Drivers\STM32F3xx_HAL_Driver\Src\stm32f3xx_hal_can.o
 .comment       0x0000000000000050       0x51 Drivers\STM32F3xx_HAL_Driver\Src\stm32f3xx_hal_cortex.o
 .comment       0x0000000000000050       0x51 Drivers\STM32F3xx_HAL_Driver\Src\stm32f3xx_hal_dma.o
 .comment       0x0000000000000050       0x51 Drivers\STM32F3xx_HAL_Driver\Src\stm32f3xx_hal_gpio.o
 .comment       0x0000000000000050       0x51 Drivers\STM32F3xx_HAL_Driver\Src\stm32f3xx_hal_rcc.o
 .comment       0x0000000000000050       0x51 Drivers\STM32F3xx_HAL_Driver\Src\stm32f3xx_hal_rcc_ex.o
 .comment       0x0000000000000050       0x51 Drivers\STM32F3xx_HAL_Driver\Src\stm32f3xx_hal_tim.o
 .comment       0x0000000000000050       0x51 Drivers\STM32F3xx_HAL_Driver\Src\stm32f3xx_hal_tim_ex.o

.debug_frame    0x0000000000000000     0x3a78
 .debug_frame   0x0000000000000000       0xa8 Core\Src\GAS_Can.o
 .debug_frame   0x00000000000000a8       0xb8 Core\Src\GAS_PWM.o
 .debug_frame   0x0000000000000160      0x128 Core\Src\GAS_Scheduler.o
 .debug_frame   0x0000000000000288       0x7c Core\Src\adc.o
 .debug_frame   0x0000000000000304       0x74 Core\Src\can.o
 .debug_frame   0x0000000000000378       0x34 Core\Src\dma.o
 .debug_frame   0x00000000000003ac       0x34 Core\Src\gpio.o
 .debug_frame   0x00000000000003e0       0x68 Core\Src\main.o
 .debug_frame   0x0000000000000448       0x38 Core\Src\stm32f3xx_hal_msp.o
 .debug_frame   0x0000000000000480      0x158 Core\Src\stm32f3xx_it.o
 .debug_frame   0x00000000000005d8       0x58 Core\Src\system_stm32f3xx.o
 .debug_frame   0x0000000000000630      0x1ec Core\Src\tim.o
 .debug_frame   0x000000000000081c      0x334 Drivers\STM32F3xx_HAL_Driver\Src\stm32f3xx_hal.o
 .debug_frame   0x0000000000000b50      0x638 Drivers\STM32F3xx_HAL_Driver\Src\stm32f3xx_hal_adc_ex.o
 .debug_frame   0x0000000000001188      0x5a0 Drivers\STM32F3xx_HAL_Driver\Src\stm32f3xx_hal_can.o
 .debug_frame   0x0000000000001728      0x428 Drivers\STM32F3xx_HAL_Driver\Src\stm32f3xx_hal_cortex.o
 .debug_frame   0x0000000000001b50      0x224 Drivers\STM32F3xx_HAL_Driver\Src\stm32f3xx_hal_dma.o
 .debug_frame   0x0000000000001d74      0x14c Drivers\STM32F3xx_HAL_Driver\Src\stm32f3xx_hal_gpio.o
 .debug_frame   0x0000000000001ec0      0x214 Drivers\STM32F3xx_HAL_Driver\Src\stm32f3xx_hal_rcc.o
 .debug_frame   0x00000000000020d4       0xb4 Drivers\STM32F3xx_HAL_Driver\Src\stm32f3xx_hal_rcc_ex.o
 .debug_frame   0x0000000000002188     0x121c Drivers\STM32F3xx_HAL_Driver\Src\stm32f3xx_hal_tim.o
 .debug_frame   0x00000000000033a4      0x688 Drivers\STM32F3xx_HAL_Driver\Src\stm32f3xx_hal_tim_ex.o
 .debug_frame   0x0000000000003a2c       0x2c c:/st/stm32cubeide_1.10.0/stm32cubeide/plugins/com.st.stm32cube.ide.mcu.externaltools.gnu-tools-for-stm32.10.3-2021.10.win32_1.0.0.202111181127/tools/bin/../lib/gcc/arm-none-eabi/10.3.1/../../../../arm-none-eabi/lib/thumb/v7e-m+fp/hard\libc_nano.a(lib_a-init.o)
 .debug_frame   0x0000000000003a58       0x20 c:/st/stm32cubeide_1.10.0/stm32cubeide/plugins/com.st.stm32cube.ide.mcu.externaltools.gnu-tools-for-stm32.10.3-2021.10.win32_1.0.0.202111181127/tools/bin/../lib/gcc/arm-none-eabi/10.3.1/../../../../arm-none-eabi/lib/thumb/v7e-m+fp/hard\libc_nano.a(lib_a-memset.o)
