Archive member included to satisfy reference by file (symbol)

c:/st/stm32cubeide_1.10.0/stm32cubeide/plugins/com.st.stm32cube.ide.mcu.externaltools.gnu-tools-for-stm32.10.3-2021.10.win32_1.0.0.202111181127/tools/bin/../lib/gcc/arm-none-eabi/10.3.1/../../../../arm-none-eabi/lib/thumb/v7e-m+fp/hard\libc_nano.a(lib_a-errno.o)
                              Core\Src\syscalls.o (__errno)
c:/st/stm32cubeide_1.10.0/stm32cubeide/plugins/com.st.stm32cube.ide.mcu.externaltools.gnu-tools-for-stm32.10.3-2021.10.win32_1.0.0.202111181127/tools/bin/../lib/gcc/arm-none-eabi/10.3.1/../../../../arm-none-eabi/lib/thumb/v7e-m+fp/hard\libc_nano.a(lib_a-exit.o)
                              c:/st/stm32cubeide_1.10.0/stm32cubeide/plugins/com.st.stm32cube.ide.mcu.externaltools.gnu-tools-for-stm32.10.3-2021.10.win32_1.0.0.202111181127/tools/bin/../lib/gcc/arm-none-eabi/10.3.1/../../../../arm-none-eabi/lib/thumb/v7e-m+fp/hard/crt0.o (exit)
c:/st/stm32cubeide_1.10.0/stm32cubeide/plugins/com.st.stm32cube.ide.mcu.externaltools.gnu-tools-for-stm32.10.3-2021.10.win32_1.0.0.202111181127/tools/bin/../lib/gcc/arm-none-eabi/10.3.1/../../../../arm-none-eabi/lib/thumb/v7e-m+fp/hard\libc_nano.a(lib_a-impure.o)
                              c:/st/stm32cubeide_1.10.0/stm32cubeide/plugins/com.st.stm32cube.ide.mcu.externaltools.gnu-tools-for-stm32.10.3-2021.10.win32_1.0.0.202111181127/tools/bin/../lib/gcc/arm-none-eabi/10.3.1/../../../../arm-none-eabi/lib/thumb/v7e-m+fp/hard\libc_nano.a(lib_a-exit.o) (_global_impure_ptr)
c:/st/stm32cubeide_1.10.0/stm32cubeide/plugins/com.st.stm32cube.ide.mcu.externaltools.gnu-tools-for-stm32.10.3-2021.10.win32_1.0.0.202111181127/tools/bin/../lib/gcc/arm-none-eabi/10.3.1/../../../../arm-none-eabi/lib/thumb/v7e-m+fp/hard\libc_nano.a(lib_a-init.o)
                              c:/st/stm32cubeide_1.10.0/stm32cubeide/plugins/com.st.stm32cube.ide.mcu.externaltools.gnu-tools-for-stm32.10.3-2021.10.win32_1.0.0.202111181127/tools/bin/../lib/gcc/arm-none-eabi/10.3.1/../../../../arm-none-eabi/lib/thumb/v7e-m+fp/hard/crt0.o (__libc_init_array)
c:/st/stm32cubeide_1.10.0/stm32cubeide/plugins/com.st.stm32cube.ide.mcu.externaltools.gnu-tools-for-stm32.10.3-2021.10.win32_1.0.0.202111181127/tools/bin/../lib/gcc/arm-none-eabi/10.3.1/../../../../arm-none-eabi/lib/thumb/v7e-m+fp/hard\libc_nano.a(lib_a-memset.o)
                              c:/st/stm32cubeide_1.10.0/stm32cubeide/plugins/com.st.stm32cube.ide.mcu.externaltools.gnu-tools-for-stm32.10.3-2021.10.win32_1.0.0.202111181127/tools/bin/../lib/gcc/arm-none-eabi/10.3.1/../../../../arm-none-eabi/lib/thumb/v7e-m+fp/hard/crt0.o (memset)
c:/st/stm32cubeide_1.10.0/stm32cubeide/plugins/com.st.stm32cube.ide.mcu.externaltools.gnu-tools-for-stm32.10.3-2021.10.win32_1.0.0.202111181127/tools/bin/../lib/gcc/arm-none-eabi/10.3.1/thumb/v7e-m+fp/hard\libgcc.a(_arm_muldf3.o)
                              Core\Src\GAS_PWM.o (__aeabi_dmul)
c:/st/stm32cubeide_1.10.0/stm32cubeide/plugins/com.st.stm32cube.ide.mcu.externaltools.gnu-tools-for-stm32.10.3-2021.10.win32_1.0.0.202111181127/tools/bin/../lib/gcc/arm-none-eabi/10.3.1/thumb/v7e-m+fp/hard\libgcc.a(_arm_addsubdf3.o)
                              Core\Src\GAS_PWM.o (__aeabi_i2d)
c:/st/stm32cubeide_1.10.0/stm32cubeide/plugins/com.st.stm32cube.ide.mcu.externaltools.gnu-tools-for-stm32.10.3-2021.10.win32_1.0.0.202111181127/tools/bin/../lib/gcc/arm-none-eabi/10.3.1/thumb/v7e-m+fp/hard\libgcc.a(_arm_muldivdf3.o)
                              Core\Src\GAS_PWM.o (__aeabi_ddiv)
c:/st/stm32cubeide_1.10.0/stm32cubeide/plugins/com.st.stm32cube.ide.mcu.externaltools.gnu-tools-for-stm32.10.3-2021.10.win32_1.0.0.202111181127/tools/bin/../lib/gcc/arm-none-eabi/10.3.1/thumb/v7e-m+fp/hard\libgcc.a(_arm_fixunsdfsi.o)
                              Core\Src\GAS_PWM.o (__aeabi_d2uiz)
c:/st/stm32cubeide_1.10.0/stm32cubeide/plugins/com.st.stm32cube.ide.mcu.externaltools.gnu-tools-for-stm32.10.3-2021.10.win32_1.0.0.202111181127/tools/bin/../lib/gcc/arm-none-eabi/10.3.1/thumb/v7e-m+fp/hard\libgcc.a(_arm_truncdfsf2.o)
                              Core\Src\GAS_PWM.o (__aeabi_d2f)

Discarded input sections

 .text          0x0000000000000000        0x0 c:/st/stm32cubeide_1.10.0/stm32cubeide/plugins/com.st.stm32cube.ide.mcu.externaltools.gnu-tools-for-stm32.10.3-2021.10.win32_1.0.0.202111181127/tools/bin/../lib/gcc/arm-none-eabi/10.3.1/thumb/v7e-m+fp/hard/crti.o
 .data          0x0000000000000000        0x0 c:/st/stm32cubeide_1.10.0/stm32cubeide/plugins/com.st.stm32cube.ide.mcu.externaltools.gnu-tools-for-stm32.10.3-2021.10.win32_1.0.0.202111181127/tools/bin/../lib/gcc/arm-none-eabi/10.3.1/thumb/v7e-m+fp/hard/crti.o
 .bss           0x0000000000000000        0x0 c:/st/stm32cubeide_1.10.0/stm32cubeide/plugins/com.st.stm32cube.ide.mcu.externaltools.gnu-tools-for-stm32.10.3-2021.10.win32_1.0.0.202111181127/tools/bin/../lib/gcc/arm-none-eabi/10.3.1/thumb/v7e-m+fp/hard/crti.o
[...]
Memory Configuration

Name             Origin             Length             Attributes
CCMRAM           0x0000000010000000 0x0000000000001000 xrw
RAM              0x0000000020000000 0x0000000000003000 xrw
FLASH            0x0000000008000000 0x0000000000010000 xr
*default*        0x0000000000000000 0xffffffffffffffff

Linker script and memory map

LOAD c:/st/stm32cubeide_1.10.0/stm32cubeide/plugins/com.st.stm32cube.ide.mcu.externaltools.gnu-tools-for-stm32.10.3-2021.10.win32_1.0.0.202111181127/tools/bin/../lib/gcc/arm-none-eabi/10.3.1/thumb/v7e-m+fp/hard/crti.o
LOAD c:/st/stm32cubeide_1.10.0/stm32cubeide/plugins/com.st.stm32cube.ide.mcu.externaltools.gnu-tools-for-stm32.10.3-2021.10.win32_1.0.0.202111181127/tools/bin/../lib/gcc/arm-none-eabi/10.3.1/thumb/v7e-m+fp/hard/crtbegin.o
LOAD c:/st/stm32cubeide_1.10.0/stm32cubeide/plugins/com.st.stm32cube.ide.mcu.externaltools.gnu-tools-for-stm32.10.3-2021.10.win32_1.0.0.202111181127/tools/bin/../lib/gcc/arm-none-eabi/10.3.1/../../../../arm-none-eabi/lib/thumb/v7e-m+fp/hard/crt0.o
LOAD Core\Src\GAS_Can.o
LOAD Core\Src\GAS_Diagnose.o
LOAD Core\Src\GAS_PWM.o
LOAD Core\Src\GAS_Scheduler.o
LOAD Core\Src\GAS_Vadc.o
LOAD Core\Src\GAS_indicator.o
LOAD Core\Src\adc.o
LOAD Core\Src\can.o
LOAD Core\Src\dma.o
LOAD Core\Src\gpio.o
LOAD Core\Src\main.o
LOAD Core\Src\stm32f3xx_hal_msp.o
LOAD Core\Src\stm32f3xx_it.o
LOAD Core\Src\syscalls.o
LOAD Core\Src\sysmem.o
LOAD Core\Src\system_stm32f3xx.o
LOAD Core\Src\tim.o
LOAD Core\Startup\startup_stm32f334r8tx.o
LOAD Drivers\STM32F3xx_HAL_Driver\Src\stm32f3xx_hal.o
LOAD Drivers\STM32F3xx_HAL_Driver\Src\stm32f3xx_hal_adc.o
LOAD Drivers\STM32F3xx_HAL_Driver\Src\stm32f3xx_hal_adc_ex.o
LOAD Drivers\STM32F3xx_HAL_Driver\Src\stm32f3xx_hal_can.o
LOAD Drivers\STM32F3xx_HAL_Driver\Src\stm32f3xx_hal_cortex.o
LOAD Drivers\STM32F3xx_HAL_Driver\Src\stm32f3xx_hal_dma.o
LOAD Drivers\STM32F3xx_HAL_Driver\Src\stm32f3xx_hal_exti.o
LOAD Drivers\STM32F3xx_HAL_Driver\Src\stm32f3xx_hal_flash.o
LOAD Drivers\STM32F3xx_HAL_Driver\Src\stm32f3xx_hal_flash_ex.o
LOAD Drivers\STM32F3xx_HAL_Driver\Src\stm32f3xx_hal_gpio.o
LOAD Drivers\STM32F3xx_HAL_Driver\Src\stm32f3xx_hal_i2c.o
LOAD Drivers\STM32F3xx_HAL_Driver\Src\stm32f3xx_hal_i2c_ex.o
LOAD Drivers\STM32F3xx_HAL_Driver\Src\stm32f3xx_hal_pwr.o
LOAD Drivers\STM32F3xx_HAL_Driver\Src\stm32f3xx_hal_pwr_ex.o
LOAD Drivers\STM32F3xx_HAL_Driver\Src\stm32f3xx_hal_rcc.o
LOAD Drivers\STM32F3xx_HAL_Driver\Src\stm32f3xx_hal_rcc_ex.o
LOAD Drivers\STM32F3xx_HAL_Driver\Src\stm32f3xx_hal_tim.o
LOAD Drivers\STM32F3xx_HAL_Driver\Src\stm32f3xx_hal_tim_ex.o
START GROUP
LOAD c:/st/stm32cubeide_1.10.0/stm32cubeide/plugins/com.st.stm32cube.ide.mcu.externaltools.gnu-tools-for-stm32.10.3-2021.10.win32_1.0.0.202111181127/tools/bin/../lib/gcc/arm-none-eabi/10.3.1/../../../../arm-none-eabi/lib/thumb/v7e-m+fp/hard\libc_nano.a
LOAD c:/st/stm32cubeide_1.10.0/stm32cubeide/plugins/com.st.stm32cube.ide.mcu.externaltools.gnu-tools-for-stm32.10.3-2021.10.win32_1.0.0.202111181127/tools/bin/../lib/gcc/arm-none-eabi/10.3.1/../../../../arm-none-eabi/lib/thumb/v7e-m+fp/hard\libm.a
END GROUP
START GROUP
LOAD c:/st/stm32cubeide_1.10.0/stm32cubeide/plugins/com.st.stm32cube.ide.mcu.externaltools.gnu-tools-for-stm32.10.3-2021.10.win32_1.0.0.202111181127/tools/bin/../lib/gcc/arm-none-eabi/10.3.1/thumb/v7e-m+fp/hard\libgcc.a
LOAD c:/st/stm32cubeide_1.10.0/stm32cubeide/plugins/com.st.stm32cube.ide.mcu.externaltools.gnu-tools-for-stm32.10.3-2021.10.win32_1.0.0.202111181127/tools/bin/../lib/gcc/arm-none-eabi/10.3.1/../../../../arm-none-eabi/lib/thumb/v7e-m+fp/hard\libc_nano.a
END GROUP
START GROUP
LOAD c:/st/stm32cubeide_1.10.0/stm32cubeide/plugins/com.st.stm32cube.ide.mcu.externaltools.gnu-tools-for-stm32.10.3-2021.10.win32_1.0.0.202111181127/tools/bin/../lib/gcc/arm-none-eabi/10.3.1/thumb/v7e-m+fp/hard\libgcc.a
LOAD c:/st/stm32cubeide_1.10.0/stm32cubeide/plugins/com.st.stm32cube.ide.mcu.externaltools.gnu-tools-for-stm32.10.3-2021.10.win32_1.0.0.202111181127/tools/bin/../lib/gcc/arm-none-eabi/10.3.1/../../../../arm-none-eabi/lib/thumb/v7e-m+fp/hard\libc_nano.a
LOAD c:/st/stm32cubeide_1.10.0/stm32cubeide/plugins/com.st.stm32cube.ide.mcu.externaltools.gnu-tools-for-stm32.10.3-2021.10.win32_1.0.0.202111181127/tools/bin/../lib/gcc/arm-none-eabi/10.3.1/../../../../arm-none-eabi/lib/thumb/v7e-m+fp/hard\libnosys.a
END GROUP
START GROUP
LOAD c:/st/stm32cubeide_1.10.0/stm32cubeide/plugins/com.st.stm32cube.ide.mcu.externaltools.gnu-tools-for-stm32.10.3-2021.10.win32_1.0.0.202111181127/tools/bin/../lib/gcc/arm-none-eabi/10.3.1/thumb/v7e-m+fp/hard\libgcc.a
LOAD c:/st/stm32cubeide_1.10.0/stm32cubeide/plugins/com.st.stm32cube.ide.mcu.externaltools.gnu-tools-for-stm32.10.3-2021.10.win32_1.0.0.202111181127/tools/bin/../lib/gcc/arm-none-eabi/10.3.1/../../../../arm-none-eabi/lib/thumb/v7e-m+fp/hard\libc_nano.a
LOAD c:/st/stm32cubeide_1.10.0/stm32cubeide/plugins/com.st.stm32cube.ide.mcu.externaltools.gnu-tools-for-stm32.10.3-2021.10.win32_1.0.0.202111181127/tools/bin/../lib/gcc/arm-none-eabi/10.3.1/../../../../arm-none-eabi/lib/thumb/v7e-m+fp/hard\libnosys.a
END GROUP
LOAD c:/st/stm32cubeide_1.10.0/stm32cubeide/plugins/com.st.stm32cube.ide.mcu.externaltools.gnu-tools-for-stm32.10.3-2021.10.win32_1.0.0.202111181127/tools/bin/../lib/gcc/arm-none-eabi/10.3.1/thumb/v7e-m+fp/hard/crtend.o
LOAD c:/st/stm32cubeide_1.10.0/stm32cubeide/plugins/com.st.stm32cube.ide.mcu.externaltools.gnu-tools-for-stm32.10.3-2021.10.win32_1.0.0.202111181127/tools/bin/../lib/gcc/arm-none-eabi/10.3.1/thumb/v7e-m+fp/hard/crtn.o
                0x0000000020003000                _estack = (ORIGIN (RAM) + LENGTH (RAM))
                0x0000000000000200                _Min_Heap_Size = 0x200
                0x0000000000000400                _Min_Stack_Size = 0x400

.isr_vector     0x0000000008000000      0x188
                0x0000000008000000                . = ALIGN (0x4)
 *(.isr_vector)
 .isr_vector    0x0000000008000000      0x188 Core\Startup\startup_stm32f334r8tx.o
                0x0000000008000000                g_pfnVectors
                0x0000000008000188                . = ALIGN (0x4)

.text           0x0000000008000188     0x725c
                0x0000000008000188                . = ALIGN (0x4)
 *(.text)
 .text          0x0000000008000188       0x40 c:/st/stm32cubeide_1.10.0/stm32cubeide/plugins/com.st.stm32cube.ide.mcu.externaltools.gnu-tools-for-stm32.10.3-2021.10.win32_1.0.0.202111181127/tools/bin/../lib/gcc/arm-none-eabi/10.3.1/thumb/v7e-m+fp/hard/crtbegin.o
 .text          0x00000000080001c8      0x378 c:/st/stm32cubeide_1.10.0/stm32cubeide/plugins/com.st.stm32cube.ide.mcu.externaltools.gnu-tools-for-stm32.10.3-2021.10.win32_1.0.0.202111181127/tools/bin/../lib/gcc/arm-none-eabi/10.3.1/thumb/v7e-m+fp/hard\libgcc.a(_arm_addsubdf3.o)
                0x00000000080001c8                __aeabi_drsub
                0x00000000080001d0                __aeabi_dsub
                0x00000000080001d0                __subdf3
                0x00000000080001d4                __aeabi_dadd
                0x00000000080001d4                __adddf3
                0x000000000800044c                __floatunsidf
                0x000000000800044c                __aeabi_ui2d
                0x000000000800046c                __floatsidf
                0x000000000800046c                __aeabi_i2d
                0x0000000008000490                __aeabi_f2d
                0x0000000008000490                __extendsfdf2
                0x00000000080004d4                __floatundidf
                0x00000000080004d4                __aeabi_ul2d
                0x00000000080004e4                __floatdidf
                0x00000000080004e4                __aeabi_l2d
 .text          0x0000000008000540      0x424 c:/st/stm32cubeide_1.10.0/stm32cubeide/plugins/com.st.stm32cube.ide.mcu.externaltools.gnu-tools-for-stm32.10.3-2021.10.win32_1.0.0.202111181127/tools/bin/../lib/gcc/arm-none-eabi/10.3.1/thumb/v7e-m+fp/hard\libgcc.a(_arm_muldivdf3.o)
                0x0000000008000540                __aeabi_dmul
                0x0000000008000540                __muldf3
                0x0000000008000794                __divdf3
                0x0000000008000794                __aeabi_ddiv
 .text          0x0000000008000964       0x40 c:/st/stm32cubeide_1.10.0/stm32cubeide/plugins/com.st.stm32cube.ide.mcu.externaltools.gnu-tools-for-stm32.10.3-2021.10.win32_1.0.0.202111181127/tools/bin/../lib/gcc/arm-none-eabi/10.3.1/thumb/v7e-m+fp/hard\libgcc.a(_arm_fixunsdfsi.o)
                0x0000000008000964                __aeabi_d2uiz
                0x0000000008000964                __fixunsdfsi
 .text          0x00000000080009a4       0xa0 c:/st/stm32cubeide_1.10.0/stm32cubeide/plugins/com.st.stm32cube.ide.mcu.externaltools.gnu-tools-for-stm32.10.3-2021.10.win32_1.0.0.202111181127/tools/bin/../lib/gcc/arm-none-eabi/10.3.1/thumb/v7e-m+fp/hard\libgcc.a(_arm_truncdfsf2.o)
                0x00000000080009a4                __truncdfsf2
                0x00000000080009a4                __aeabi_d2f
 *(.text*)
 .text.GAS_Can_txSetting
                0x0000000008000a44       0x74 Core\Src\GAS_Can.o
                0x0000000008000a44                GAS_Can_txSetting
 .text.GAS_Can_rxSetting
                0x0000000008000ab8       0xec Core\Src\GAS_Can.o
                0x0000000008000ab8                GAS_Can_rxSetting
 .text.GAS_Can_init
                0x0000000008000ba4       0x40 Core\Src\GAS_Can.o
                0x0000000008000ba4                GAS_Can_init
 .text.GAS_Can_sendMessage
                0x0000000008000be4      0x1b4 Core\Src\GAS_Can.o
                0x0000000008000be4                GAS_Can_sendMessage
 .text.HAL_CAN_RxFifo0MsgPendingCallback
                0x0000000008000d98       0x54 Core\Src\GAS_Can.o
                0x0000000008000d98                HAL_CAN_RxFifo0MsgPendingCallback
 .text.HAL_CAN_RxFifo1MsgPendingCallback
                0x0000000008000dec       0x54 Core\Src\GAS_Can.o
                0x0000000008000dec                HAL_CAN_RxFifo1MsgPendingCallback
 .text.GAS_PWM_inputInit
                0x0000000008000e40       0x2c Core\Src\GAS_PWM.o
                0x0000000008000e40                GAS_PWM_inputInit
 .text.GAS_PWM_outputInit
                0x0000000008000e6c       0x6c Core\Src\GAS_PWM.o
                0x0000000008000e6c                GAS_PWM_outputInit
 .text.GAS_PWM_Fan_run
                0x0000000008000ed8      0x3b4 Core\Src\GAS_PWM.o
                0x0000000008000ed8                GAS_PWM_Fan_run
 .text.GAS_PWM_Check
                0x000000000800128c       0x98 Core\Src\GAS_PWM.o
                0x000000000800128c                GAS_PWM_Check
 .text.__NVIC_SetPriority
                0x0000000008001324       0x54 Core\Src\GAS_Scheduler.o
 .text.SysTick_Config
                0x0000000008001378       0x44 Core\Src\GAS_Scheduler.o
 .text.GAS_Scheduler_init
                0x00000000080013bc       0x30 Core\Src\GAS_Scheduler.o
                0x00000000080013bc                GAS_Scheduler_init
 .text.GAS_Scheduler_taskCounter_1ms
                0x00000000080013ec        0xe Core\Src\GAS_Scheduler.o
                0x00000000080013ec                GAS_Scheduler_taskCounter_1ms
 .text.GAS_Scheduler_taskCounter_10ms
                0x00000000080013fa        0xc Core\Src\GAS_Scheduler.o
                0x00000000080013fa                GAS_Scheduler_taskCounter_10ms
 .text.GAS_Scheduler_taskCounter_100ms
                0x0000000008001406        0xc Core\Src\GAS_Scheduler.o
                0x0000000008001406                GAS_Scheduler_taskCounter_100ms
 *fill*         0x0000000008001412        0x2 
 .text.GAS_Scheduler_taskCounter_1000ms
                0x0000000008001414       0x20 Core\Src\GAS_Scheduler.o
                0x0000000008001414                GAS_Scheduler_taskCounter_1000ms
 .text.HAL_SYSTICK_Callback
                0x0000000008001434       0x8c Core\Src\GAS_Scheduler.o
                0x0000000008001434                HAL_SYSTICK_Callback
 .text.GAS_Scheduler
                0x00000000080014c0       0x5c Core\Src\GAS_Scheduler.o
                0x00000000080014c0                GAS_Scheduler
 .text.MX_ADC1_Init
                0x000000000800151c       0xfc Core\Src\adc.o
                0x000000000800151c                MX_ADC1_Init
 .text.HAL_ADC_MspInit
                0x0000000008001618      0x104 Core\Src\adc.o
                0x0000000008001618                HAL_ADC_MspInit
 .text.MX_CAN_Init
                0x000000000800171c       0x6c Core\Src\can.o
                0x000000000800171c                MX_CAN_Init
 .text.HAL_CAN_MspInit
                0x0000000008001788       0x88 Core\Src\can.o
                0x0000000008001788                HAL_CAN_MspInit
 .text.MX_DMA_Init
                0x0000000008001810       0x3c Core\Src\dma.o
                0x0000000008001810                MX_DMA_Init
 .text.MX_GPIO_Init
                0x000000000800184c      0x140 Core\Src\gpio.o
                0x000000000800184c                MX_GPIO_Init
 .text.main     0x000000000800198c       0x42 Core\Src\main.o
                0x000000000800198c                main
 .text.SystemClock_Config
                0x00000000080019ce       0xc2 Core\Src\main.o
                0x00000000080019ce                SystemClock_Config
 .text.MX_NVIC_Init
                0x0000000008001a90       0x28 Core\Src\main.o
 .text.Error_Handler
                0x0000000008001ab8        0xa Core\Src\main.o
                0x0000000008001ab8                Error_Handler
 *fill*         0x0000000008001ac2        0x2 
 .text.HAL_MspInit
                0x0000000008001ac4       0x48 Core\Src\stm32f3xx_hal_msp.o
                0x0000000008001ac4                HAL_MspInit
 .text.NMI_Handler
                0x0000000008001b0c        0x6 Core\Src\stm32f3xx_it.o
                0x0000000008001b0c                NMI_Handler
 .text.HardFault_Handler
                0x0000000008001b12        0x6 Core\Src\stm32f3xx_it.o
                0x0000000008001b12                HardFault_Handler
 .text.MemManage_Handler
                0x0000000008001b18        0x6 Core\Src\stm32f3xx_it.o
                0x0000000008001b18                MemManage_Handler
 .text.BusFault_Handler
                0x0000000008001b1e        0x6 Core\Src\stm32f3xx_it.o
                0x0000000008001b1e                BusFault_Handler
 .text.UsageFault_Handler
                0x0000000008001b24        0x6 Core\Src\stm32f3xx_it.o
                0x0000000008001b24                UsageFault_Handler
 .text.SVC_Handler
                0x0000000008001b2a        0xe Core\Src\stm32f3xx_it.o
                0x0000000008001b2a                SVC_Handler
 .text.DebugMon_Handler
                0x0000000008001b38        0xe Core\Src\stm32f3xx_it.o
                0x0000000008001b38                DebugMon_Handler
 .text.PendSV_Handler
                0x0000000008001b46        0xe Core\Src\stm32f3xx_it.o
                0x0000000008001b46                PendSV_Handler
 .text.SysTick_Handler
                0x0000000008001b54       0x10 Core\Src\stm32f3xx_it.o
                0x0000000008001b54                SysTick_Handler
 .text.DMA1_Channel1_IRQHandler
                0x0000000008001b64       0x14 Core\Src\stm32f3xx_it.o
                0x0000000008001b64                DMA1_Channel1_IRQHandler
 .text.CAN_RX0_IRQHandler
                0x0000000008001b78       0x14 Core\Src\stm32f3xx_it.o
                0x0000000008001b78                CAN_RX0_IRQHandler
 .text.CAN_RX1_IRQHandler
                0x0000000008001b8c       0x14 Core\Src\stm32f3xx_it.o
                0x0000000008001b8c                CAN_RX1_IRQHandler
 .text.SystemInit
                0x0000000008001ba0       0x24 Core\Src\system_stm32f3xx.o
                0x0000000008001ba0                SystemInit
 .text.MX_TIM1_Init
                0x0000000008001bc4      0x18c Core\Src\tim.o
                0x0000000008001bc4                MX_TIM1_Init
 .text.MX_TIM2_Init
                0x0000000008001d50      0x118 Core\Src\tim.o
                0x0000000008001d50                MX_TIM2_Init
 .text.MX_TIM3_Init
                0x0000000008001e68      0x11c Core\Src\tim.o
                0x0000000008001e68                MX_TIM3_Init
 .text.MX_TIM15_Init
                0x0000000008001f84       0xac Core\Src\tim.o
                0x0000000008001f84                MX_TIM15_Init
 .text.MX_TIM16_Init
                0x0000000008002030       0x94 Core\Src\tim.o
                0x0000000008002030                MX_TIM16_Init
 .text.MX_TIM17_Init
                0x00000000080020c4       0x94 Core\Src\tim.o
                0x00000000080020c4                MX_TIM17_Init
 .text.HAL_TIM_Base_MspInit
                0x0000000008002158      0x15c Core\Src\tim.o
                0x0000000008002158                HAL_TIM_Base_MspInit
 .text.HAL_TIM_IC_MspInit
                0x00000000080022b4       0x88 Core\Src\tim.o
                0x00000000080022b4                HAL_TIM_IC_MspInit
 .text.HAL_TIM_MspPostInit
                0x000000000800233c      0x138 Core\Src\tim.o
                0x000000000800233c                HAL_TIM_MspPostInit
 .text.Reset_Handler
                0x0000000008002474       0x50 Core\Startup\startup_stm32f334r8tx.o
                0x0000000008002474                Reset_Handler
 .text.Default_Handler
                0x00000000080024c4        0x2 Core\Startup\startup_stm32f334r8tx.o
                0x00000000080024c4                RTC_Alarm_IRQHandler
                0x00000000080024c4                HRTIM1_Master_IRQHandler
                0x00000000080024c4                TIM1_CC_IRQHandler
                0x00000000080024c4                HRTIM1_FLT_IRQHandler
                0x00000000080024c4                PVD_IRQHandler
                0x00000000080024c4                HRTIM1_TIMD_IRQHandler
                0x00000000080024c4                TAMP_STAMP_IRQHandler
                0x00000000080024c4                EXTI3_IRQHandler
                0x00000000080024c4                EXTI0_IRQHandler
                0x00000000080024c4                FPU_IRQHandler
                0x00000000080024c4                CAN_TX_IRQHandler
                0x00000000080024c4                TIM1_UP_TIM16_IRQHandler
                0x00000000080024c4                ADC1_2_IRQHandler
                0x00000000080024c4                HRTIM1_TIME_IRQHandler
                0x00000000080024c4                SPI1_IRQHandler
                0x00000000080024c4                CAN_SCE_IRQHandler
                0x00000000080024c4                HRTIM1_TIMC_IRQHandler
                0x00000000080024c4                DMA1_Channel4_IRQHandler
                0x00000000080024c4                USART3_IRQHandler
                0x00000000080024c4                DMA1_Channel7_IRQHandler
                0x00000000080024c4                TIM7_DAC2_IRQHandler
                0x00000000080024c4                I2C1_EV_IRQHandler
                0x00000000080024c4                DMA1_Channel6_IRQHandler
                0x00000000080024c4                TIM3_IRQHandler
                0x00000000080024c4                RCC_IRQHandler
                0x00000000080024c4                Default_Handler
                0x00000000080024c4                EXTI15_10_IRQHandler
                0x00000000080024c4                COMP2_IRQHandler
                0x00000000080024c4                HRTIM1_TIMA_IRQHandler
                0x00000000080024c4                TIM6_DAC1_IRQHandler
                0x00000000080024c4                EXTI9_5_IRQHandler
                0x00000000080024c4                RTC_WKUP_IRQHandler
                0x00000000080024c4                DMA1_Channel5_IRQHandler
                0x00000000080024c4                EXTI4_IRQHandler
                0x00000000080024c4                HRTIM1_TIMB_IRQHandler
                0x00000000080024c4                TIM1_TRG_COM_TIM17_IRQHandler
                0x00000000080024c4                DMA1_Channel3_IRQHandler
                0x00000000080024c4                WWDG_IRQHandler
                0x00000000080024c4                TIM2_IRQHandler
                0x00000000080024c4                EXTI1_IRQHandler
                0x00000000080024c4                COMP4_6_IRQHandler
                0x00000000080024c4                USART2_IRQHandler
                0x00000000080024c4                DMA1_Channel2_IRQHandler
                0x00000000080024c4                FLASH_IRQHandler
                0x00000000080024c4                USART1_IRQHandler
                0x00000000080024c4                I2C1_ER_IRQHandler
                0x00000000080024c4                EXTI2_TSC_IRQHandler
                0x00000000080024c4                TIM1_BRK_TIM15_IRQHandler
 *fill*         0x00000000080024c6        0x2 
 .text.HAL_Init
                0x00000000080024c8       0x2c Drivers\STM32F3xx_HAL_Driver\Src\stm32f3xx_hal.o
                0x00000000080024c8                HAL_Init
 .text.HAL_InitTick
                0x00000000080024f4       0x60 Drivers\STM32F3xx_HAL_Driver\Src\stm32f3xx_hal.o
                0x00000000080024f4                HAL_InitTick
 .text.HAL_IncTick
                0x0000000008002554       0x28 Drivers\STM32F3xx_HAL_Driver\Src\stm32f3xx_hal.o
                0x0000000008002554                HAL_IncTick
 .text.HAL_GetTick
                0x000000000800257c       0x18 Drivers\STM32F3xx_HAL_Driver\Src\stm32f3xx_hal.o
                0x000000000800257c                HAL_GetTick
 .text.HAL_ADC_Init
                0x0000000008002594      0x324 Drivers\STM32F3xx_HAL_Driver\Src\stm32f3xx_hal_adc_ex.o
                0x0000000008002594                HAL_ADC_Init
 .text.HAL_ADC_ConfigChannel
                0x00000000080028b8      0x580 Drivers\STM32F3xx_HAL_Driver\Src\stm32f3xx_hal_adc_ex.o
                0x00000000080028b8                HAL_ADC_ConfigChannel
 .text.HAL_ADCEx_MultiModeConfigChannel
                0x0000000008002e38      0x18c Drivers\STM32F3xx_HAL_Driver\Src\stm32f3xx_hal_adc_ex.o
                0x0000000008002e38                HAL_ADCEx_MultiModeConfigChannel
 .text.ADC_Disable
                0x0000000008002fc4       0xcc Drivers\STM32F3xx_HAL_Driver\Src\stm32f3xx_hal_adc_ex.o
 .text.HAL_CAN_Init
                0x0000000008003090      0x1f6 Drivers\STM32F3xx_HAL_Driver\Src\stm32f3xx_hal_can.o
                0x0000000008003090                HAL_CAN_Init
 .text.HAL_CAN_ConfigFilter
                0x0000000008003286      0x194 Drivers\STM32F3xx_HAL_Driver\Src\stm32f3xx_hal_can.o
                0x0000000008003286                HAL_CAN_ConfigFilter
 .text.HAL_CAN_Start
                0x000000000800341a       0x88 Drivers\STM32F3xx_HAL_Driver\Src\stm32f3xx_hal_can.o
                0x000000000800341a                HAL_CAN_Start
 .text.HAL_CAN_AddTxMessage
                0x00000000080034a2      0x1b6 Drivers\STM32F3xx_HAL_Driver\Src\stm32f3xx_hal_can.o
                0x00000000080034a2                HAL_CAN_AddTxMessage
 .text.HAL_CAN_GetTxMailboxesFreeLevel
                0x0000000008003658       0x6a Drivers\STM32F3xx_HAL_Driver\Src\stm32f3xx_hal_can.o
                0x0000000008003658                HAL_CAN_GetTxMailboxesFreeLevel
 .text.HAL_CAN_GetRxMessage
                0x00000000080036c2      0x224 Drivers\STM32F3xx_HAL_Driver\Src\stm32f3xx_hal_can.o
                0x00000000080036c2                HAL_CAN_GetRxMessage
 .text.HAL_CAN_ActivateNotification
                0x00000000080038e6       0x4c Drivers\STM32F3xx_HAL_Driver\Src\stm32f3xx_hal_can.o
                0x00000000080038e6                HAL_CAN_ActivateNotification
 .text.HAL_CAN_IRQHandler
                0x0000000008003932      0x36e Drivers\STM32F3xx_HAL_Driver\Src\stm32f3xx_hal_can.o
                0x0000000008003932                HAL_CAN_IRQHandler
 .text.HAL_CAN_TxMailbox0CompleteCallback
                0x0000000008003ca0       0x14 Drivers\STM32F3xx_HAL_Driver\Src\stm32f3xx_hal_can.o
                0x0000000008003ca0                HAL_CAN_TxMailbox0CompleteCallback
 .text.HAL_CAN_TxMailbox1CompleteCallback
                0x0000000008003cb4       0x14 Drivers\STM32F3xx_HAL_Driver\Src\stm32f3xx_hal_can.o
                0x0000000008003cb4                HAL_CAN_TxMailbox1CompleteCallback
 .text.HAL_CAN_TxMailbox2CompleteCallback
                0x0000000008003cc8       0x14 Drivers\STM32F3xx_HAL_Driver\Src\stm32f3xx_hal_can.o
                0x0000000008003cc8                HAL_CAN_TxMailbox2CompleteCallback
 .text.HAL_CAN_TxMailbox0AbortCallback
                0x0000000008003cdc       0x14 Drivers\STM32F3xx_HAL_Driver\Src\stm32f3xx_hal_can.o
                0x0000000008003cdc                HAL_CAN_TxMailbox0AbortCallback
 .text.HAL_CAN_TxMailbox1AbortCallback
                0x0000000008003cf0       0x14 Drivers\STM32F3xx_HAL_Driver\Src\stm32f3xx_hal_can.o
                0x0000000008003cf0                HAL_CAN_TxMailbox1AbortCallback
 .text.HAL_CAN_TxMailbox2AbortCallback
                0x0000000008003d04       0x14 Drivers\STM32F3xx_HAL_Driver\Src\stm32f3xx_hal_can.o
                0x0000000008003d04                HAL_CAN_TxMailbox2AbortCallback
 .text.HAL_CAN_RxFifo0FullCallback
                0x0000000008003d18       0x14 Drivers\STM32F3xx_HAL_Driver\Src\stm32f3xx_hal_can.o
                0x0000000008003d18                HAL_CAN_RxFifo0FullCallback
 .text.HAL_CAN_RxFifo1FullCallback
                0x0000000008003d2c       0x14 Drivers\STM32F3xx_HAL_Driver\Src\stm32f3xx_hal_can.o
                0x0000000008003d2c                HAL_CAN_RxFifo1FullCallback
 .text.HAL_CAN_SleepCallback
                0x0000000008003d40       0x14 Drivers\STM32F3xx_HAL_Driver\Src\stm32f3xx_hal_can.o
                0x0000000008003d40                HAL_CAN_SleepCallback
 .text.HAL_CAN_WakeUpFromRxMsgCallback
                0x0000000008003d54       0x14 Drivers\STM32F3xx_HAL_Driver\Src\stm32f3xx_hal_can.o
                0x0000000008003d54                HAL_CAN_WakeUpFromRxMsgCallback
 .text.HAL_CAN_ErrorCallback
                0x0000000008003d68       0x14 Drivers\STM32F3xx_HAL_Driver\Src\stm32f3xx_hal_can.o
                0x0000000008003d68                HAL_CAN_ErrorCallback
 .text.__NVIC_SetPriorityGrouping
                0x0000000008003d7c       0x48 Drivers\STM32F3xx_HAL_Driver\Src\stm32f3xx_hal_cortex.o
 .text.__NVIC_GetPriorityGrouping
                0x0000000008003dc4       0x1c Drivers\STM32F3xx_HAL_Driver\Src\stm32f3xx_hal_cortex.o
 .text.__NVIC_EnableIRQ
                0x0000000008003de0       0x3c Drivers\STM32F3xx_HAL_Driver\Src\stm32f3xx_hal_cortex.o
 .text.__NVIC_SetPriority
                0x0000000008003e1c       0x54 Drivers\STM32F3xx_HAL_Driver\Src\stm32f3xx_hal_cortex.o
 .text.NVIC_EncodePriority
                0x0000000008003e70       0x66 Drivers\STM32F3xx_HAL_Driver\Src\stm32f3xx_hal_cortex.o
 *fill*         0x0000000008003ed6        0x2 
 .text.SysTick_Config
                0x0000000008003ed8       0x44 Drivers\STM32F3xx_HAL_Driver\Src\stm32f3xx_hal_cortex.o
 .text.HAL_NVIC_SetPriorityGrouping
                0x0000000008003f1c       0x16 Drivers\STM32F3xx_HAL_Driver\Src\stm32f3xx_hal_cortex.o
                0x0000000008003f1c                HAL_NVIC_SetPriorityGrouping
 .text.HAL_NVIC_SetPriority
                0x0000000008003f32       0x38 Drivers\STM32F3xx_HAL_Driver\Src\stm32f3xx_hal_cortex.o
                0x0000000008003f32                HAL_NVIC_SetPriority
 .text.HAL_NVIC_EnableIRQ
                0x0000000008003f6a       0x1c Drivers\STM32F3xx_HAL_Driver\Src\stm32f3xx_hal_cortex.o
                0x0000000008003f6a                HAL_NVIC_EnableIRQ
 .text.HAL_SYSTICK_Config
                0x0000000008003f86       0x18 Drivers\STM32F3xx_HAL_Driver\Src\stm32f3xx_hal_cortex.o
                0x0000000008003f86                HAL_SYSTICK_Config
 .text.HAL_SYSTICK_IRQHandler
                0x0000000008003f9e        0xc Drivers\STM32F3xx_HAL_Driver\Src\stm32f3xx_hal_cortex.o
                0x0000000008003f9e                HAL_SYSTICK_IRQHandler
 .text.HAL_DMA_Init
                0x0000000008003faa       0x8e Drivers\STM32F3xx_HAL_Driver\Src\stm32f3xx_hal_dma.o
                0x0000000008003faa                HAL_DMA_Init
 .text.HAL_DMA_IRQHandler
                0x0000000008004038      0x146 Drivers\STM32F3xx_HAL_Driver\Src\stm32f3xx_hal_dma.o
                0x0000000008004038                HAL_DMA_IRQHandler
 *fill*         0x000000000800417e        0x2 
 .text.DMA_CalcBaseAndBitshift
                0x0000000008004180       0x40 Drivers\STM32F3xx_HAL_Driver\Src\stm32f3xx_hal_dma.o
 .text.HAL_GPIO_Init
                0x00000000080041c0      0x2e4 Drivers\STM32F3xx_HAL_Driver\Src\stm32f3xx_hal_gpio.o
                0x00000000080041c0                HAL_GPIO_Init
 .text.HAL_GPIO_ReadPin
                0x00000000080044a4       0x30 Drivers\STM32F3xx_HAL_Driver\Src\stm32f3xx_hal_gpio.o
                0x00000000080044a4                HAL_GPIO_ReadPin
 .text.HAL_GPIO_WritePin
                0x00000000080044d4       0x30 Drivers\STM32F3xx_HAL_Driver\Src\stm32f3xx_hal_gpio.o
                0x00000000080044d4                HAL_GPIO_WritePin
 .text.HAL_GPIO_TogglePin
                0x0000000008004504       0x34 Drivers\STM32F3xx_HAL_Driver\Src\stm32f3xx_hal_gpio.o
                0x0000000008004504                HAL_GPIO_TogglePin
 .text.HAL_RCC_OscConfig
                0x0000000008004538     0x107c Drivers\STM32F3xx_HAL_Driver\Src\stm32f3xx_hal_rcc.o
                0x0000000008004538                HAL_RCC_OscConfig
 .text.HAL_RCC_ClockConfig
                0x00000000080055b4      0x2f8 Drivers\STM32F3xx_HAL_Driver\Src\stm32f3xx_hal_rcc.o
                0x00000000080055b4                HAL_RCC_ClockConfig
 .text.HAL_RCC_GetSysClockFreq
                0x00000000080058ac       0xd4 Drivers\STM32F3xx_HAL_Driver\Src\stm32f3xx_hal_rcc.o
                0x00000000080058ac                HAL_RCC_GetSysClockFreq
 .text.HAL_RCCEx_PeriphCLKConfig
                0x0000000008005980      0x26c Drivers\STM32F3xx_HAL_Driver\Src\stm32f3xx_hal_rcc_ex.o
                0x0000000008005980                HAL_RCCEx_PeriphCLKConfig
 .text.HAL_TIM_Base_Init
                0x0000000008005bec       0xae Drivers\STM32F3xx_HAL_Driver\Src\stm32f3xx_hal_tim.o
                0x0000000008005bec                HAL_TIM_Base_Init
 .text.HAL_TIM_PWM_Init
                0x0000000008005c9a       0xae Drivers\STM32F3xx_HAL_Driver\Src\stm32f3xx_hal_tim.o
                0x0000000008005c9a                HAL_TIM_PWM_Init
 .text.HAL_TIM_PWM_MspInit
                0x0000000008005d48       0x14 Drivers\STM32F3xx_HAL_Driver\Src\stm32f3xx_hal_tim.o
                0x0000000008005d48                HAL_TIM_PWM_MspInit
 .text.HAL_TIM_PWM_Start
                0x0000000008005d5c      0x1d8 Drivers\STM32F3xx_HAL_Driver\Src\stm32f3xx_hal_tim.o
                0x0000000008005d5c                HAL_TIM_PWM_Start
 .text.HAL_TIM_IC_Init
                0x0000000008005f34       0xae Drivers\STM32F3xx_HAL_Driver\Src\stm32f3xx_hal_tim.o
                0x0000000008005f34                HAL_TIM_IC_Init
 *fill*         0x0000000008005fe2        0x2 
 .text.HAL_TIM_IC_Start_IT
                0x0000000008005fe4      0x268 Drivers\STM32F3xx_HAL_Driver\Src\stm32f3xx_hal_tim.o
                0x0000000008005fe4                HAL_TIM_IC_Start_IT
 .text.HAL_TIM_IC_ConfigChannel
                0x000000000800624c      0x138 Drivers\STM32F3xx_HAL_Driver\Src\stm32f3xx_hal_tim.o
                0x000000000800624c                HAL_TIM_IC_ConfigChannel
 .text.HAL_TIM_PWM_ConfigChannel
                0x0000000008006384      0x228 Drivers\STM32F3xx_HAL_Driver\Src\stm32f3xx_hal_tim.o
                0x0000000008006384                HAL_TIM_PWM_ConfigChannel
 .text.HAL_TIM_ConfigClockSource
                0x00000000080065ac      0x192 Drivers\STM32F3xx_HAL_Driver\Src\stm32f3xx_hal_tim.o
                0x00000000080065ac                HAL_TIM_ConfigClockSource
 *fill*         0x000000000800673e        0x2 
 .text.HAL_TIM_ReadCapturedValue
                0x0000000008006740       0x88 Drivers\STM32F3xx_HAL_Driver\Src\stm32f3xx_hal_tim.o
                0x0000000008006740                HAL_TIM_ReadCapturedValue
 .text.TIM_Base_SetConfig
                0x00000000080067c8       0xf0 Drivers\STM32F3xx_HAL_Driver\Src\stm32f3xx_hal_tim.o
                0x00000000080067c8                TIM_Base_SetConfig
 .text.TIM_OC1_SetConfig
                0x00000000080068b8      0x10c Drivers\STM32F3xx_HAL_Driver\Src\stm32f3xx_hal_tim.o
 .text.TIM_OC2_SetConfig
                0x00000000080069c4      0x100 Drivers\STM32F3xx_HAL_Driver\Src\stm32f3xx_hal_tim.o
                0x00000000080069c4                TIM_OC2_SetConfig
 .text.TIM_OC3_SetConfig
                0x0000000008006ac4       0xfc Drivers\STM32F3xx_HAL_Driver\Src\stm32f3xx_hal_tim.o
 .text.TIM_OC4_SetConfig
                0x0000000008006bc0       0xc8 Drivers\STM32F3xx_HAL_Driver\Src\stm32f3xx_hal_tim.o
 .text.TIM_OC5_SetConfig
                0x0000000008006c88       0xbc Drivers\STM32F3xx_HAL_Driver\Src\stm32f3xx_hal_tim.o
 .text.TIM_OC6_SetConfig
                0x0000000008006d44       0xc0 Drivers\STM32F3xx_HAL_Driver\Src\stm32f3xx_hal_tim.o
 .text.TIM_TI1_SetConfig
                0x0000000008006e04       0xb8 Drivers\STM32F3xx_HAL_Driver\Src\stm32f3xx_hal_tim.o
                0x0000000008006e04                TIM_TI1_SetConfig
 .text.TIM_TI1_ConfigInputStage
                0x0000000008006ebc       0x5e Drivers\STM32F3xx_HAL_Driver\Src\stm32f3xx_hal_tim.o
 .text.TIM_TI2_SetConfig
                0x0000000008006f1a       0x7a Drivers\STM32F3xx_HAL_Driver\Src\stm32f3xx_hal_tim.o
 .text.TIM_TI2_ConfigInputStage
                0x0000000008006f94       0x60 Drivers\STM32F3xx_HAL_Driver\Src\stm32f3xx_hal_tim.o
 .text.TIM_TI3_SetConfig
                0x0000000008006ff4       0x78 Drivers\STM32F3xx_HAL_Driver\Src\stm32f3xx_hal_tim.o
 .text.TIM_TI4_SetConfig
                0x000000000800706c       0x7a Drivers\STM32F3xx_HAL_Driver\Src\stm32f3xx_hal_tim.o
 .text.TIM_ITRx_SetConfig
                0x00000000080070e6       0x36 Drivers\STM32F3xx_HAL_Driver\Src\stm32f3xx_hal_tim.o
 .text.TIM_ETR_SetConfig
                0x000000000800711c       0x40 Drivers\STM32F3xx_HAL_Driver\Src\stm32f3xx_hal_tim.o
                0x000000000800711c                TIM_ETR_SetConfig
 .text.TIM_CCxChannelCmd
                0x000000000800715c       0x4a Drivers\STM32F3xx_HAL_Driver\Src\stm32f3xx_hal_tim.o
                0x000000000800715c                TIM_CCxChannelCmd
 *fill*         0x00000000080071a6        0x2 
 .text.HAL_TIMEx_MasterConfigSynchronization
                0x00000000080071a8       0xdc Drivers\STM32F3xx_HAL_Driver\Src\stm32f3xx_hal_tim_ex.o
                0x00000000080071a8                HAL_TIMEx_MasterConfigSynchronization
 .text.HAL_TIMEx_ConfigBreakDeadTime
                0x0000000008007284       0xf0 Drivers\STM32F3xx_HAL_Driver\Src\stm32f3xx_hal_tim_ex.o
                0x0000000008007284                HAL_TIMEx_ConfigBreakDeadTime
 .text.__libc_init_array
                0x0000000008007374       0x48 c:/st/stm32cubeide_1.10.0/stm32cubeide/plugins/com.st.stm32cube.ide.mcu.externaltools.gnu-tools-for-stm32.10.3-2021.10.win32_1.0.0.202111181127/tools/bin/../lib/gcc/arm-none-eabi/10.3.1/../../../../arm-none-eabi/lib/thumb/v7e-m+fp/hard\libc_nano.a(lib_a-init.o)
                0x0000000008007374                __libc_init_array
 .text.memset   0x00000000080073bc       0x10 c:/st/stm32cubeide_1.10.0/stm32cubeide/plugins/com.st.stm32cube.ide.mcu.externaltools.gnu-tools-for-stm32.10.3-2021.10.win32_1.0.0.202111181127/tools/bin/../lib/gcc/arm-none-eabi/10.3.1/../../../../arm-none-eabi/lib/thumb/v7e-m+fp/hard\libc_nano.a(lib_a-memset.o)
                0x00000000080073bc                memset
 *(.glue_7)
 .glue_7        0x00000000080073cc        0x0 linker stubs
 *(.glue_7t)
 .glue_7t       0x00000000080073cc        0x0 linker stubs
 *(.eh_frame)
 .eh_frame      0x00000000080073cc        0x0 c:/st/stm32cubeide_1.10.0/stm32cubeide/plugins/com.st.stm32cube.ide.mcu.externaltools.gnu-tools-for-stm32.10.3-2021.10.win32_1.0.0.202111181127/tools/bin/../lib/gcc/arm-none-eabi/10.3.1/thumb/v7e-m+fp/hard/crtbegin.o
 *(.init)
 .init          0x00000000080073cc        0x4 c:/st/stm32cubeide_1.10.0/stm32cubeide/plugins/com.st.stm32cube.ide.mcu.externaltools.gnu-tools-for-stm32.10.3-2021.10.win32_1.0.0.202111181127/tools/bin/../lib/gcc/arm-none-eabi/10.3.1/thumb/v7e-m+fp/hard/crti.o
                0x00000000080073cc                _init
 .init          0x00000000080073d0        0x8 c:/st/stm32cubeide_1.10.0/stm32cubeide/plugins/com.st.stm32cube.ide.mcu.externaltools.gnu-tools-for-stm32.10.3-2021.10.win32_1.0.0.202111181127/tools/bin/../lib/gcc/arm-none-eabi/10.3.1/thumb/v7e-m+fp/hard/crtn.o
 *(.fini)
 .fini          0x00000000080073d8        0x4 c:/st/stm32cubeide_1.10.0/stm32cubeide/plugins/com.st.stm32cube.ide.mcu.externaltools.gnu-tools-for-stm32.10.3-2021.10.win32_1.0.0.202111181127/tools/bin/../lib/gcc/arm-none-eabi/10.3.1/thumb/v7e-m+fp/hard/crti.o
                0x00000000080073d8                _fini
 .fini          0x00000000080073dc        0x8 c:/st/stm32cubeide_1.10.0/stm32cubeide/plugins/com.st.stm32cube.ide.mcu.externaltools.gnu-tools-for-stm32.10.3-2021.10.win32_1.0.0.202111181127/tools/bin/../lib/gcc/arm-none-eabi/10.3.1/thumb/v7e-m+fp/hard/crtn.o
                0x00000000080073e4                . = ALIGN (0x4)
                0x00000000080073e4                _etext = .

.vfp11_veneer   0x00000000080073e4        0x0
 .vfp11_veneer  0x00000000080073e4        0x0 linker stubs

.v4_bx          0x00000000080073e4        0x0
 .v4_bx         0x00000000080073e4        0x0 linker stubs

.iplt           0x00000000080073e4        0x0
 .iplt          0x00000000080073e4        0x0 c:/st/stm32cubeide_1.10.0/stm32cubeide/plugins/com.st.stm32cube.ide.mcu.externaltools.gnu-tools-for-stm32.10.3-2021.10.win32_1.0.0.202111181127/tools/bin/../lib/gcc/arm-none-eabi/10.3.1/thumb/v7e-m+fp/hard/crtbegin.o

.rodata         0x00000000080073e4       0x30
                0x00000000080073e4                . = ALIGN (0x4)
 *(.rodata)
 *(.rodata*)
 .rodata.AHBPrescTable
                0x00000000080073e4       0x10 Core\Src\system_stm32f3xx.o
                0x00000000080073e4                AHBPrescTable
 .rodata.aPLLMULFactorTable
                0x00000000080073f4       0x10 Drivers\STM32F3xx_HAL_Driver\Src\stm32f3xx_hal_rcc.o
                0x00000000080073f4                aPLLMULFactorTable
 .rodata.aPredivFactorTable
                0x0000000008007404       0x10 Drivers\STM32F3xx_HAL_Driver\Src\stm32f3xx_hal_rcc.o
                0x0000000008007404                aPredivFactorTable
                0x0000000008007414                . = ALIGN (0x4)

.rel.dyn        0x0000000008007414        0x0
 .rel.iplt      0x0000000008007414        0x0 c:/st/stm32cubeide_1.10.0/stm32cubeide/plugins/com.st.stm32cube.ide.mcu.externaltools.gnu-tools-for-stm32.10.3-2021.10.win32_1.0.0.202111181127/tools/bin/../lib/gcc/arm-none-eabi/10.3.1/thumb/v7e-m+fp/hard/crtbegin.o

.ARM.extab      0x0000000008007414        0x0
                0x0000000008007414                . = ALIGN (0x4)
 *(.ARM.extab* .gnu.linkonce.armextab.*)
                0x0000000008007414                . = ALIGN (0x4)

.ARM            0x0000000008007414        0x0
                0x0000000008007414                . = ALIGN (0x4)
                0x0000000008007414                __exidx_start = .
 *(.ARM.exidx*)
                0x0000000008007414                __exidx_end = .
                0x0000000008007414                . = ALIGN (0x4)

.preinit_array  0x0000000008007414        0x0
                0x0000000008007414                . = ALIGN (0x4)
                0x0000000008007414                PROVIDE (__preinit_array_start = .)
 *(.preinit_array*)
                0x0000000008007414                PROVIDE (__preinit_array_end = .)
                0x0000000008007414                . = ALIGN (0x4)

.init_array     0x0000000008007414        0x4
                0x0000000008007414                . = ALIGN (0x4)
                0x0000000008007414                PROVIDE (__init_array_start = .)
 *(SORT_BY_NAME(.init_array.*))
 *(.init_array*)
 .init_array    0x0000000008007414        0x4 c:/st/stm32cubeide_1.10.0/stm32cubeide/plugins/com.st.stm32cube.ide.mcu.externaltools.gnu-tools-for-stm32.10.3-2021.10.win32_1.0.0.202111181127/tools/bin/../lib/gcc/arm-none-eabi/10.3.1/thumb/v7e-m+fp/hard/crtbegin.o
                0x0000000008007418                PROVIDE (__init_array_end = .)
                0x0000000008007418                . = ALIGN (0x4)

.fini_array     0x0000000008007418        0x4
                0x0000000008007418                . = ALIGN (0x4)
                [!provide]                        PROVIDE (__fini_array_start = .)
 *(SORT_BY_NAME(.fini_array.*))
 *(.fini_array*)
 .fini_array    0x0000000008007418        0x4 c:/st/stm32cubeide_1.10.0/stm32cubeide/plugins/com.st.stm32cube.ide.mcu.externaltools.gnu-tools-for-stm32.10.3-2021.10.win32_1.0.0.202111181127/tools/bin/../lib/gcc/arm-none-eabi/10.3.1/thumb/v7e-m+fp/hard/crtbegin.o
                [!provide]                        PROVIDE (__fini_array_end = .)
                0x000000000800741c                . = ALIGN (0x4)
                0x000000000800741c                _sidata = LOADADDR (.data)

.data           0x0000000020000000       0x20 load address 0x000000000800741c
                0x0000000020000000                . = ALIGN (0x4)
                0x0000000020000000                _sdata = .
 *(.data)
 *(.data*)
 .data.BMSID    0x0000000020000000        0x4 Core\Src\GAS_Can.o
                0x0000000020000000                BMSID
 .data.stm32BattInfoTX1
                0x0000000020000004        0x4 Core\Src\GAS_Can.o
                0x0000000020000004                stm32BattInfoTX1
 .data.stm32BattFanInfoTX2
                0x0000000020000008        0x4 Core\Src\GAS_Can.o
                0x0000000020000008                stm32BattFanInfoTX2
 .data.TC_order_ID
                0x000000002000000c        0x4 Core\Src\GAS_Can.o
                0x000000002000000c                TC_order_ID
 .data.stm32BattTCEcho
                0x0000000020000010        0x4 Core\Src\GAS_Can.o
                0x0000000020000010                stm32BattTCEcho
 .data.SystemCoreClock
                0x0000000020000014        0x4 Core\Src\system_stm32f3xx.o
                0x0000000020000014                SystemCoreClock
 .data.uwTickPrio
                0x0000000020000018        0x4 Drivers\STM32F3xx_HAL_Driver\Src\stm32f3xx_hal.o
                0x0000000020000018                uwTickPrio
 .data.uwTickFreq
                0x000000002000001c        0x1 Drivers\STM32F3xx_HAL_Driver\Src\stm32f3xx_hal.o
                0x000000002000001c                uwTickFreq
 *(.RamFunc)
 *(.RamFunc*)
                0x0000000020000020                . = ALIGN (0x4)
 *fill*         0x000000002000001d        0x3 
                0x0000000020000020                _edata = .

.igot.plt       0x0000000020000020        0x0 load address 0x000000000800743c
 .igot.plt      0x0000000020000020        0x0 c:/st/stm32cubeide_1.10.0/stm32cubeide/plugins/com.st.stm32cube.ide.mcu.externaltools.gnu-tools-for-stm32.10.3-2021.10.win32_1.0.0.202111181127/tools/bin/../lib/gcc/arm-none-eabi/10.3.1/thumb/v7e-m+fp/hard/crtbegin.o
                0x0000000020000020                . = ALIGN (0x4)

.bss            0x0000000020000020      0x3d8 load address 0x000000000800743c
                0x0000000020000020                _sbss = .
                0x0000000020000020                __bss_start__ = _sbss
 *(.bss)
 .bss           0x0000000020000020       0x1c c:/st/stm32cubeide_1.10.0/stm32cubeide/plugins/com.st.stm32cube.ide.mcu.externaltools.gnu-tools-for-stm32.10.3-2021.10.win32_1.0.0.202111181127/tools/bin/../lib/gcc/arm-none-eabi/10.3.1/thumb/v7e-m+fp/hard/crtbegin.o
 *(.bss*)
 .bss.sFilterConfig
                0x000000002000003c       0x28 Core\Src\GAS_Can.o
                0x000000002000003c                sFilterConfig
 .bss.sFilterConfig2
                0x0000000020000064       0x28 Core\Src\GAS_Can.o
                0x0000000020000064                sFilterConfig2
 .bss.canRxHeader
                0x000000002000008c       0x1c Core\Src\GAS_Can.o
                0x000000002000008c                canRxHeader
 .bss.canRxHeader2
                0x00000000200000a8       0x1c Core\Src\GAS_Can.o
                0x00000000200000a8                canRxHeader2
 .bss.canTxHeader
                0x00000000200000c4       0x18 Core\Src\GAS_Can.o
                0x00000000200000c4                canTxHeader
 .bss.canTxHeader2
                0x00000000200000dc       0x18 Core\Src\GAS_Can.o
                0x00000000200000dc                canTxHeader2
 .bss.canTxHeader3
                0x00000000200000f4       0x18 Core\Src\GAS_Can.o
                0x00000000200000f4                canTxHeader3
 .bss.TxMailBox
                0x000000002000010c        0x4 Core\Src\GAS_Can.o
                0x000000002000010c                TxMailBox
 .bss.R_BatteryTemp
                0x0000000020000110        0x8 Core\Src\GAS_Can.o
                0x0000000020000110                R_BatteryTemp
 .bss.T_BatteryDiagnose
                0x0000000020000118        0x8 Core\Src\GAS_Can.o
                0x0000000020000118                T_BatteryDiagnose
 .bss.T_FanStatusData
                0x0000000020000120        0x8 Core\Src\GAS_Can.o
                0x0000000020000120                T_FanStatusData
 .bss.R_TC_order
                0x0000000020000128        0x8 Core\Src\GAS_Can.o
                0x0000000020000128                R_TC_order
 .bss.T_TC_order
                0x0000000020000130        0x8 Core\Src\GAS_Can.o
                0x0000000020000130                T_TC_order
 .bss.pwmIn15   0x0000000020000138        0x8 Core\Src\GAS_PWM.o
                0x0000000020000138                pwmIn15
 .bss.pwmIn16   0x0000000020000140        0x8 Core\Src\GAS_PWM.o
                0x0000000020000140                pwmIn16
 .bss.pwmIn17   0x0000000020000148        0x8 Core\Src\GAS_PWM.o
                0x0000000020000148                pwmIn17
 .bss.per       0x0000000020000150        0x1 Core\Src\GAS_PWM.o
                0x0000000020000150                per
 *fill*         0x0000000020000151        0x3 
 .bss.floatFanPulse
                0x0000000020000154        0x4 Core\Src\GAS_PWM.o
                0x0000000020000154                floatFanPulse
 .bss.floatFanPulse_100
                0x0000000020000158        0x4 Core\Src\GAS_PWM.o
                0x0000000020000158                floatFanPulse_100
 .bss.BMSTemp   0x000000002000015c        0x1 Core\Src\GAS_PWM.o
                0x000000002000015c                BMSTemp
 *fill*         0x000000002000015d        0x1 
 .bss.sideIntake
                0x000000002000015e        0x2 Core\Src\GAS_PWM.o
                0x000000002000015e                sideIntake
 .bss.segmentIntake70
                0x0000000020000160        0x2 Core\Src\GAS_PWM.o
                0x0000000020000160                segmentIntake70
 .bss.segmentExhaust60
                0x0000000020000162        0x2 Core\Src\GAS_PWM.o
                0x0000000020000162                segmentExhaust60
 .bss.segmentExhaust80
                0x0000000020000164        0x2 Core\Src\GAS_PWM.o
                0x0000000020000164                segmentExhaust80
 .bss.pwmChangeFlag
                0x0000000020000166        0x1 Core\Src\GAS_PWM.o
                0x0000000020000166                pwmChangeFlag
 *fill*         0x0000000020000167        0x1 
 .bss.gTimerCnt
                0x0000000020000168        0x4 Core\Src\GAS_Scheduler.o
                0x0000000020000168                gTimerCnt
 .bss.gTask     0x000000002000016c        0x4 Core\Src\GAS_Scheduler.o
                0x000000002000016c                gTask
 .bss.hadc1     0x0000000020000170       0x50 Core\Src\adc.o
                0x0000000020000170                hadc1
 .bss.hdma_adc1
                0x00000000200001c0       0x44 Core\Src\adc.o
                0x00000000200001c0                hdma_adc1
 .bss.hcan      0x0000000020000204       0x28 Core\Src\can.o
                0x0000000020000204                hcan
 .bss.htim1     0x000000002000022c       0x4c Core\Src\tim.o
                0x000000002000022c                htim1
 .bss.htim2     0x0000000020000278       0x4c Core\Src\tim.o
                0x0000000020000278                htim2
 .bss.htim3     0x00000000200002c4       0x4c Core\Src\tim.o
                0x00000000200002c4                htim3
 .bss.htim15    0x0000000020000310       0x4c Core\Src\tim.o
                0x0000000020000310                htim15
 .bss.htim16    0x000000002000035c       0x4c Core\Src\tim.o
                0x000000002000035c                htim16
 .bss.htim17    0x00000000200003a8       0x4c Core\Src\tim.o
                0x00000000200003a8                htim17
 .bss.uwTick    0x00000000200003f4        0x4 Drivers\STM32F3xx_HAL_Driver\Src\stm32f3xx_hal.o
                0x00000000200003f4                uwTick
 *(COMMON)
                0x00000000200003f8                . = ALIGN (0x4)
                0x00000000200003f8                _ebss = .
                0x00000000200003f8                __bss_end__ = _ebss

._user_heap_stack
                0x00000000200003f8      0x600 load address 0x000000000800743c
                0x00000000200003f8                . = ALIGN (0x8)
                [!provide]                        PROVIDE (end = .)
                0x00000000200003f8                PROVIDE (_end = .)
                0x00000000200005f8                . = (. + _Min_Heap_Size)
 *fill*         0x00000000200003f8      0x200 
                0x00000000200009f8                . = (. + _Min_Stack_Size)
 *fill*         0x00000000200005f8      0x400 
                0x00000000200009f8                . = ALIGN (0x8)

/DISCARD/
 libc.a(*)
 libm.a(*)
 libgcc.a(*)

.ARM.attributes
                0x0000000000000000       0x30
 *(.ARM.attributes)
 .ARM.attributes
                0x0000000000000000       0x1e c:/st/stm32cubeide_1.10.0/stm32cubeide/plugins/com.st.stm32cube.ide.mcu.externaltools.gnu-tools-for-stm32.10.3-2021.10.win32_1.0.0.202111181127/tools/bin/../lib/gcc/arm-none-eabi/10.3.1/thumb/v7e-m+fp/hard/crti.o
 .ARM.attributes
                0x000000000000001e       0x34 c:/st/stm32cubeide_1.10.0/stm32cubeide/plugins/com.st.stm32cube.ide.mcu.externaltools.gnu-tools-for-stm32.10.3-2021.10.win32_1.0.0.202111181127/tools/bin/../lib/gcc/arm-none-eabi/10.3.1/thumb/v7e-m+fp/hard/crtbegin.o
 .ARM.attributes
                0x0000000000000052       0x34 Core\Src\GAS_Can.o
 .ARM.attributes
                0x0000000000000086       0x34 Core\Src\GAS_PWM.o
 .ARM.attributes
                0x00000000000000ba       0x34 Core\Src\GAS_Scheduler.o
 .ARM.attributes
                0x00000000000000ee       0x34 Core\Src\adc.o
 .ARM.attributes
                0x0000000000000122       0x34 Core\Src\can.o
 .ARM.attributes
                0x0000000000000156       0x34 Core\Src\dma.o
 .ARM.attributes
                0x000000000000018a       0x34 Core\Src\gpio.o
 .ARM.attributes
                0x00000000000001be       0x34 Core\Src\main.o
 .ARM.attributes
                0x00000000000001f2       0x34 Core\Src\stm32f3xx_hal_msp.o
 .ARM.attributes
                0x0000000000000226       0x34 Core\Src\stm32f3xx_it.o
 .ARM.attributes
                0x000000000000025a       0x34 Core\Src\system_stm32f3xx.o
 .ARM.attributes
                0x000000000000028e       0x34 Core\Src\tim.o
 .ARM.attributes
                0x00000000000002c2       0x21 Core\Startup\startup_stm32f334r8tx.o
 .ARM.attributes
                0x00000000000002e3       0x34 Drivers\STM32F3xx_HAL_Driver\Src\stm32f3xx_hal.o
 .ARM.attributes
                0x0000000000000317       0x34 Drivers\STM32F3xx_HAL_Driver\Src\stm32f3xx_hal_adc_ex.o
 .ARM.attributes
                0x000000000000034b       0x34 Drivers\STM32F3xx_HAL_Driver\Src\stm32f3xx_hal_can.o
 .ARM.attributes
                0x000000000000037f       0x34 Drivers\STM32F3xx_HAL_Driver\Src\stm32f3xx_hal_cortex.o
 .ARM.attributes
                0x00000000000003b3       0x34 Drivers\STM32F3xx_HAL_Driver\Src\stm32f3xx_hal_dma.o
 .ARM.attributes
                0x00000000000003e7       0x34 Drivers\STM32F3xx_HAL_Driver\Src\stm32f3xx_hal_gpio.o
 .ARM.attributes
                0x000000000000041b       0x34 Drivers\STM32F3xx_HAL_Driver\Src\stm32f3xx_hal_rcc.o
 .ARM.attributes
                0x000000000000044f       0x34 Drivers\STM32F3xx_HAL_Driver\Src\stm32f3xx_hal_rcc_ex.o
 .ARM.attributes
                0x0000000000000483       0x34 Drivers\STM32F3xx_HAL_Driver\Src\stm32f3xx_hal_tim.o
 .ARM.attributes
                0x00000000000004b7       0x34 Drivers\STM32F3xx_HAL_Driver\Src\stm32f3xx_hal_tim_ex.o
 .ARM.attributes
                0x00000000000004eb       0x34 c:/st/stm32cubeide_1.10.0/stm32cubeide/plugins/com.st.stm32cube.ide.mcu.externaltools.gnu-tools-for-stm32.10.3-2021.10.win32_1.0.0.202111181127/tools/bin/../lib/gcc/arm-none-eabi/10.3.1/../../../../arm-none-eabi/lib/thumb/v7e-m+fp/hard\libc_nano.a(lib_a-init.o)
 .ARM.attributes
                0x000000000000051f       0x34 c:/st/stm32cubeide_1.10.0/stm32cubeide/plugins/com.st.stm32cube.ide.mcu.externaltools.gnu-tools-for-stm32.10.3-2021.10.win32_1.0.0.202111181127/tools/bin/../lib/gcc/arm-none-eabi/10.3.1/../../../../arm-none-eabi/lib/thumb/v7e-m+fp/hard\libc_nano.a(lib_a-memset.o)
 .ARM.attributes
                0x0000000000000553       0x1e c:/st/stm32cubeide_1.10.0/stm32cubeide/plugins/com.st.stm32cube.ide.mcu.externaltools.gnu-tools-for-stm32.10.3-2021.10.win32_1.0.0.202111181127/tools/bin/../lib/gcc/arm-none-eabi/10.3.1/thumb/v7e-m+fp/hard\libgcc.a(_arm_addsubdf3.o)
 .ARM.attributes
                0x0000000000000571       0x1e c:/st/stm32cubeide_1.10.0/stm32cubeide/plugins/com.st.stm32cube.ide.mcu.externaltools.gnu-tools-for-stm32.10.3-2021.10.win32_1.0.0.202111181127/tools/bin/../lib/gcc/arm-none-eabi/10.3.1/thumb/v7e-m+fp/hard\libgcc.a(_arm_muldivdf3.o)
 .ARM.attributes
                0x000000000000058f       0x1e c:/st/stm32cubeide_1.10.0/stm32cubeide/plugins/com.st.stm32cube.ide.mcu.externaltools.gnu-tools-for-stm32.10.3-2021.10.win32_1.0.0.202111181127/tools/bin/../lib/gcc/arm-none-eabi/10.3.1/thumb/v7e-m+fp/hard\libgcc.a(_arm_fixunsdfsi.o)
 .ARM.attributes
                0x00000000000005ad       0x1e c:/st/stm32cubeide_1.10.0/stm32cubeide/plugins/com.st.stm32cube.ide.mcu.externaltools.gnu-tools-for-stm32.10.3-2021.10.win32_1.0.0.202111181127/tools/bin/../lib/gcc/arm-none-eabi/10.3.1/thumb/v7e-m+fp/hard\libgcc.a(_arm_truncdfsf2.o)
 .ARM.attributes
                0x00000000000005cb       0x1e c:/st/stm32cubeide_1.10.0/stm32cubeide/plugins/com.st.stm32cube.ide.mcu.externaltools.gnu-tools-for-stm32.10.3-2021.10.win32_1.0.0.202111181127/tools/bin/../lib/gcc/arm-none-eabi/10.3.1/thumb/v7e-m+fp/hard/crtn.o
OUTPUT(STM32F334R8_BatteryLVControl_1.elf elf32-littlearm)
LOAD linker stubs
LOAD c:/st/stm32cubeide_1.10.0/stm32cubeide/plugins/com.st.stm32cube.ide.mcu.externaltools.gnu-tools-for-stm32.10.3-2021.10.win32_1.0.0.202111181127/tools/bin/../lib/gcc/arm-none-eabi/10.3.1/../../../../arm-none-eabi/lib/thumb/v7e-m+fp/hard\libc.a
LOAD c:/st/stm32cubeide_1.10.0/stm32cubeide/plugins/com.st.stm32cube.ide.mcu.externaltools.gnu-tools-for-stm32.10.3-2021.10.win32_1.0.0.202111181127/tools/bin/../lib/gcc/arm-none-eabi/10.3.1/../../../../arm-none-eabi/lib/thumb/v7e-m+fp/hard\libm.a
LOAD c:/st/stm32cubeide_1.10.0/stm32cubeide/plugins/com.st.stm32cube.ide.mcu.externaltools.gnu-tools-for-stm32.10.3-2021.10.win32_1.0.0.202111181127/tools/bin/../lib/gcc/arm-none-eabi/10.3.1/thumb/v7e-m+fp/hard\libgcc.a

.debug_info     0x0000000000000000    0x1078f
 .debug_info    0x0000000000000000      0xe45 Core\Src\GAS_Can.o
 .debug_info    0x0000000000000e45      0xbfe Core\Src\GAS_PWM.o
 .debug_info    0x0000000000001a43      0x8c0 Core\Src\GAS_Scheduler.o
 .debug_info    0x0000000000002303      0xb1b Core\Src\adc.o
 .debug_info    0x0000000000002e1e      0x94d Core\Src\can.o
 .debug_info    0x000000000000376b      0x33a Core\Src\dma.o
 .debug_info    0x0000000000003aa5      0x383 Core\Src\gpio.o
 .debug_info    0x0000000000003e28      0x57d Core\Src\main.o
 .debug_info    0x00000000000043a5      0x1aa Core\Src\stm32f3xx_hal_msp.o
 .debug_info    0x000000000000454f      0x7bd Core\Src\stm32f3xx_it.o
 .debug_info    0x0000000000004d0c      0x416 Core\Src\system_stm32f3xx.o
 .debug_info    0x0000000000005122     0x1035 Core\Src\tim.o
 .debug_info    0x0000000000006157       0x22 Core\Startup\startup_stm32f334r8tx.o
 .debug_info    0x0000000000006179      0x7a7 Drivers\STM32F3xx_HAL_Driver\Src\stm32f3xx_hal.o
 .debug_info    0x0000000000006920     0x16b2 Drivers\STM32F3xx_HAL_Driver\Src\stm32f3xx_hal_adc_ex.o
 .debug_info    0x0000000000007fd2      0xfb3 Drivers\STM32F3xx_HAL_Driver\Src\stm32f3xx_hal_can.o
 .debug_info    0x0000000000008f85      0xb4a Drivers\STM32F3xx_HAL_Driver\Src\stm32f3xx_hal_cortex.o
 .debug_info    0x0000000000009acf      0x757 Drivers\STM32F3xx_HAL_Driver\Src\stm32f3xx_hal_dma.o
 .debug_info    0x000000000000a226      0x74e Drivers\STM32F3xx_HAL_Driver\Src\stm32f3xx_hal_gpio.o
 .debug_info    0x000000000000a974     0x1586 Drivers\STM32F3xx_HAL_Driver\Src\stm32f3xx_hal_rcc.o
 .debug_info    0x000000000000befa      0x579 Drivers\STM32F3xx_HAL_Driver\Src\stm32f3xx_hal_rcc_ex.o
 .debug_info    0x000000000000c473     0x2ca3 Drivers\STM32F3xx_HAL_Driver\Src\stm32f3xx_hal_tim.o
 .debug_info    0x000000000000f116     0x1679 Drivers\STM32F3xx_HAL_Driver\Src\stm32f3xx_hal_tim_ex.o

.debug_abbrev   0x0000000000000000     0x2bfc
 .debug_abbrev  0x0000000000000000      0x290 Core\Src\GAS_Can.o
 .debug_abbrev  0x0000000000000290      0x252 Core\Src\GAS_PWM.o
 .debug_abbrev  0x00000000000004e2      0x219 Core\Src\GAS_Scheduler.o
 .debug_abbrev  0x00000000000006fb      0x20a Core\Src\adc.o
 .debug_abbrev  0x0000000000000905      0x20a Core\Src\can.o
 .debug_abbrev  0x0000000000000b0f       0xf8 Core\Src\dma.o
 .debug_abbrev  0x0000000000000c07      0x146 Core\Src\gpio.o
 .debug_abbrev  0x0000000000000d4d      0x1c4 Core\Src\main.o
 .debug_abbrev  0x0000000000000f11       0xc2 Core\Src\stm32f3xx_hal_msp.o
 .debug_abbrev  0x0000000000000fd3      0x1b3 Core\Src\stm32f3xx_it.o
 .debug_abbrev  0x0000000000001186      0x116 Core\Src\system_stm32f3xx.o
 .debug_abbrev  0x000000000000129c      0x220 Core\Src\tim.o
 .debug_abbrev  0x00000000000014bc       0x12 Core\Startup\startup_stm32f334r8tx.o
 .debug_abbrev  0x00000000000014ce      0x20e Drivers\STM32F3xx_HAL_Driver\Src\stm32f3xx_hal.o
 .debug_abbrev  0x00000000000016dc      0x27a Drivers\STM32F3xx_HAL_Driver\Src\stm32f3xx_hal_adc_ex.o
 .debug_abbrev  0x0000000000001956      0x20c Drivers\STM32F3xx_HAL_Driver\Src\stm32f3xx_hal_can.o
 .debug_abbrev  0x0000000000001b62      0x2ed Drivers\STM32F3xx_HAL_Driver\Src\stm32f3xx_hal_cortex.o
 .debug_abbrev  0x0000000000001e4f      0x1fe Drivers\STM32F3xx_HAL_Driver\Src\stm32f3xx_hal_dma.o
 .debug_abbrev  0x000000000000204d      0x1bb Drivers\STM32F3xx_HAL_Driver\Src\stm32f3xx_hal_gpio.o
 .debug_abbrev  0x0000000000002208      0x30c Drivers\STM32F3xx_HAL_Driver\Src\stm32f3xx_hal_rcc.o
 .debug_abbrev  0x0000000000002514      0x226 Drivers\STM32F3xx_HAL_Driver\Src\stm32f3xx_hal_rcc_ex.o
 .debug_abbrev  0x000000000000273a      0x25d Drivers\STM32F3xx_HAL_Driver\Src\stm32f3xx_hal_tim.o
 .debug_abbrev  0x0000000000002997      0x265 Drivers\STM32F3xx_HAL_Driver\Src\stm32f3xx_hal_tim_ex.o

.debug_aranges  0x0000000000000000      0xe90
 .debug_aranges
                0x0000000000000000       0x48 Core\Src\GAS_Can.o
 .debug_aranges
                0x0000000000000048       0x40 Core\Src\GAS_PWM.o
 .debug_aranges
                0x0000000000000088       0x60 Core\Src\GAS_Scheduler.o
 .debug_aranges
                0x00000000000000e8       0x30 Core\Src\adc.o
 .debug_aranges
                0x0000000000000118       0x30 Core\Src\can.o
 .debug_aranges
                0x0000000000000148       0x20 Core\Src\dma.o
 .debug_aranges
                0x0000000000000168       0x20 Core\Src\gpio.o
 .debug_aranges
                0x0000000000000188       0x38 Core\Src\main.o
 .debug_aranges
                0x00000000000001c0       0x20 Core\Src\stm32f3xx_hal_msp.o
 .debug_aranges
                0x00000000000001e0       0x78 Core\Src\stm32f3xx_it.o
 .debug_aranges
                0x0000000000000258       0x28 Core\Src\system_stm32f3xx.o
 .debug_aranges
                0x0000000000000280       0x70 Core\Src\tim.o
 .debug_aranges
                0x00000000000002f0       0x28 Core\Startup\startup_stm32f334r8tx.o
 .debug_aranges
                0x0000000000000318       0xe0 Drivers\STM32F3xx_HAL_Driver\Src\stm32f3xx_hal.o
 .debug_aranges
                0x00000000000003f8      0x168 Drivers\STM32F3xx_HAL_Driver\Src\stm32f3xx_hal_adc_ex.o
 .debug_aranges
                0x0000000000000560      0x138 Drivers\STM32F3xx_HAL_Driver\Src\stm32f3xx_hal_can.o
 .debug_aranges
                0x0000000000000698      0x100 Drivers\STM32F3xx_HAL_Driver\Src\stm32f3xx_hal_cortex.o
 .debug_aranges
                0x0000000000000798       0x88 Drivers\STM32F3xx_HAL_Driver\Src\stm32f3xx_hal_dma.o
 .debug_aranges
                0x0000000000000820       0x58 Drivers\STM32F3xx_HAL_Driver\Src\stm32f3xx_hal_gpio.o
 .debug_aranges
                0x0000000000000878       0x88 Drivers\STM32F3xx_HAL_Driver\Src\stm32f3xx_hal_rcc.o
 .debug_aranges
                0x0000000000000900       0x38 Drivers\STM32F3xx_HAL_Driver\Src\stm32f3xx_hal_rcc_ex.o
 .debug_aranges
                0x0000000000000938      0x3e0 Drivers\STM32F3xx_HAL_Driver\Src\stm32f3xx_hal_tim.o
 .debug_aranges
                0x0000000000000d18      0x178 Drivers\STM32F3xx_HAL_Driver\Src\stm32f3xx_hal_tim_ex.o

.debug_ranges   0x0000000000000000      0xd28
 .debug_ranges  0x0000000000000000       0x38 Core\Src\GAS_Can.o
 .debug_ranges  0x0000000000000038       0x30 Core\Src\GAS_PWM.o
 .debug_ranges  0x0000000000000068       0x50 Core\Src\GAS_Scheduler.o
 .debug_ranges  0x00000000000000b8       0x20 Core\Src\adc.o
 .debug_ranges  0x00000000000000d8       0x20 Core\Src\can.o
 .debug_ranges  0x00000000000000f8       0x10 Core\Src\dma.o
 .debug_ranges  0x0000000000000108       0x10 Core\Src\gpio.o
 .debug_ranges  0x0000000000000118       0x28 Core\Src\main.o
 .debug_ranges  0x0000000000000140       0x10 Core\Src\stm32f3xx_hal_msp.o
 .debug_ranges  0x0000000000000150       0x68 Core\Src\stm32f3xx_it.o
 .debug_ranges  0x00000000000001b8       0x18 Core\Src\system_stm32f3xx.o
 .debug_ranges  0x00000000000001d0       0x60 Core\Src\tim.o
 .debug_ranges  0x0000000000000230       0x20 Core\Startup\startup_stm32f334r8tx.o
 .debug_ranges  0x0000000000000250       0xd0 Drivers\STM32F3xx_HAL_Driver\Src\stm32f3xx_hal.o
 .debug_ranges  0x0000000000000320      0x158 Drivers\STM32F3xx_HAL_Driver\Src\stm32f3xx_hal_adc_ex.o
 .debug_ranges  0x0000000000000478      0x128 Drivers\STM32F3xx_HAL_Driver\Src\stm32f3xx_hal_can.o
 .debug_ranges  0x00000000000005a0       0xf0 Drivers\STM32F3xx_HAL_Driver\Src\stm32f3xx_hal_cortex.o
 .debug_ranges  0x0000000000000690       0x78 Drivers\STM32F3xx_HAL_Driver\Src\stm32f3xx_hal_dma.o
 .debug_ranges  0x0000000000000708       0x48 Drivers\STM32F3xx_HAL_Driver\Src\stm32f3xx_hal_gpio.o
 .debug_ranges  0x0000000000000750       0x78 Drivers\STM32F3xx_HAL_Driver\Src\stm32f3xx_hal_rcc.o
 .debug_ranges  0x00000000000007c8       0x28 Drivers\STM32F3xx_HAL_Driver\Src\stm32f3xx_hal_rcc_ex.o
 .debug_ranges  0x00000000000007f0      0x3d0 Drivers\STM32F3xx_HAL_Driver\Src\stm32f3xx_hal_tim.o
 .debug_ranges  0x0000000000000bc0      0x168 Drivers\STM32F3xx_HAL_Driver\Src\stm32f3xx_hal_tim_ex.o

.debug_macro    0x0000000000000000    0x21f76
 .debug_macro   0x0000000000000000      0x399 Core\Src\GAS_Can.o
 .debug_macro   0x0000000000000399      0xa78 Core\Src\GAS_Can.o
 .debug_macro   0x0000000000000e11      0x15d Core\Src\GAS_Can.o
 .debug_macro   0x0000000000000f6e       0x2e Core\Src\GAS_Can.o
 .debug_macro   0x0000000000000f9c       0x28 Core\Src\GAS_Can.o
 .debug_macro   0x0000000000000fc4       0x22 Core\Src\GAS_Can.o
 .debug_macro   0x0000000000000fe6       0x8e Core\Src\GAS_Can.o
 .debug_macro   0x0000000000001074       0x51 Core\Src\GAS_Can.o
 .debug_macro   0x00000000000010c5      0x103 Core\Src\GAS_Can.o
 .debug_macro   0x00000000000011c8       0x6a Core\Src\GAS_Can.o
 .debug_macro   0x0000000000001232      0x1df Core\Src\GAS_Can.o
 .debug_macro   0x0000000000001411       0x1c Core\Src\GAS_Can.o
 .debug_macro   0x000000000000142d       0x22 Core\Src\GAS_Can.o
 .debug_macro   0x000000000000144f       0xd9 Core\Src\GAS_Can.o
 .debug_macro   0x0000000000001528      0xf07 Core\Src\GAS_Can.o
 .debug_macro   0x000000000000242f    0x1585b Core\Src\GAS_Can.o
 .debug_macro   0x0000000000017c8a       0x6d Core\Src\GAS_Can.o
 .debug_macro   0x0000000000017cf7     0x3540 Core\Src\GAS_Can.o
 .debug_macro   0x000000000001b237      0x174 Core\Src\GAS_Can.o
 .debug_macro   0x000000000001b3ab       0x55 Core\Src\GAS_Can.o
 .debug_macro   0x000000000001b400      0x8f9 Core\Src\GAS_Can.o
 .debug_macro   0x000000000001bcf9      0x358 Core\Src\GAS_Can.o
 .debug_macro   0x000000000001c051      0x1b6 Core\Src\GAS_Can.o
 .debug_macro   0x000000000001c207      0x130 Core\Src\GAS_Can.o
 .debug_macro   0x000000000001c337      0x1d5 Core\Src\GAS_Can.o
 .debug_macro   0x000000000001c50c      0x1bc Core\Src\GAS_Can.o
 .debug_macro   0x000000000001c6c8       0x34 Core\Src\GAS_Can.o
 .debug_macro   0x000000000001c6fc       0x3c Core\Src\GAS_Can.o
 .debug_macro   0x000000000001c738       0x57 Core\Src\GAS_Can.o
 .debug_macro   0x000000000001c78f      0x845 Core\Src\GAS_Can.o
 .debug_macro   0x000000000001cfd4       0x77 Core\Src\GAS_Can.o
 .debug_macro   0x000000000001d04b      0x408 Core\Src\GAS_Can.o
 .debug_macro   0x000000000001d453       0xc5 Core\Src\GAS_Can.o
 .debug_macro   0x000000000001d518      0x19f Core\Src\GAS_Can.o
 .debug_macro   0x000000000001d6b7      0x22c Core\Src\GAS_Can.o
 .debug_macro   0x000000000001d8e3       0x5b Core\Src\GAS_Can.o
 .debug_macro   0x000000000001d93e       0xa5 Core\Src\GAS_Can.o
 .debug_macro   0x000000000001d9e3       0x81 Core\Src\GAS_Can.o
 .debug_macro   0x000000000001da64       0xd3 Core\Src\GAS_Can.o
 .debug_macro   0x000000000001db37      0xa3d Core\Src\GAS_Can.o
 .debug_macro   0x000000000001e574       0x59 Core\Src\GAS_Can.o
 .debug_macro   0x000000000001e5cd      0x2a1 Core\Src\GAS_Can.o
 .debug_macro   0x000000000001e86e       0x82 Core\Src\GAS_Can.o
 .debug_macro   0x000000000001e8f0       0x52 Core\Src\GAS_Can.o
 .debug_macro   0x000000000001e942       0x1e Core\Src\GAS_Can.o
 .debug_macro   0x000000000001e960       0x3c Core\Src\GAS_Can.o
 .debug_macro   0x000000000001e99c       0x34 Core\Src\GAS_Can.o
 .debug_macro   0x000000000001e9d0       0x16 Core\Src\GAS_Can.o
 .debug_macro   0x000000000001e9e6       0x35 Core\Src\GAS_Can.o
 .debug_macro   0x000000000001ea1b      0x341 Core\Src\GAS_Can.o
 .debug_macro   0x000000000001ed5c       0x10 Core\Src\GAS_Can.o
 .debug_macro   0x000000000001ed6c       0x16 Core\Src\GAS_Can.o
 .debug_macro   0x000000000001ed82       0x43 Core\Src\GAS_Can.o
 .debug_macro   0x000000000001edc5       0x34 Core\Src\GAS_Can.o
 .debug_macro   0x000000000001edf9       0x10 Core\Src\GAS_Can.o
 .debug_macro   0x000000000001ee09       0x58 Core\Src\GAS_Can.o
 .debug_macro   0x000000000001ee61       0x71 Core\Src\GAS_Can.o
 .debug_macro   0x000000000001eed2       0x1c Core\Src\GAS_Can.o
 .debug_macro   0x000000000001eeee      0x12a Core\Src\GAS_Can.o
 .debug_macro   0x000000000001f018       0x10 Core\Src\GAS_Can.o
 .debug_macro   0x000000000001f028       0x1c Core\Src\GAS_Can.o
 .debug_macro   0x000000000001f044       0x52 Core\Src\GAS_Can.o
 .debug_macro   0x000000000001f096       0x22 Core\Src\GAS_Can.o
 .debug_macro   0x000000000001f0b8       0x10 Core\Src\GAS_Can.o
 .debug_macro   0x000000000001f0c8       0x52 Core\Src\GAS_Can.o
 .debug_macro   0x000000000001f11a       0xd5 Core\Src\GAS_Can.o
 .debug_macro   0x000000000001f1ef       0x1c Core\Src\GAS_Can.o
 .debug_macro   0x000000000001f20b       0x3d Core\Src\GAS_Can.o
 .debug_macro   0x000000000001f248       0x16 Core\Src\GAS_Can.o
 .debug_macro   0x000000000001f25e      0x145 Core\Src\GAS_Can.o
 .debug_macro   0x000000000001f3a3       0x16 Core\Src\GAS_Can.o
 .debug_macro   0x000000000001f3b9       0x20 Core\Src\GAS_Can.o
 .debug_macro   0x000000000001f3d9      0x36b Core\Src\GAS_PWM.o
 .debug_macro   0x000000000001f744      0x3b1 Core\Src\GAS_Scheduler.o
 .debug_macro   0x000000000001faf5      0x1ee Core\Src\adc.o
 .debug_macro   0x000000000001fce3      0x1ee Core\Src\can.o
 .debug_macro   0x000000000001fed1      0x1ee Core\Src\dma.o
 .debug_macro   0x00000000000200bf      0x1ee Core\Src\gpio.o
 .debug_macro   0x00000000000202ad      0x260 Core\Src\main.o
 .debug_macro   0x000000000002050d      0x1e4 Core\Src\stm32f3xx_hal_msp.o
 .debug_macro   0x00000000000206f1      0x1ee Core\Src\stm32f3xx_it.o
 .debug_macro   0x00000000000208df      0x1d5 Core\Src\system_stm32f3xx.o
 .debug_macro   0x0000000000020ab4      0x1ee Core\Src\tim.o
 .debug_macro   0x0000000000020ca2      0x1f9 Drivers\STM32F3xx_HAL_Driver\Src\stm32f3xx_hal.o
 .debug_macro   0x0000000000020e9b      0x1ff Drivers\STM32F3xx_HAL_Driver\Src\stm32f3xx_hal_adc_ex.o
 .debug_macro   0x000000000002109a      0x1dd Drivers\STM32F3xx_HAL_Driver\Src\stm32f3xx_hal_can.o
 .debug_macro   0x0000000000021277      0x1d5 Drivers\STM32F3xx_HAL_Driver\Src\stm32f3xx_hal_cortex.o
 .debug_macro   0x000000000002144c      0x1d5 Drivers\STM32F3xx_HAL_Driver\Src\stm32f3xx_hal_dma.o
 .debug_macro   0x0000000000021621      0x1dc Drivers\STM32F3xx_HAL_Driver\Src\stm32f3xx_hal_gpio.o
 .debug_macro   0x00000000000217fd      0x1f9 Drivers\STM32F3xx_HAL_Driver\Src\stm32f3xx_hal_rcc.o
 .debug_macro   0x00000000000219f6      0x1d5 Drivers\STM32F3xx_HAL_Driver\Src\stm32f3xx_hal_rcc_ex.o
 .debug_macro   0x0000000000021bcb      0x1d6 Drivers\STM32F3xx_HAL_Driver\Src\stm32f3xx_hal_tim.o
 .debug_macro   0x0000000000021da1      0x1d5 Drivers\STM32F3xx_HAL_Driver\Src\stm32f3xx_hal_tim_ex.o

.debug_line     0x0000000000000000    0x13992
 .debug_line    0x0000000000000000      0xae5 Core\Src\GAS_Can.o
 .debug_line    0x0000000000000ae5      0xaa3 Core\Src\GAS_PWM.o
 .debug_line    0x0000000000001588      0xa9e Core\Src\GAS_Scheduler.o
 .debug_line    0x0000000000002026      0x7c6 Core\Src\adc.o
 .debug_line    0x00000000000027ec      0x75c Core\Src\can.o
 .debug_line    0x0000000000002f48      0x6e8 Core\Src\dma.o
 .debug_line    0x0000000000003630      0x732 Core\Src\gpio.o
 .debug_line    0x0000000000003d62      0x811 Core\Src\main.o
 .debug_line    0x0000000000004573      0x6ed Core\Src\stm32f3xx_hal_msp.o
 .debug_line    0x0000000000004c60      0x7f8 Core\Src\stm32f3xx_it.o
 .debug_line    0x0000000000005458      0x763 Core\Src\system_stm32f3xx.o
 .debug_line    0x0000000000005bbb      0xb3a Core\Src\tim.o
 .debug_line    0x00000000000066f5       0x88 Core\Startup\startup_stm32f334r8tx.o
 .debug_line    0x000000000000677d      0x998 Drivers\STM32F3xx_HAL_Driver\Src\stm32f3xx_hal.o
 .debug_line    0x0000000000007115     0x208b Drivers\STM32F3xx_HAL_Driver\Src\stm32f3xx_hal_adc_ex.o
 .debug_line    0x00000000000091a0     0x1137 Drivers\STM32F3xx_HAL_Driver\Src\stm32f3xx_hal_can.o
 .debug_line    0x000000000000a2d7      0xb80 Drivers\STM32F3xx_HAL_Driver\Src\stm32f3xx_hal_cortex.o
 .debug_line    0x000000000000ae57      0xc86 Drivers\STM32F3xx_HAL_Driver\Src\stm32f3xx_hal_dma.o
 .debug_line    0x000000000000badd      0xae5 Drivers\STM32F3xx_HAL_Driver\Src\stm32f3xx_hal_gpio.o
 .debug_line    0x000000000000c5c2     0x1375 Drivers\STM32F3xx_HAL_Driver\Src\stm32f3xx_hal_rcc.o
 .debug_line    0x000000000000d937      0xa84 Drivers\STM32F3xx_HAL_Driver\Src\stm32f3xx_hal_rcc_ex.o
 .debug_line    0x000000000000e3bb     0x3bcc Drivers\STM32F3xx_HAL_Driver\Src\stm32f3xx_hal_tim.o
 .debug_line    0x0000000000011f87     0x1a0b Drivers\STM32F3xx_HAL_Driver\Src\stm32f3xx_hal_tim_ex.o

.debug_str      0x0000000000000000    0xc8ead
 .debug_str     0x0000000000000000    0xc4f46 Core\Src\GAS_Can.o
                                      0xc523e (size before relaxing)
 .debug_str     0x00000000000c4f46      0x576 Core\Src\GAS_PWM.o
                                      0xc5097 (size before relaxing)
 .debug_str     0x00000000000c54bc      0x52b Core\Src\GAS_Scheduler.o
                                      0xc4f69 (size before relaxing)
 .debug_str     0x00000000000c59e7      0x36a Core\Src\adc.o
                                      0xc115a (size before relaxing)
 .debug_str     0x00000000000c5d51       0x6b Core\Src\can.o
                                      0xc1255 (size before relaxing)
 .debug_str     0x00000000000c5dbc       0x46 Core\Src\dma.o
                                      0xc0e9f (size before relaxing)
 .debug_str     0x00000000000c5e02       0x20 Core\Src\gpio.o
                                      0xc0bdf (size before relaxing)
 .debug_str     0x00000000000c5e22      0x2a2 Core\Src\main.o
                                      0xc11f4 (size before relaxing)
 .debug_str     0x00000000000c60c4       0x2c Core\Src\stm32f3xx_hal_msp.o
                                      0xc0b14 (size before relaxing)
 .debug_str     0x00000000000c60f0      0x132 Core\Src\stm32f3xx_it.o
                                      0xc1030 (size before relaxing)
 .debug_str     0x00000000000c6222       0x7b Core\Src\system_stm32f3xx.o
                                      0xc0953 (size before relaxing)
 .debug_str     0x00000000000c629d      0x34b Core\Src\tim.o
                                      0xc14e8 (size before relaxing)
 .debug_str     0x00000000000c65e8       0x36 Core\Startup\startup_stm32f334r8tx.o
                                         0x8e (size before relaxing)
 .debug_str     0x00000000000c661e      0x389 Drivers\STM32F3xx_HAL_Driver\Src\stm32f3xx_hal.o
                                      0xc10bb (size before relaxing)
 .debug_str     0x00000000000c69a7      0x872 Drivers\STM32F3xx_HAL_Driver\Src\stm32f3xx_hal_adc_ex.o
                                      0xc1649 (size before relaxing)
 .debug_str     0x00000000000c7219      0x389 Drivers\STM32F3xx_HAL_Driver\Src\stm32f3xx_hal_can.o
                                      0xc10da (size before relaxing)
 .debug_str     0x00000000000c75a2      0x193 Drivers\STM32F3xx_HAL_Driver\Src\stm32f3xx_hal_cortex.o
                                      0xc0fe0 (size before relaxing)
 .debug_str     0x00000000000c7735      0x1fa Drivers\STM32F3xx_HAL_Driver\Src\stm32f3xx_hal_dma.o
                                      0xc0c9b (size before relaxing)
 .debug_str     0x00000000000c792f      0x133 Drivers\STM32F3xx_HAL_Driver\Src\stm32f3xx_hal_gpio.o
                                      0xc0b32 (size before relaxing)
 .debug_str     0x00000000000c7a62      0x2c3 Drivers\STM32F3xx_HAL_Driver\Src\stm32f3xx_hal_rcc.o
                                      0xc0df3 (size before relaxing)
 .debug_str     0x00000000000c7d25       0xbe Drivers\STM32F3xx_HAL_Driver\Src\stm32f3xx_hal_rcc_ex.o
                                      0xc0b07 (size before relaxing)
 .debug_str     0x00000000000c7de3      0xcc8 Drivers\STM32F3xx_HAL_Driver\Src\stm32f3xx_hal_tim.o
                                      0xc1d7a (size before relaxing)
 .debug_str     0x00000000000c8aab      0x402 Drivers\STM32F3xx_HAL_Driver\Src\stm32f3xx_hal_tim_ex.o
                                      0xc15d0 (size before relaxing)

.comment        0x0000000000000000       0x50
 .comment       0x0000000000000000       0x50 Core\Src\GAS_Can.o
                                         0x51 (size before relaxing)
 .comment       0x0000000000000050       0x51 Core\Src\GAS_PWM.o
 .comment       0x0000000000000050       0x51 Core\Src\GAS_Scheduler.o
 .comment       0x0000000000000050       0x51 Core\Src\adc.o
 .comment       0x0000000000000050       0x51 Core\Src\can.o
 .comment       0x0000000000000050       0x51 Core\Src\dma.o
 .comment       0x0000000000000050       0x51 Core\Src\gpio.o
 .comment       0x0000000000000050       0x51 Core\Src\main.o
 .comment       0x0000000000000050       0x51 Core\Src\stm32f3xx_hal_msp.o
 .comment       0x0000000000000050       0x51 Core\Src\stm32f3xx_it.o
 .comment       0x0000000000000050       0x51 Core\Src\system_stm32f3xx.o
 .comment       0x0000000000000050       0x51 Core\Src\tim.o
 .comment       0x0000000000000050       0x51 Drivers\STM32F3xx_HAL_Driver\Src\stm32f3xx_hal.o
 .comment       0x0000000000000050       0x51 Drivers\STM32F3xx_HAL_Driver\Src\stm32f3xx_hal_adc_ex.o
 .comment       0x0000000000000050       0x51 Drivers\STM32F3xx_HAL_Driver\Src\stm32f3xx_hal_can.o
 .comment       0x0000000000000050       0x51 Drivers\STM32F3xx_HAL_Driver\Src\stm32f3xx_hal_cortex.o
 .comment       0x0000000000000050       0x51 Drivers\STM32F3xx_HAL_Driver\Src\stm32f3xx_hal_dma.o
 .comment       0x0000000000000050       0x51 Drivers\STM32F3xx_HAL_Driver\Src\stm32f3xx_hal_gpio.o
 .comment       0x0000000000000050       0x51 Drivers\STM32F3xx_HAL_Driver\Src\stm32f3xx_hal_rcc.o
 .comment       0x0000000000000050       0x51 Drivers\STM32F3xx_HAL_Driver\Src\stm32f3xx_hal_rcc_ex.o
 .comment       0x0000000000000050       0x51 Drivers\STM32F3xx_HAL_Driver\Src\stm32f3xx_hal_tim.o
 .comment       0x0000000000000050       0x51 Drivers\STM32F3xx_HAL_Driver\Src\stm32f3xx_hal_tim_ex.o

.debug_frame    0x0000000000000000     0x3bb4
 .debug_frame   0x0000000000000000       0xd4 Core\Src\GAS_Can.o
 .debug_frame   0x00000000000000d4       0xb8 Core\Src\GAS_PWM.o
 .debug_frame   0x000000000000018c      0x128 Core\Src\GAS_Scheduler.o
 .debug_frame   0x00000000000002b4       0x7c Core\Src\adc.o
 .debug_frame   0x0000000000000330       0x74 Core\Src\can.o
 .debug_frame   0x00000000000003a4       0x34 Core\Src\dma.o
 .debug_frame   0x00000000000003d8       0x34 Core\Src\gpio.o
 .debug_frame   0x000000000000040c       0x84 Core\Src\main.o
 .debug_frame   0x0000000000000490       0x38 Core\Src\stm32f3xx_hal_msp.o
 .debug_frame   0x00000000000004c8      0x158 Core\Src\stm32f3xx_it.o
 .debug_frame   0x0000000000000620       0x58 Core\Src\system_stm32f3xx.o
 .debug_frame   0x0000000000000678      0x19c Core\Src\tim.o
 .debug_frame   0x0000000000000814      0x334 Drivers\STM32F3xx_HAL_Driver\Src\stm32f3xx_hal.o
 .debug_frame   0x0000000000000b48      0x638 Drivers\STM32F3xx_HAL_Driver\Src\stm32f3xx_hal_adc_ex.o
 .debug_frame   0x0000000000001180      0x5a0 Drivers\STM32F3xx_HAL_Driver\Src\stm32f3xx_hal_can.o
 .debug_frame   0x0000000000001720      0x428 Drivers\STM32F3xx_HAL_Driver\Src\stm32f3xx_hal_cortex.o
 .debug_frame   0x0000000000001b48      0x224 Drivers\STM32F3xx_HAL_Driver\Src\stm32f3xx_hal_dma.o
 .debug_frame   0x0000000000001d6c      0x14c Drivers\STM32F3xx_HAL_Driver\Src\stm32f3xx_hal_gpio.o
 .debug_frame   0x0000000000001eb8      0x214 Drivers\STM32F3xx_HAL_Driver\Src\stm32f3xx_hal_rcc.o
 .debug_frame   0x00000000000020cc       0xb4 Drivers\STM32F3xx_HAL_Driver\Src\stm32f3xx_hal_rcc_ex.o
 .debug_frame   0x0000000000002180     0x121c Drivers\STM32F3xx_HAL_Driver\Src\stm32f3xx_hal_tim.o
 .debug_frame   0x000000000000339c      0x688 Drivers\STM32F3xx_HAL_Driver\Src\stm32f3xx_hal_tim_ex.o
 .debug_frame   0x0000000000003a24       0x2c c:/st/stm32cubeide_1.10.0/stm32cubeide/plugins/com.st.stm32cube.ide.mcu.externaltools.gnu-tools-for-stm32.10.3-2021.10.win32_1.0.0.202111181127/tools/bin/../lib/gcc/arm-none-eabi/10.3.1/../../../../arm-none-eabi/lib/thumb/v7e-m+fp/hard\libc_nano.a(lib_a-init.o)
 .debug_frame   0x0000000000003a50       0x20 c:/st/stm32cubeide_1.10.0/stm32cubeide/plugins/com.st.stm32cube.ide.mcu.externaltools.gnu-tools-for-stm32.10.3-2021.10.win32_1.0.0.202111181127/tools/bin/../lib/gcc/arm-none-eabi/10.3.1/../../../../arm-none-eabi/lib/thumb/v7e-m+fp/hard\libc_nano.a(lib_a-memset.o)
 .debug_frame   0x0000000000003a70       0xac c:/st/stm32cubeide_1.10.0/stm32cubeide/plugins/com.st.stm32cube.ide.mcu.externaltools.gnu-tools-for-stm32.10.3-2021.10.win32_1.0.0.202111181127/tools/bin/../lib/gcc/arm-none-eabi/10.3.1/thumb/v7e-m+fp/hard\libgcc.a(_arm_addsubdf3.o)
 .debug_frame   0x0000000000003b1c       0x50 c:/st/stm32cubeide_1.10.0/stm32cubeide/plugins/com.st.stm32cube.ide.mcu.externaltools.gnu-tools-for-stm32.10.3-2021.10.win32_1.0.0.202111181127/tools/bin/../lib/gcc/arm-none-eabi/10.3.1/thumb/v7e-m+fp/hard\libgcc.a(_arm_muldivdf3.o)
 .debug_frame   0x0000000000003b6c       0x24 c:/st/stm32cubeide_1.10.0/stm32cubeide/plugins/com.st.stm32cube.ide.mcu.externaltools.gnu-tools-for-stm32.10.3-2021.10.win32_1.0.0.202111181127/tools/bin/../lib/gcc/arm-none-eabi/10.3.1/thumb/v7e-m+fp/hard\libgcc.a(_arm_fixunsdfsi.o)
 .debug_frame   0x0000000000003b90       0x24 c:/st/stm32cubeide_1.10.0/stm32cubeide/plugins/com.st.stm32cube.ide.mcu.externaltools.gnu-tools-for-stm32.10.3-2021.10.win32_1.0.0.202111181127/tools/bin/../lib/gcc/arm-none-eabi/10.3.1/thumb/v7e-m+fp/hard\libgcc.a(_arm_truncdfsf2.o)
