Archive member included to satisfy reference by file (symbol)

c:/st/stm32cubeide_1.5.1/stm32cubeide/plugins/com.st.stm32cube.ide.mcu.externaltools.gnu-tools-for-stm32.9-2020-q2-update.win32_2.0.0.202105311346/tools/bin/../lib/gcc/arm-none-eabi/9.3.1/../../../../arm-none-eabi/lib/thumb/v7e-m+fp/hard\libc_nano.a(lib_a-errno.o)
                              ./Core/Src/syscalls.o (__errno)
c:/st/stm32cubeide_1.5.1/stm32cubeide/plugins/com.st.stm32cube.ide.mcu.externaltools.gnu-tools-for-stm32.9-2020-q2-update.win32_2.0.0.202105311346/tools/bin/../lib/gcc/arm-none-eabi/9.3.1/../../../../arm-none-eabi/lib/thumb/v7e-m+fp/hard\libc_nano.a(lib_a-exit.o)
                              c:/st/stm32cubeide_1.5.1/stm32cubeide/plugins/com.st.stm32cube.ide.mcu.externaltools.gnu-tools-for-stm32.9-2020-q2-update.win32_2.0.0.202105311346/tools/bin/../lib/gcc/arm-none-eabi/9.3.1/../../../../arm-none-eabi/lib/thumb/v7e-m+fp/hard/crt0.o (exit)
c:/st/stm32cubeide_1.5.1/stm32cubeide/plugins/com.st.stm32cube.ide.mcu.externaltools.gnu-tools-for-stm32.9-2020-q2-update.win32_2.0.0.202105311346/tools/bin/../lib/gcc/arm-none-eabi/9.3.1/../../../../arm-none-eabi/lib/thumb/v7e-m+fp/hard\libc_nano.a(lib_a-impure.o)
                              c:/st/stm32cubeide_1.5.1/stm32cubeide/plugins/com.st.stm32cube.ide.mcu.externaltools.gnu-tools-for-stm32.9-2020-q2-update.win32_2.0.0.202105311346/tools/bin/../lib/gcc/arm-none-eabi/9.3.1/../../../../arm-none-eabi/lib/thumb/v7e-m+fp/hard\libc_nano.a(lib_a-exit.o) (_global_impure_ptr)
c:/st/stm32cubeide_1.5.1/stm32cubeide/plugins/com.st.stm32cube.ide.mcu.externaltools.gnu-tools-for-stm32.9-2020-q2-update.win32_2.0.0.202105311346/tools/bin/../lib/gcc/arm-none-eabi/9.3.1/../../../../arm-none-eabi/lib/thumb/v7e-m+fp/hard\libc_nano.a(lib_a-init.o)
                              c:/st/stm32cubeide_1.5.1/stm32cubeide/plugins/com.st.stm32cube.ide.mcu.externaltools.gnu-tools-for-stm32.9-2020-q2-update.win32_2.0.0.202105311346/tools/bin/../lib/gcc/arm-none-eabi/9.3.1/../../../../arm-none-eabi/lib/thumb/v7e-m+fp/hard/crt0.o (__libc_init_array)
c:/st/stm32cubeide_1.5.1/stm32cubeide/plugins/com.st.stm32cube.ide.mcu.externaltools.gnu-tools-for-stm32.9-2020-q2-update.win32_2.0.0.202105311346/tools/bin/../lib/gcc/arm-none-eabi/9.3.1/../../../../arm-none-eabi/lib/thumb/v7e-m+fp/hard\libc_nano.a(lib_a-memset.o)
                              c:/st/stm32cubeide_1.5.1/stm32cubeide/plugins/com.st.stm32cube.ide.mcu.externaltools.gnu-tools-for-stm32.9-2020-q2-update.win32_2.0.0.202105311346/tools/bin/../lib/gcc/arm-none-eabi/9.3.1/../../../../arm-none-eabi/lib/thumb/v7e-m+fp/hard/crt0.o (memset)

Allocating common symbols
Common symbol       size              file

diagnoseSet         0x6               ./Core/Src/GAS_Diagnose.o
sFilterConfig       0x28              ./Core/Src/GAS_Can.o
gTask               0x4               ./Core/Src/GAS_Scheduler.o
ValueOfADC          0x8               ./Core/Src/GAS_Diagnose.o
canTxHeader         0x18              ./Core/Src/GAS_Can.o
htim15              0x4c              ./Core/Src/tim.o
TxMailBox           0x4               ./Core/Src/GAS_Can.o
htim17              0x4c              ./Core/Src/tim.o
FANval              0x2               ./Core/Src/GAS_Scheduler.o
hcan                0x28              ./Core/Src/can.o
pin_state           0x1               ./Core/Src/GAS_Scheduler.o
uwTick              0x4               ./Drivers/STM32F3xx_HAL_Driver/Src/stm32f3xx_hal.o
pFlash              0x20              ./Drivers/STM32F3xx_HAL_Driver/Src/stm32f3xx_hal_flash.o
htim3               0x4c              ./Core/Src/tim.o
canRx0Data          0x8               ./Core/Src/GAS_Can.o
hadc1               0x50              ./Core/Src/adc.o
pwmIn15             0x18              ./Core/Src/GAS_PWM.o
pwmIn1              0x18              ./Core/Src/GAS_Scheduler.o
canRxHeader         0x1c              ./Core/Src/GAS_Can.o
hdma_adc1           0x44              ./Core/Src/adc.o
htim1               0x4c              ./Core/Src/tim.o
gTimerCnt           0x4               ./Core/Src/GAS_Scheduler.o
T_BatteryDiagnose   0x8               ./Core/Src/GAS_Can.o
htim2               0x4c              ./Core/Src/tim.o
pwmIn2              0x18              ./Core/Src/GAS_Scheduler.o
R_BatteryTemp       0x8               ./Core/Src/GAS_Can.o
htim16              0x4c              ./Core/Src/tim.o
pwmIn17             0x18              ./Core/Src/GAS_PWM.o
sFilterConfig2      0x28              ./Core/Src/GAS_Can.o
pwmIn16             0x18              ./Core/Src/GAS_PWM.o

Discarded input sections

 .text          0x0000000000000000        0x0 c:/st/stm32cubeide_1.5.1/stm32cubeide/plugins/com.st.stm32cube.ide.mcu.externaltools.gnu-tools-for-stm32.9-2020-q2-update.win32_2.0.0.202105311346/tools/bin/../lib/gcc/arm-none-eabi/9.3.1/thumb/v7e-m+fp/hard/crti.o
[...]
Memory Configuration

Name             Origin             Length             Attributes
CCMRAM           0x0000000010000000 0x0000000000001000 xrw
RAM              0x0000000020000000 0x0000000000003000 xrw
FLASH            0x0000000008000000 0x0000000000010000 xr
*default*        0x0000000000000000 0xffffffffffffffff

Linker script and memory map

LOAD c:/st/stm32cubeide_1.5.1/stm32cubeide/plugins/com.st.stm32cube.ide.mcu.externaltools.gnu-tools-for-stm32.9-2020-q2-update.win32_2.0.0.202105311346/tools/bin/../lib/gcc/arm-none-eabi/9.3.1/thumb/v7e-m+fp/hard/crti.o
LOAD c:/st/stm32cubeide_1.5.1/stm32cubeide/plugins/com.st.stm32cube.ide.mcu.externaltools.gnu-tools-for-stm32.9-2020-q2-update.win32_2.0.0.202105311346/tools/bin/../lib/gcc/arm-none-eabi/9.3.1/thumb/v7e-m+fp/hard/crtbegin.o
LOAD c:/st/stm32cubeide_1.5.1/stm32cubeide/plugins/com.st.stm32cube.ide.mcu.externaltools.gnu-tools-for-stm32.9-2020-q2-update.win32_2.0.0.202105311346/tools/bin/../lib/gcc/arm-none-eabi/9.3.1/../../../../arm-none-eabi/lib/thumb/v7e-m+fp/hard/crt0.o
LOAD ./Core/Src/GAS_Can.o
LOAD ./Core/Src/GAS_Diagnose.o
LOAD ./Core/Src/GAS_PWM.o
LOAD ./Core/Src/GAS_Scheduler.o
LOAD ./Core/Src/GAS_Vadc.o
LOAD ./Core/Src/GAS_indicator.o
LOAD ./Core/Src/adc.o
LOAD ./Core/Src/can.o
LOAD ./Core/Src/dma.o
LOAD ./Core/Src/gpio.o
LOAD ./Core/Src/main.o
LOAD ./Core/Src/stm32f3xx_hal_msp.o
LOAD ./Core/Src/stm32f3xx_it.o
LOAD ./Core/Src/syscalls.o
LOAD ./Core/Src/sysmem.o
LOAD ./Core/Src/system_stm32f3xx.o
LOAD ./Core/Src/tim.o
LOAD ./Core/Startup/startup_stm32f334r8tx.o
LOAD ./Drivers/STM32F3xx_HAL_Driver/Src/stm32f3xx_hal.o
LOAD ./Drivers/STM32F3xx_HAL_Driver/Src/stm32f3xx_hal_adc.o
LOAD ./Drivers/STM32F3xx_HAL_Driver/Src/stm32f3xx_hal_adc_ex.o
LOAD ./Drivers/STM32F3xx_HAL_Driver/Src/stm32f3xx_hal_can.o
LOAD ./Drivers/STM32F3xx_HAL_Driver/Src/stm32f3xx_hal_cortex.o
LOAD ./Drivers/STM32F3xx_HAL_Driver/Src/stm32f3xx_hal_dma.o
LOAD ./Drivers/STM32F3xx_HAL_Driver/Src/stm32f3xx_hal_exti.o
LOAD ./Drivers/STM32F3xx_HAL_Driver/Src/stm32f3xx_hal_flash.o
LOAD ./Drivers/STM32F3xx_HAL_Driver/Src/stm32f3xx_hal_flash_ex.o
LOAD ./Drivers/STM32F3xx_HAL_Driver/Src/stm32f3xx_hal_gpio.o
LOAD ./Drivers/STM32F3xx_HAL_Driver/Src/stm32f3xx_hal_i2c.o
LOAD ./Drivers/STM32F3xx_HAL_Driver/Src/stm32f3xx_hal_i2c_ex.o
LOAD ./Drivers/STM32F3xx_HAL_Driver/Src/stm32f3xx_hal_pwr.o
LOAD ./Drivers/STM32F3xx_HAL_Driver/Src/stm32f3xx_hal_pwr_ex.o
LOAD ./Drivers/STM32F3xx_HAL_Driver/Src/stm32f3xx_hal_rcc.o
LOAD ./Drivers/STM32F3xx_HAL_Driver/Src/stm32f3xx_hal_rcc_ex.o
LOAD ./Drivers/STM32F3xx_HAL_Driver/Src/stm32f3xx_hal_tim.o
LOAD ./Drivers/STM32F3xx_HAL_Driver/Src/stm32f3xx_hal_tim_ex.o
START GROUP
LOAD c:/st/stm32cubeide_1.5.1/stm32cubeide/plugins/com.st.stm32cube.ide.mcu.externaltools.gnu-tools-for-stm32.9-2020-q2-update.win32_2.0.0.202105311346/tools/bin/../lib/gcc/arm-none-eabi/9.3.1/../../../../arm-none-eabi/lib/thumb/v7e-m+fp/hard\libc_nano.a
LOAD c:/st/stm32cubeide_1.5.1/stm32cubeide/plugins/com.st.stm32cube.ide.mcu.externaltools.gnu-tools-for-stm32.9-2020-q2-update.win32_2.0.0.202105311346/tools/bin/../lib/gcc/arm-none-eabi/9.3.1/../../../../arm-none-eabi/lib/thumb/v7e-m+fp/hard\libm.a
END GROUP
START GROUP
LOAD c:/st/stm32cubeide_1.5.1/stm32cubeide/plugins/com.st.stm32cube.ide.mcu.externaltools.gnu-tools-for-stm32.9-2020-q2-update.win32_2.0.0.202105311346/tools/bin/../lib/gcc/arm-none-eabi/9.3.1/thumb/v7e-m+fp/hard\libgcc.a
LOAD c:/st/stm32cubeide_1.5.1/stm32cubeide/plugins/com.st.stm32cube.ide.mcu.externaltools.gnu-tools-for-stm32.9-2020-q2-update.win32_2.0.0.202105311346/tools/bin/../lib/gcc/arm-none-eabi/9.3.1/../../../../arm-none-eabi/lib/thumb/v7e-m+fp/hard\libc_nano.a
END GROUP
START GROUP
LOAD c:/st/stm32cubeide_1.5.1/stm32cubeide/plugins/com.st.stm32cube.ide.mcu.externaltools.gnu-tools-for-stm32.9-2020-q2-update.win32_2.0.0.202105311346/tools/bin/../lib/gcc/arm-none-eabi/9.3.1/thumb/v7e-m+fp/hard\libgcc.a
LOAD c:/st/stm32cubeide_1.5.1/stm32cubeide/plugins/com.st.stm32cube.ide.mcu.externaltools.gnu-tools-for-stm32.9-2020-q2-update.win32_2.0.0.202105311346/tools/bin/../lib/gcc/arm-none-eabi/9.3.1/../../../../arm-none-eabi/lib/thumb/v7e-m+fp/hard\libc_nano.a
LOAD c:/st/stm32cubeide_1.5.1/stm32cubeide/plugins/com.st.stm32cube.ide.mcu.externaltools.gnu-tools-for-stm32.9-2020-q2-update.win32_2.0.0.202105311346/tools/bin/../lib/gcc/arm-none-eabi/9.3.1/../../../../arm-none-eabi/lib/thumb/v7e-m+fp/hard\libnosys.a
END GROUP
START GROUP
LOAD c:/st/stm32cubeide_1.5.1/stm32cubeide/plugins/com.st.stm32cube.ide.mcu.externaltools.gnu-tools-for-stm32.9-2020-q2-update.win32_2.0.0.202105311346/tools/bin/../lib/gcc/arm-none-eabi/9.3.1/thumb/v7e-m+fp/hard\libgcc.a
LOAD c:/st/stm32cubeide_1.5.1/stm32cubeide/plugins/com.st.stm32cube.ide.mcu.externaltools.gnu-tools-for-stm32.9-2020-q2-update.win32_2.0.0.202105311346/tools/bin/../lib/gcc/arm-none-eabi/9.3.1/../../../../arm-none-eabi/lib/thumb/v7e-m+fp/hard\libc_nano.a
LOAD c:/st/stm32cubeide_1.5.1/stm32cubeide/plugins/com.st.stm32cube.ide.mcu.externaltools.gnu-tools-for-stm32.9-2020-q2-update.win32_2.0.0.202105311346/tools/bin/../lib/gcc/arm-none-eabi/9.3.1/../../../../arm-none-eabi/lib/thumb/v7e-m+fp/hard\libnosys.a
END GROUP
LOAD c:/st/stm32cubeide_1.5.1/stm32cubeide/plugins/com.st.stm32cube.ide.mcu.externaltools.gnu-tools-for-stm32.9-2020-q2-update.win32_2.0.0.202105311346/tools/bin/../lib/gcc/arm-none-eabi/9.3.1/thumb/v7e-m+fp/hard/crtend.o
LOAD c:/st/stm32cubeide_1.5.1/stm32cubeide/plugins/com.st.stm32cube.ide.mcu.externaltools.gnu-tools-for-stm32.9-2020-q2-update.win32_2.0.0.202105311346/tools/bin/../lib/gcc/arm-none-eabi/9.3.1/thumb/v7e-m+fp/hard/crtn.o
                0x0000000020003000                _estack = (ORIGIN (RAM) + LENGTH (RAM))
                0x0000000000000200                _Min_Heap_Size = 0x200
                0x0000000000000400                _Min_Stack_Size = 0x400

.isr_vector     0x0000000008000000      0x188
                0x0000000008000000                . = ALIGN (0x4)
 *(.isr_vector)
 .isr_vector    0x0000000008000000      0x188 ./Core/Startup/startup_stm32f334r8tx.o
                0x0000000008000000                g_pfnVectors
                0x0000000008000188                . = ALIGN (0x4)

.text           0x0000000008000188     0x5da8
                0x0000000008000188                . = ALIGN (0x4)
 *(.text)
 .text          0x0000000008000188       0x40 c:/st/stm32cubeide_1.5.1/stm32cubeide/plugins/com.st.stm32cube.ide.mcu.externaltools.gnu-tools-for-stm32.9-2020-q2-update.win32_2.0.0.202105311346/tools/bin/../lib/gcc/arm-none-eabi/9.3.1/thumb/v7e-m+fp/hard/crtbegin.o
 *(.text*)
 .text.GAS_Can_txSetting
                0x00000000080001c8       0x30 ./Core/Src/GAS_Can.o
                0x00000000080001c8                GAS_Can_txSetting
 .text.GAS_Can_rxSetting
                0x00000000080001f8       0x78 ./Core/Src/GAS_Can.o
                0x00000000080001f8                GAS_Can_rxSetting
 .text.GAS_Can_init
                0x0000000008000270       0x2c ./Core/Src/GAS_Can.o
                0x0000000008000270                GAS_Can_init
 .text.GAS_Can_sendMessage
                0x000000000800029c       0xb8 ./Core/Src/GAS_Can.o
                0x000000000800029c                GAS_Can_sendMessage
 .text.HAL_CAN_RxFifo0MsgPendingCallback
                0x0000000008000354       0x34 ./Core/Src/GAS_Can.o
                0x0000000008000354                HAL_CAN_RxFifo0MsgPendingCallback
 .text.GAS_PWM_inputInit
                0x0000000008000388       0x2c ./Core/Src/GAS_PWM.o
                0x0000000008000388                GAS_PWM_inputInit
 .text.GAS_PWM_outputInit
                0x00000000080003b4       0x64 ./Core/Src/GAS_PWM.o
                0x00000000080003b4                GAS_PWM_outputInit
 .text.GAS_PWM_Fan_run
                0x0000000008000418       0xb4 ./Core/Src/GAS_PWM.o
                0x0000000008000418                GAS_PWM_Fan_run
 .text.__NVIC_SetPriority
                0x00000000080004cc       0x54 ./Core/Src/GAS_Scheduler.o
 .text.SysTick_Config
                0x0000000008000520       0x44 ./Core/Src/GAS_Scheduler.o
 .text.GAS_Scheduler_init
                0x0000000008000564       0x30 ./Core/Src/GAS_Scheduler.o
                0x0000000008000564                GAS_Scheduler_init
 .text.GAS_Scheduler_taskCounter_1ms
                0x0000000008000594        0xe ./Core/Src/GAS_Scheduler.o
                0x0000000008000594                GAS_Scheduler_taskCounter_1ms
 .text.GAS_Scheduler_taskCounter_10ms
                0x00000000080005a2        0xc ./Core/Src/GAS_Scheduler.o
                0x00000000080005a2                GAS_Scheduler_taskCounter_10ms
 .text.GAS_Scheduler_taskCounter_100ms
                0x00000000080005ae        0xc ./Core/Src/GAS_Scheduler.o
                0x00000000080005ae                GAS_Scheduler_taskCounter_100ms
 *fill*         0x00000000080005ba        0x2 
 .text.GAS_Scheduler_taskCounter_1000ms
                0x00000000080005bc       0x20 ./Core/Src/GAS_Scheduler.o
                0x00000000080005bc                GAS_Scheduler_taskCounter_1000ms
 .text.HAL_SYSTICK_Callback
                0x00000000080005dc       0x8c ./Core/Src/GAS_Scheduler.o
                0x00000000080005dc                HAL_SYSTICK_Callback
 .text.GAS_Scheduler
                0x0000000008000668       0x5c ./Core/Src/GAS_Scheduler.o
                0x0000000008000668                GAS_Scheduler
 .text.MX_ADC1_Init
                0x00000000080006c4       0xfc ./Core/Src/adc.o
                0x00000000080006c4                MX_ADC1_Init
 .text.HAL_ADC_MspInit
                0x00000000080007c0      0x104 ./Core/Src/adc.o
                0x00000000080007c0                HAL_ADC_MspInit
 .text.MX_CAN_Init
                0x00000000080008c4       0x6c ./Core/Src/can.o
                0x00000000080008c4                MX_CAN_Init
 .text.HAL_CAN_MspInit
                0x0000000008000930       0xa8 ./Core/Src/can.o
                0x0000000008000930                HAL_CAN_MspInit
 .text.MX_DMA_Init
                0x00000000080009d8       0x3c ./Core/Src/dma.o
                0x00000000080009d8                MX_DMA_Init
 .text.MX_GPIO_Init
                0x0000000008000a14      0x140 ./Core/Src/gpio.o
                0x0000000008000a14                MX_GPIO_Init
 .text.main     0x0000000008000b54       0x3e ./Core/Src/main.o
                0x0000000008000b54                main
 .text.SystemClock_Config
                0x0000000008000b92       0xc2 ./Core/Src/main.o
                0x0000000008000b92                SystemClock_Config
 .text.Error_Handler
                0x0000000008000c54        0xa ./Core/Src/main.o
                0x0000000008000c54                Error_Handler
 *fill*         0x0000000008000c5e        0x2 
 .text.HAL_MspInit
                0x0000000008000c60       0x48 ./Core/Src/stm32f3xx_hal_msp.o
                0x0000000008000c60                HAL_MspInit
 .text.NMI_Handler
                0x0000000008000ca8        0x6 ./Core/Src/stm32f3xx_it.o
                0x0000000008000ca8                NMI_Handler
 .text.HardFault_Handler
                0x0000000008000cae        0x6 ./Core/Src/stm32f3xx_it.o
                0x0000000008000cae                HardFault_Handler
 .text.MemManage_Handler
                0x0000000008000cb4        0x6 ./Core/Src/stm32f3xx_it.o
                0x0000000008000cb4                MemManage_Handler
 .text.BusFault_Handler
                0x0000000008000cba        0x6 ./Core/Src/stm32f3xx_it.o
                0x0000000008000cba                BusFault_Handler
 .text.UsageFault_Handler
                0x0000000008000cc0        0x6 ./Core/Src/stm32f3xx_it.o
                0x0000000008000cc0                UsageFault_Handler
 .text.SVC_Handler
                0x0000000008000cc6        0xe ./Core/Src/stm32f3xx_it.o
                0x0000000008000cc6                SVC_Handler
 .text.DebugMon_Handler
                0x0000000008000cd4        0xe ./Core/Src/stm32f3xx_it.o
                0x0000000008000cd4                DebugMon_Handler
 .text.PendSV_Handler
                0x0000000008000ce2        0xe ./Core/Src/stm32f3xx_it.o
                0x0000000008000ce2                PendSV_Handler
 .text.SysTick_Handler
                0x0000000008000cf0       0x10 ./Core/Src/stm32f3xx_it.o
                0x0000000008000cf0                SysTick_Handler
 .text.DMA1_Channel1_IRQHandler
                0x0000000008000d00       0x14 ./Core/Src/stm32f3xx_it.o
                0x0000000008000d00                DMA1_Channel1_IRQHandler
 .text.CAN_RX0_IRQHandler
                0x0000000008000d14       0x14 ./Core/Src/stm32f3xx_it.o
                0x0000000008000d14                CAN_RX0_IRQHandler
 .text.CAN_RX1_IRQHandler
                0x0000000008000d28       0x14 ./Core/Src/stm32f3xx_it.o
                0x0000000008000d28                CAN_RX1_IRQHandler
 .text.SystemInit
                0x0000000008000d3c       0x24 ./Core/Src/system_stm32f3xx.o
                0x0000000008000d3c                SystemInit
 .text.MX_TIM1_Init
                0x0000000008000d60      0x150 ./Core/Src/tim.o
                0x0000000008000d60                MX_TIM1_Init
 .text.MX_TIM2_Init
                0x0000000008000eb0       0xe0 ./Core/Src/tim.o
                0x0000000008000eb0                MX_TIM2_Init
 .text.MX_TIM3_Init
                0x0000000008000f90       0xe0 ./Core/Src/tim.o
                0x0000000008000f90                MX_TIM3_Init
 .text.MX_TIM15_Init
                0x0000000008001070       0xac ./Core/Src/tim.o
                0x0000000008001070                MX_TIM15_Init
 .text.MX_TIM16_Init
                0x000000000800111c       0x94 ./Core/Src/tim.o
                0x000000000800111c                MX_TIM16_Init
 .text.MX_TIM17_Init
                0x00000000080011b0       0x94 ./Core/Src/tim.o
                0x00000000080011b0                MX_TIM17_Init
 .text.HAL_TIM_PWM_MspInit
                0x0000000008001244       0x8c ./Core/Src/tim.o
                0x0000000008001244                HAL_TIM_PWM_MspInit
 .text.HAL_TIM_IC_MspInit
                0x00000000080012d0       0x88 ./Core/Src/tim.o
                0x00000000080012d0                HAL_TIM_IC_MspInit
 .text.HAL_TIM_Base_MspInit
                0x0000000008001358       0xe8 ./Core/Src/tim.o
                0x0000000008001358                HAL_TIM_Base_MspInit
 .text.HAL_TIM_MspPostInit
                0x0000000008001440      0x138 ./Core/Src/tim.o
                0x0000000008001440                HAL_TIM_MspPostInit
 .text.Reset_Handler
                0x0000000008001578       0x50 ./Core/Startup/startup_stm32f334r8tx.o
                0x0000000008001578                Reset_Handler
 .text.Default_Handler
                0x00000000080015c8        0x2 ./Core/Startup/startup_stm32f334r8tx.o
                0x00000000080015c8                RTC_Alarm_IRQHandler
                0x00000000080015c8                HRTIM1_Master_IRQHandler
                0x00000000080015c8                TIM1_CC_IRQHandler
                0x00000000080015c8                HRTIM1_FLT_IRQHandler
                0x00000000080015c8                PVD_IRQHandler
                0x00000000080015c8                HRTIM1_TIMD_IRQHandler
                0x00000000080015c8                TAMP_STAMP_IRQHandler
                0x00000000080015c8                EXTI3_IRQHandler
                0x00000000080015c8                EXTI0_IRQHandler
                0x00000000080015c8                FPU_IRQHandler
                0x00000000080015c8                CAN_TX_IRQHandler
                0x00000000080015c8                TIM1_UP_TIM16_IRQHandler
                0x00000000080015c8                ADC1_2_IRQHandler
                0x00000000080015c8                HRTIM1_TIME_IRQHandler
                0x00000000080015c8                SPI1_IRQHandler
                0x00000000080015c8                CAN_SCE_IRQHandler
                0x00000000080015c8                HRTIM1_TIMC_IRQHandler
                0x00000000080015c8                DMA1_Channel4_IRQHandler
                0x00000000080015c8                USART3_IRQHandler
                0x00000000080015c8                DMA1_Channel7_IRQHandler
                0x00000000080015c8                TIM7_DAC2_IRQHandler
                0x00000000080015c8                I2C1_EV_IRQHandler
                0x00000000080015c8                DMA1_Channel6_IRQHandler
                0x00000000080015c8                TIM3_IRQHandler
                0x00000000080015c8                RCC_IRQHandler
                0x00000000080015c8                Default_Handler
                0x00000000080015c8                EXTI15_10_IRQHandler
                0x00000000080015c8                COMP2_IRQHandler
                0x00000000080015c8                HRTIM1_TIMA_IRQHandler
                0x00000000080015c8                TIM6_DAC1_IRQHandler
                0x00000000080015c8                EXTI9_5_IRQHandler
                0x00000000080015c8                RTC_WKUP_IRQHandler
                0x00000000080015c8                DMA1_Channel5_IRQHandler
                0x00000000080015c8                EXTI4_IRQHandler
                0x00000000080015c8                HRTIM1_TIMB_IRQHandler
                0x00000000080015c8                TIM1_TRG_COM_TIM17_IRQHandler
                0x00000000080015c8                DMA1_Channel3_IRQHandler
                0x00000000080015c8                WWDG_IRQHandler
                0x00000000080015c8                TIM2_IRQHandler
                0x00000000080015c8                EXTI1_IRQHandler
                0x00000000080015c8                COMP4_6_IRQHandler
                0x00000000080015c8                USART2_IRQHandler
                0x00000000080015c8                DMA1_Channel2_IRQHandler
                0x00000000080015c8                FLASH_IRQHandler
                0x00000000080015c8                USART1_IRQHandler
                0x00000000080015c8                I2C1_ER_IRQHandler
                0x00000000080015c8                EXTI2_TSC_IRQHandler
                0x00000000080015c8                TIM1_BRK_TIM15_IRQHandler
 *fill*         0x00000000080015ca        0x2 
 .text.HAL_Init
                0x00000000080015cc       0x2c ./Drivers/STM32F3xx_HAL_Driver/Src/stm32f3xx_hal.o
                0x00000000080015cc                HAL_Init
 .text.HAL_InitTick
                0x00000000080015f8       0x60 ./Drivers/STM32F3xx_HAL_Driver/Src/stm32f3xx_hal.o
                0x00000000080015f8                HAL_InitTick
 .text.HAL_IncTick
                0x0000000008001658       0x28 ./Drivers/STM32F3xx_HAL_Driver/Src/stm32f3xx_hal.o
                0x0000000008001658                HAL_IncTick
 .text.HAL_GetTick
                0x0000000008001680       0x18 ./Drivers/STM32F3xx_HAL_Driver/Src/stm32f3xx_hal.o
                0x0000000008001680                HAL_GetTick
 .text.HAL_ADC_Init
                0x0000000008001698      0x324 ./Drivers/STM32F3xx_HAL_Driver/Src/stm32f3xx_hal_adc_ex.o
                0x0000000008001698                HAL_ADC_Init
 .text.HAL_ADC_ConfigChannel
                0x00000000080019bc      0x584 ./Drivers/STM32F3xx_HAL_Driver/Src/stm32f3xx_hal_adc_ex.o
                0x00000000080019bc                HAL_ADC_ConfigChannel
 .text.HAL_ADCEx_MultiModeConfigChannel
                0x0000000008001f40      0x18c ./Drivers/STM32F3xx_HAL_Driver/Src/stm32f3xx_hal_adc_ex.o
                0x0000000008001f40                HAL_ADCEx_MultiModeConfigChannel
 .text.ADC_Disable
                0x00000000080020cc       0xcc ./Drivers/STM32F3xx_HAL_Driver/Src/stm32f3xx_hal_adc_ex.o
 .text.HAL_CAN_Init
                0x0000000008002198      0x1f6 ./Drivers/STM32F3xx_HAL_Driver/Src/stm32f3xx_hal_can.o
                0x0000000008002198                HAL_CAN_Init
 .text.HAL_CAN_ConfigFilter
                0x000000000800238e      0x194 ./Drivers/STM32F3xx_HAL_Driver/Src/stm32f3xx_hal_can.o
                0x000000000800238e                HAL_CAN_ConfigFilter
 .text.HAL_CAN_Start
                0x0000000008002522       0x88 ./Drivers/STM32F3xx_HAL_Driver/Src/stm32f3xx_hal_can.o
                0x0000000008002522                HAL_CAN_Start
 .text.HAL_CAN_AddTxMessage
                0x00000000080025aa      0x1b6 ./Drivers/STM32F3xx_HAL_Driver/Src/stm32f3xx_hal_can.o
                0x00000000080025aa                HAL_CAN_AddTxMessage
 .text.HAL_CAN_GetTxMailboxesFreeLevel
                0x0000000008002760       0x6a ./Drivers/STM32F3xx_HAL_Driver/Src/stm32f3xx_hal_can.o
                0x0000000008002760                HAL_CAN_GetTxMailboxesFreeLevel
 .text.HAL_CAN_GetRxMessage
                0x00000000080027ca      0x224 ./Drivers/STM32F3xx_HAL_Driver/Src/stm32f3xx_hal_can.o
                0x00000000080027ca                HAL_CAN_GetRxMessage
 .text.HAL_CAN_ActivateNotification
                0x00000000080029ee       0x4c ./Drivers/STM32F3xx_HAL_Driver/Src/stm32f3xx_hal_can.o
                0x00000000080029ee                HAL_CAN_ActivateNotification
 .text.HAL_CAN_IRQHandler
                0x0000000008002a3a      0x36e ./Drivers/STM32F3xx_HAL_Driver/Src/stm32f3xx_hal_can.o
                0x0000000008002a3a                HAL_CAN_IRQHandler
 .text.HAL_CAN_TxMailbox0CompleteCallback
                0x0000000008002da8       0x14 ./Drivers/STM32F3xx_HAL_Driver/Src/stm32f3xx_hal_can.o
                0x0000000008002da8                HAL_CAN_TxMailbox0CompleteCallback
 .text.HAL_CAN_TxMailbox1CompleteCallback
                0x0000000008002dbc       0x14 ./Drivers/STM32F3xx_HAL_Driver/Src/stm32f3xx_hal_can.o
                0x0000000008002dbc                HAL_CAN_TxMailbox1CompleteCallback
 .text.HAL_CAN_TxMailbox2CompleteCallback
                0x0000000008002dd0       0x14 ./Drivers/STM32F3xx_HAL_Driver/Src/stm32f3xx_hal_can.o
                0x0000000008002dd0                HAL_CAN_TxMailbox2CompleteCallback
 .text.HAL_CAN_TxMailbox0AbortCallback
                0x0000000008002de4       0x14 ./Drivers/STM32F3xx_HAL_Driver/Src/stm32f3xx_hal_can.o
                0x0000000008002de4                HAL_CAN_TxMailbox0AbortCallback
 .text.HAL_CAN_TxMailbox1AbortCallback
                0x0000000008002df8       0x14 ./Drivers/STM32F3xx_HAL_Driver/Src/stm32f3xx_hal_can.o
                0x0000000008002df8                HAL_CAN_TxMailbox1AbortCallback
 .text.HAL_CAN_TxMailbox2AbortCallback
                0x0000000008002e0c       0x14 ./Drivers/STM32F3xx_HAL_Driver/Src/stm32f3xx_hal_can.o
                0x0000000008002e0c                HAL_CAN_TxMailbox2AbortCallback
 .text.HAL_CAN_RxFifo0FullCallback
                0x0000000008002e20       0x14 ./Drivers/STM32F3xx_HAL_Driver/Src/stm32f3xx_hal_can.o
                0x0000000008002e20                HAL_CAN_RxFifo0FullCallback
 .text.HAL_CAN_RxFifo1MsgPendingCallback
                0x0000000008002e34       0x14 ./Drivers/STM32F3xx_HAL_Driver/Src/stm32f3xx_hal_can.o
                0x0000000008002e34                HAL_CAN_RxFifo1MsgPendingCallback
 .text.HAL_CAN_RxFifo1FullCallback
                0x0000000008002e48       0x14 ./Drivers/STM32F3xx_HAL_Driver/Src/stm32f3xx_hal_can.o
                0x0000000008002e48                HAL_CAN_RxFifo1FullCallback
 .text.HAL_CAN_SleepCallback
                0x0000000008002e5c       0x14 ./Drivers/STM32F3xx_HAL_Driver/Src/stm32f3xx_hal_can.o
                0x0000000008002e5c                HAL_CAN_SleepCallback
 .text.HAL_CAN_WakeUpFromRxMsgCallback
                0x0000000008002e70       0x14 ./Drivers/STM32F3xx_HAL_Driver/Src/stm32f3xx_hal_can.o
                0x0000000008002e70                HAL_CAN_WakeUpFromRxMsgCallback
 .text.HAL_CAN_ErrorCallback
                0x0000000008002e84       0x14 ./Drivers/STM32F3xx_HAL_Driver/Src/stm32f3xx_hal_can.o
                0x0000000008002e84                HAL_CAN_ErrorCallback
 .text.__NVIC_SetPriorityGrouping
                0x0000000008002e98       0x48 ./Drivers/STM32F3xx_HAL_Driver/Src/stm32f3xx_hal_cortex.o
 .text.__NVIC_GetPriorityGrouping
                0x0000000008002ee0       0x1c ./Drivers/STM32F3xx_HAL_Driver/Src/stm32f3xx_hal_cortex.o
 .text.__NVIC_EnableIRQ
                0x0000000008002efc       0x3c ./Drivers/STM32F3xx_HAL_Driver/Src/stm32f3xx_hal_cortex.o
 .text.__NVIC_SetPriority
                0x0000000008002f38       0x54 ./Drivers/STM32F3xx_HAL_Driver/Src/stm32f3xx_hal_cortex.o
 .text.NVIC_EncodePriority
                0x0000000008002f8c       0x66 ./Drivers/STM32F3xx_HAL_Driver/Src/stm32f3xx_hal_cortex.o
 *fill*         0x0000000008002ff2        0x2 
 .text.SysTick_Config
                0x0000000008002ff4       0x44 ./Drivers/STM32F3xx_HAL_Driver/Src/stm32f3xx_hal_cortex.o
 .text.HAL_NVIC_SetPriorityGrouping
                0x0000000008003038       0x16 ./Drivers/STM32F3xx_HAL_Driver/Src/stm32f3xx_hal_cortex.o
                0x0000000008003038                HAL_NVIC_SetPriorityGrouping
 .text.HAL_NVIC_SetPriority
                0x000000000800304e       0x38 ./Drivers/STM32F3xx_HAL_Driver/Src/stm32f3xx_hal_cortex.o
                0x000000000800304e                HAL_NVIC_SetPriority
 .text.HAL_NVIC_EnableIRQ
                0x0000000008003086       0x1c ./Drivers/STM32F3xx_HAL_Driver/Src/stm32f3xx_hal_cortex.o
                0x0000000008003086                HAL_NVIC_EnableIRQ
 .text.HAL_SYSTICK_Config
                0x00000000080030a2       0x18 ./Drivers/STM32F3xx_HAL_Driver/Src/stm32f3xx_hal_cortex.o
                0x00000000080030a2                HAL_SYSTICK_Config
 .text.HAL_SYSTICK_IRQHandler
                0x00000000080030ba        0xc ./Drivers/STM32F3xx_HAL_Driver/Src/stm32f3xx_hal_cortex.o
                0x00000000080030ba                HAL_SYSTICK_IRQHandler
 .text.HAL_DMA_Init
                0x00000000080030c6       0x8e ./Drivers/STM32F3xx_HAL_Driver/Src/stm32f3xx_hal_dma.o
                0x00000000080030c6                HAL_DMA_Init
 .text.HAL_DMA_IRQHandler
                0x0000000008003154      0x146 ./Drivers/STM32F3xx_HAL_Driver/Src/stm32f3xx_hal_dma.o
                0x0000000008003154                HAL_DMA_IRQHandler
 *fill*         0x000000000800329a        0x2 
 .text.DMA_CalcBaseAndBitshift
                0x000000000800329c       0x40 ./Drivers/STM32F3xx_HAL_Driver/Src/stm32f3xx_hal_dma.o
 .text.HAL_GPIO_Init
                0x00000000080032dc      0x2e4 ./Drivers/STM32F3xx_HAL_Driver/Src/stm32f3xx_hal_gpio.o
                0x00000000080032dc                HAL_GPIO_Init
 .text.HAL_GPIO_ReadPin
                0x00000000080035c0       0x30 ./Drivers/STM32F3xx_HAL_Driver/Src/stm32f3xx_hal_gpio.o
                0x00000000080035c0                HAL_GPIO_ReadPin
 .text.HAL_GPIO_WritePin
                0x00000000080035f0       0x30 ./Drivers/STM32F3xx_HAL_Driver/Src/stm32f3xx_hal_gpio.o
                0x00000000080035f0                HAL_GPIO_WritePin
 .text.HAL_GPIO_TogglePin
                0x0000000008003620       0x34 ./Drivers/STM32F3xx_HAL_Driver/Src/stm32f3xx_hal_gpio.o
                0x0000000008003620                HAL_GPIO_TogglePin
 .text.HAL_RCC_OscConfig
                0x0000000008003654      0xe10 ./Drivers/STM32F3xx_HAL_Driver/Src/stm32f3xx_hal_rcc.o
                0x0000000008003654                HAL_RCC_OscConfig
 .text.HAL_RCC_ClockConfig
                0x0000000008004464      0x2f8 ./Drivers/STM32F3xx_HAL_Driver/Src/stm32f3xx_hal_rcc.o
                0x0000000008004464                HAL_RCC_ClockConfig
 .text.HAL_RCC_GetSysClockFreq
                0x000000000800475c       0xd4 ./Drivers/STM32F3xx_HAL_Driver/Src/stm32f3xx_hal_rcc.o
                0x000000000800475c                HAL_RCC_GetSysClockFreq
 .text.HAL_RCCEx_PeriphCLKConfig
                0x0000000008004830      0x26c ./Drivers/STM32F3xx_HAL_Driver/Src/stm32f3xx_hal_rcc_ex.o
                0x0000000008004830                HAL_RCCEx_PeriphCLKConfig
 .text.HAL_TIM_Base_Init
                0x0000000008004a9c       0xae ./Drivers/STM32F3xx_HAL_Driver/Src/stm32f3xx_hal_tim.o
                0x0000000008004a9c                HAL_TIM_Base_Init
 .text.HAL_TIM_PWM_Init
                0x0000000008004b4a       0xae ./Drivers/STM32F3xx_HAL_Driver/Src/stm32f3xx_hal_tim.o
                0x0000000008004b4a                HAL_TIM_PWM_Init
 .text.HAL_TIM_PWM_Start
                0x0000000008004bf8      0x1d8 ./Drivers/STM32F3xx_HAL_Driver/Src/stm32f3xx_hal_tim.o
                0x0000000008004bf8                HAL_TIM_PWM_Start
 .text.HAL_TIM_IC_Init
                0x0000000008004dd0       0xae ./Drivers/STM32F3xx_HAL_Driver/Src/stm32f3xx_hal_tim.o
                0x0000000008004dd0                HAL_TIM_IC_Init
 *fill*         0x0000000008004e7e        0x2 
 .text.HAL_TIM_IC_Start_IT
                0x0000000008004e80      0x268 ./Drivers/STM32F3xx_HAL_Driver/Src/stm32f3xx_hal_tim.o
                0x0000000008004e80                HAL_TIM_IC_Start_IT
 .text.HAL_TIM_IC_ConfigChannel
                0x00000000080050e8      0x138 ./Drivers/STM32F3xx_HAL_Driver/Src/stm32f3xx_hal_tim.o
                0x00000000080050e8                HAL_TIM_IC_ConfigChannel
 .text.HAL_TIM_PWM_ConfigChannel
                0x0000000008005220      0x228 ./Drivers/STM32F3xx_HAL_Driver/Src/stm32f3xx_hal_tim.o
                0x0000000008005220                HAL_TIM_PWM_ConfigChannel
 .text.TIM_Base_SetConfig
                0x0000000008005448       0xf0 ./Drivers/STM32F3xx_HAL_Driver/Src/stm32f3xx_hal_tim.o
                0x0000000008005448                TIM_Base_SetConfig
 .text.TIM_OC1_SetConfig
                0x0000000008005538      0x10c ./Drivers/STM32F3xx_HAL_Driver/Src/stm32f3xx_hal_tim.o
 .text.TIM_OC2_SetConfig
                0x0000000008005644      0x100 ./Drivers/STM32F3xx_HAL_Driver/Src/stm32f3xx_hal_tim.o
                0x0000000008005644                TIM_OC2_SetConfig
 .text.TIM_OC3_SetConfig
                0x0000000008005744       0xfc ./Drivers/STM32F3xx_HAL_Driver/Src/stm32f3xx_hal_tim.o
 .text.TIM_OC4_SetConfig
                0x0000000008005840       0xc8 ./Drivers/STM32F3xx_HAL_Driver/Src/stm32f3xx_hal_tim.o
 .text.TIM_OC5_SetConfig
                0x0000000008005908       0xbc ./Drivers/STM32F3xx_HAL_Driver/Src/stm32f3xx_hal_tim.o
 .text.TIM_OC6_SetConfig
                0x00000000080059c4       0xc0 ./Drivers/STM32F3xx_HAL_Driver/Src/stm32f3xx_hal_tim.o
 .text.TIM_TI1_SetConfig
                0x0000000008005a84       0xb8 ./Drivers/STM32F3xx_HAL_Driver/Src/stm32f3xx_hal_tim.o
                0x0000000008005a84                TIM_TI1_SetConfig
 .text.TIM_TI2_SetConfig
                0x0000000008005b3c       0x7a ./Drivers/STM32F3xx_HAL_Driver/Src/stm32f3xx_hal_tim.o
 .text.TIM_TI3_SetConfig
                0x0000000008005bb6       0x78 ./Drivers/STM32F3xx_HAL_Driver/Src/stm32f3xx_hal_tim.o
 .text.TIM_TI4_SetConfig
                0x0000000008005c2e       0x7a ./Drivers/STM32F3xx_HAL_Driver/Src/stm32f3xx_hal_tim.o
 .text.TIM_CCxChannelCmd
                0x0000000008005ca8       0x4a ./Drivers/STM32F3xx_HAL_Driver/Src/stm32f3xx_hal_tim.o
                0x0000000008005ca8                TIM_CCxChannelCmd
 *fill*         0x0000000008005cf2        0x2 
 .text.HAL_TIMEx_MasterConfigSynchronization
                0x0000000008005cf4       0xdc ./Drivers/STM32F3xx_HAL_Driver/Src/stm32f3xx_hal_tim_ex.o
                0x0000000008005cf4                HAL_TIMEx_MasterConfigSynchronization
 .text.HAL_TIMEx_ConfigBreakDeadTime
                0x0000000008005dd0       0xf0 ./Drivers/STM32F3xx_HAL_Driver/Src/stm32f3xx_hal_tim_ex.o
                0x0000000008005dd0                HAL_TIMEx_ConfigBreakDeadTime
 .text.__libc_init_array
                0x0000000008005ec0       0x48 c:/st/stm32cubeide_1.5.1/stm32cubeide/plugins/com.st.stm32cube.ide.mcu.externaltools.gnu-tools-for-stm32.9-2020-q2-update.win32_2.0.0.202105311346/tools/bin/../lib/gcc/arm-none-eabi/9.3.1/../../../../arm-none-eabi/lib/thumb/v7e-m+fp/hard\libc_nano.a(lib_a-init.o)
                0x0000000008005ec0                __libc_init_array
 .text.memset   0x0000000008005f08       0x10 c:/st/stm32cubeide_1.5.1/stm32cubeide/plugins/com.st.stm32cube.ide.mcu.externaltools.gnu-tools-for-stm32.9-2020-q2-update.win32_2.0.0.202105311346/tools/bin/../lib/gcc/arm-none-eabi/9.3.1/../../../../arm-none-eabi/lib/thumb/v7e-m+fp/hard\libc_nano.a(lib_a-memset.o)
                0x0000000008005f08                memset
 *(.glue_7)
 .glue_7        0x0000000008005f18        0x0 linker stubs
 *(.glue_7t)
 .glue_7t       0x0000000008005f18        0x0 linker stubs
 *(.eh_frame)
 .eh_frame      0x0000000008005f18        0x0 c:/st/stm32cubeide_1.5.1/stm32cubeide/plugins/com.st.stm32cube.ide.mcu.externaltools.gnu-tools-for-stm32.9-2020-q2-update.win32_2.0.0.202105311346/tools/bin/../lib/gcc/arm-none-eabi/9.3.1/thumb/v7e-m+fp/hard/crtbegin.o
 *(.init)
 .init          0x0000000008005f18        0x4 c:/st/stm32cubeide_1.5.1/stm32cubeide/plugins/com.st.stm32cube.ide.mcu.externaltools.gnu-tools-for-stm32.9-2020-q2-update.win32_2.0.0.202105311346/tools/bin/../lib/gcc/arm-none-eabi/9.3.1/thumb/v7e-m+fp/hard/crti.o
                0x0000000008005f18                _init
 .init          0x0000000008005f1c        0x8 c:/st/stm32cubeide_1.5.1/stm32cubeide/plugins/com.st.stm32cube.ide.mcu.externaltools.gnu-tools-for-stm32.9-2020-q2-update.win32_2.0.0.202105311346/tools/bin/../lib/gcc/arm-none-eabi/9.3.1/thumb/v7e-m+fp/hard/crtn.o
 *(.fini)
 .fini          0x0000000008005f24        0x4 c:/st/stm32cubeide_1.5.1/stm32cubeide/plugins/com.st.stm32cube.ide.mcu.externaltools.gnu-tools-for-stm32.9-2020-q2-update.win32_2.0.0.202105311346/tools/bin/../lib/gcc/arm-none-eabi/9.3.1/thumb/v7e-m+fp/hard/crti.o
                0x0000000008005f24                _fini
 .fini          0x0000000008005f28        0x8 c:/st/stm32cubeide_1.5.1/stm32cubeide/plugins/com.st.stm32cube.ide.mcu.externaltools.gnu-tools-for-stm32.9-2020-q2-update.win32_2.0.0.202105311346/tools/bin/../lib/gcc/arm-none-eabi/9.3.1/thumb/v7e-m+fp/hard/crtn.o
                0x0000000008005f30                . = ALIGN (0x4)
                0x0000000008005f30                _etext = .

.vfp11_veneer   0x0000000008005f30        0x0
 .vfp11_veneer  0x0000000008005f30        0x0 linker stubs

.v4_bx          0x0000000008005f30        0x0
 .v4_bx         0x0000000008005f30        0x0 linker stubs

.iplt           0x0000000008005f30        0x0
 .iplt          0x0000000008005f30        0x0 c:/st/stm32cubeide_1.5.1/stm32cubeide/plugins/com.st.stm32cube.ide.mcu.externaltools.gnu-tools-for-stm32.9-2020-q2-update.win32_2.0.0.202105311346/tools/bin/../lib/gcc/arm-none-eabi/9.3.1/thumb/v7e-m+fp/hard/crtbegin.o

.rodata         0x0000000008005f30       0x30
                0x0000000008005f30                . = ALIGN (0x4)
 *(.rodata)
 *(.rodata*)
 .rodata.AHBPrescTable
                0x0000000008005f30       0x10 ./Core/Src/system_stm32f3xx.o
                0x0000000008005f30                AHBPrescTable
 .rodata.aPLLMULFactorTable
                0x0000000008005f40       0x10 ./Drivers/STM32F3xx_HAL_Driver/Src/stm32f3xx_hal_rcc.o
                0x0000000008005f40                aPLLMULFactorTable
 .rodata.aPredivFactorTable
                0x0000000008005f50       0x10 ./Drivers/STM32F3xx_HAL_Driver/Src/stm32f3xx_hal_rcc.o
                0x0000000008005f50                aPredivFactorTable
                0x0000000008005f60                . = ALIGN (0x4)

.rel.dyn        0x0000000008005f60        0x0
 .rel.iplt      0x0000000008005f60        0x0 c:/st/stm32cubeide_1.5.1/stm32cubeide/plugins/com.st.stm32cube.ide.mcu.externaltools.gnu-tools-for-stm32.9-2020-q2-update.win32_2.0.0.202105311346/tools/bin/../lib/gcc/arm-none-eabi/9.3.1/thumb/v7e-m+fp/hard/crtbegin.o

.ARM.extab      0x0000000008005f60        0x0
                0x0000000008005f60                . = ALIGN (0x4)
 *(.ARM.extab* .gnu.linkonce.armextab.*)
                0x0000000008005f60                . = ALIGN (0x4)

.ARM            0x0000000008005f60        0x0
                0x0000000008005f60                . = ALIGN (0x4)
                0x0000000008005f60                __exidx_start = .
 *(.ARM.exidx*)
                0x0000000008005f60                __exidx_end = .
                0x0000000008005f60                . = ALIGN (0x4)

.preinit_array  0x0000000008005f60        0x0
                0x0000000008005f60                . = ALIGN (0x4)
                0x0000000008005f60                PROVIDE (__preinit_array_start = .)
 *(.preinit_array*)
                0x0000000008005f60                PROVIDE (__preinit_array_end = .)
                0x0000000008005f60                . = ALIGN (0x4)

.init_array     0x0000000008005f60        0x4
                0x0000000008005f60                . = ALIGN (0x4)
                0x0000000008005f60                PROVIDE (__init_array_start = .)
 *(SORT_BY_NAME(.init_array.*))
 *(.init_array*)
 .init_array    0x0000000008005f60        0x4 c:/st/stm32cubeide_1.5.1/stm32cubeide/plugins/com.st.stm32cube.ide.mcu.externaltools.gnu-tools-for-stm32.9-2020-q2-update.win32_2.0.0.202105311346/tools/bin/../lib/gcc/arm-none-eabi/9.3.1/thumb/v7e-m+fp/hard/crtbegin.o
                0x0000000008005f64                PROVIDE (__init_array_end = .)
                0x0000000008005f64                . = ALIGN (0x4)

.fini_array     0x0000000008005f64        0x4
                0x0000000008005f64                . = ALIGN (0x4)
                [!provide]                        PROVIDE (__fini_array_start = .)
 *(SORT_BY_NAME(.fini_array.*))
 *(.fini_array*)
 .fini_array    0x0000000008005f64        0x4 c:/st/stm32cubeide_1.5.1/stm32cubeide/plugins/com.st.stm32cube.ide.mcu.externaltools.gnu-tools-for-stm32.9-2020-q2-update.win32_2.0.0.202105311346/tools/bin/../lib/gcc/arm-none-eabi/9.3.1/thumb/v7e-m+fp/hard/crtbegin.o
                [!provide]                        PROVIDE (__fini_array_end = .)
                0x0000000008005f68                . = ALIGN (0x4)
                0x0000000008005f68                _sidata = LOADADDR (.data)

.data           0x0000000020000000       0x14 load address 0x0000000008005f68
                0x0000000020000000                . = ALIGN (0x4)
                0x0000000020000000                _sdata = .
 *(.data)
 *(.data*)
 .data.BatteryInsideID
                0x0000000020000000        0x4 ./Core/Src/GAS_Can.o
                0x0000000020000000                BatteryInsideID
 .data.BatteryFanCnt
                0x0000000020000004        0x4 ./Core/Src/GAS_Can.o
                0x0000000020000004                BatteryFanCnt
 .data.SystemCoreClock
                0x0000000020000008        0x4 ./Core/Src/system_stm32f3xx.o
                0x0000000020000008                SystemCoreClock
 .data.uwTickPrio
                0x000000002000000c        0x4 ./Drivers/STM32F3xx_HAL_Driver/Src/stm32f3xx_hal.o
                0x000000002000000c                uwTickPrio
 .data.uwTickFreq
                0x0000000020000010        0x1 ./Drivers/STM32F3xx_HAL_Driver/Src/stm32f3xx_hal.o
                0x0000000020000010                uwTickFreq
 *(.RamFunc)
 *(.RamFunc*)
                0x0000000020000014                . = ALIGN (0x4)
 *fill*         0x0000000020000011        0x3 
                0x0000000020000014                _edata = .

.igot.plt       0x0000000020000014        0x0 load address 0x0000000008005f7c
 .igot.plt      0x0000000020000014        0x0 c:/st/stm32cubeide_1.5.1/stm32cubeide/plugins/com.st.stm32cube.ide.mcu.externaltools.gnu-tools-for-stm32.9-2020-q2-update.win32_2.0.0.202105311346/tools/bin/../lib/gcc/arm-none-eabi/9.3.1/thumb/v7e-m+fp/hard/crtbegin.o
                0x0000000020000014                . = ALIGN (0x4)

.bss            0x0000000020000014      0x380 load address 0x0000000008005f7c
                0x0000000020000014                _sbss = .
                0x0000000020000014                __bss_start__ = _sbss
 *(.bss)
 .bss           0x0000000020000014       0x1c c:/st/stm32cubeide_1.5.1/stm32cubeide/plugins/com.st.stm32cube.ide.mcu.externaltools.gnu-tools-for-stm32.9-2020-q2-update.win32_2.0.0.202105311346/tools/bin/../lib/gcc/arm-none-eabi/9.3.1/thumb/v7e-m+fp/hard/crtbegin.o
 *(.bss*)
 *(COMMON)
 COMMON         0x0000000020000030       0xa0 ./Core/Src/GAS_Can.o
                0x0000000020000030                sFilterConfig
                0x0000000020000058                canTxHeader
                0x0000000020000070                TxMailBox
                0x0000000020000074                canRx0Data
                0x000000002000007c                canRxHeader
                0x0000000020000098                T_BatteryDiagnose
                0x00000000200000a0                R_BatteryTemp
                0x00000000200000a8                sFilterConfig2
 COMMON         0x00000000200000d0       0x3c ./Core/Src/GAS_Scheduler.o
                0x00000000200000d0                gTask
                0x00000000200000d4                FANval
                0x00000000200000d6                pin_state
                0x00000000200000d8                pwmIn1
                0x00000000200000f0                gTimerCnt
                0x00000000200000f4                pwmIn2
 COMMON         0x000000002000010c       0x94 ./Core/Src/adc.o
                0x000000002000010c                hadc1
                0x000000002000015c                hdma_adc1
 COMMON         0x00000000200001a0       0x28 ./Core/Src/can.o
                0x00000000200001a0                hcan
 COMMON         0x00000000200001c8      0x1c8 ./Core/Src/tim.o
                0x00000000200001c8                htim15
                0x0000000020000214                htim17
                0x0000000020000260                htim3
                0x00000000200002ac                htim1
                0x00000000200002f8                htim2
                0x0000000020000344                htim16
 COMMON         0x0000000020000390        0x4 ./Drivers/STM32F3xx_HAL_Driver/Src/stm32f3xx_hal.o
                0x0000000020000390                uwTick
                0x0000000020000394                . = ALIGN (0x4)
                0x0000000020000394                _ebss = .
                0x0000000020000394                __bss_end__ = _ebss

._user_heap_stack
                0x0000000020000394      0x604 load address 0x0000000008005f7c
                0x0000000020000398                . = ALIGN (0x8)
 *fill*         0x0000000020000394        0x4 
                [!provide]                        PROVIDE (end = .)
                0x0000000020000398                PROVIDE (_end = .)
                0x0000000020000598                . = (. + _Min_Heap_Size)
 *fill*         0x0000000020000398      0x200 
                0x0000000020000998                . = (. + _Min_Stack_Size)
 *fill*         0x0000000020000598      0x400 
                0x0000000020000998                . = ALIGN (0x8)

/DISCARD/
 libc.a(*)
 libm.a(*)
 libgcc.a(*)

.ARM.attributes
                0x0000000000000000       0x30
 *(.ARM.attributes)
 .ARM.attributes
                0x0000000000000000       0x1e c:/st/stm32cubeide_1.5.1/stm32cubeide/plugins/com.st.stm32cube.ide.mcu.externaltools.gnu-tools-for-stm32.9-2020-q2-update.win32_2.0.0.202105311346/tools/bin/../lib/gcc/arm-none-eabi/9.3.1/thumb/v7e-m+fp/hard/crti.o
 .ARM.attributes
                0x000000000000001e       0x34 c:/st/stm32cubeide_1.5.1/stm32cubeide/plugins/com.st.stm32cube.ide.mcu.externaltools.gnu-tools-for-stm32.9-2020-q2-update.win32_2.0.0.202105311346/tools/bin/../lib/gcc/arm-none-eabi/9.3.1/thumb/v7e-m+fp/hard/crtbegin.o
 .ARM.attributes
                0x0000000000000052       0x34 ./Core/Src/GAS_Can.o
 .ARM.attributes
                0x0000000000000086       0x34 ./Core/Src/GAS_PWM.o
 .ARM.attributes
                0x00000000000000ba       0x34 ./Core/Src/GAS_Scheduler.o
 .ARM.attributes
                0x00000000000000ee       0x34 ./Core/Src/adc.o
 .ARM.attributes
                0x0000000000000122       0x34 ./Core/Src/can.o
 .ARM.attributes
                0x0000000000000156       0x34 ./Core/Src/dma.o
 .ARM.attributes
                0x000000000000018a       0x34 ./Core/Src/gpio.o
 .ARM.attributes
                0x00000000000001be       0x34 ./Core/Src/main.o
 .ARM.attributes
                0x00000000000001f2       0x34 ./Core/Src/stm32f3xx_hal_msp.o
 .ARM.attributes
                0x0000000000000226       0x34 ./Core/Src/stm32f3xx_it.o
 .ARM.attributes
                0x000000000000025a       0x34 ./Core/Src/system_stm32f3xx.o
 .ARM.attributes
                0x000000000000028e       0x34 ./Core/Src/tim.o
 .ARM.attributes
                0x00000000000002c2       0x21 ./Core/Startup/startup_stm32f334r8tx.o
 .ARM.attributes
                0x00000000000002e3       0x34 ./Drivers/STM32F3xx_HAL_Driver/Src/stm32f3xx_hal.o
 .ARM.attributes
                0x0000000000000317       0x34 ./Drivers/STM32F3xx_HAL_Driver/Src/stm32f3xx_hal_adc_ex.o
 .ARM.attributes
                0x000000000000034b       0x34 ./Drivers/STM32F3xx_HAL_Driver/Src/stm32f3xx_hal_can.o
 .ARM.attributes
                0x000000000000037f       0x34 ./Drivers/STM32F3xx_HAL_Driver/Src/stm32f3xx_hal_cortex.o
 .ARM.attributes
                0x00000000000003b3       0x34 ./Drivers/STM32F3xx_HAL_Driver/Src/stm32f3xx_hal_dma.o
 .ARM.attributes
                0x00000000000003e7       0x34 ./Drivers/STM32F3xx_HAL_Driver/Src/stm32f3xx_hal_gpio.o
 .ARM.attributes
                0x000000000000041b       0x34 ./Drivers/STM32F3xx_HAL_Driver/Src/stm32f3xx_hal_rcc.o
 .ARM.attributes
                0x000000000000044f       0x34 ./Drivers/STM32F3xx_HAL_Driver/Src/stm32f3xx_hal_rcc_ex.o
 .ARM.attributes
                0x0000000000000483       0x34 ./Drivers/STM32F3xx_HAL_Driver/Src/stm32f3xx_hal_tim.o
 .ARM.attributes
                0x00000000000004b7       0x34 ./Drivers/STM32F3xx_HAL_Driver/Src/stm32f3xx_hal_tim_ex.o
 .ARM.attributes
                0x00000000000004eb       0x34 c:/st/stm32cubeide_1.5.1/stm32cubeide/plugins/com.st.stm32cube.ide.mcu.externaltools.gnu-tools-for-stm32.9-2020-q2-update.win32_2.0.0.202105311346/tools/bin/../lib/gcc/arm-none-eabi/9.3.1/../../../../arm-none-eabi/lib/thumb/v7e-m+fp/hard\libc_nano.a(lib_a-init.o)
 .ARM.attributes
                0x000000000000051f       0x34 c:/st/stm32cubeide_1.5.1/stm32cubeide/plugins/com.st.stm32cube.ide.mcu.externaltools.gnu-tools-for-stm32.9-2020-q2-update.win32_2.0.0.202105311346/tools/bin/../lib/gcc/arm-none-eabi/9.3.1/../../../../arm-none-eabi/lib/thumb/v7e-m+fp/hard\libc_nano.a(lib_a-memset.o)
 .ARM.attributes
                0x0000000000000553       0x1e c:/st/stm32cubeide_1.5.1/stm32cubeide/plugins/com.st.stm32cube.ide.mcu.externaltools.gnu-tools-for-stm32.9-2020-q2-update.win32_2.0.0.202105311346/tools/bin/../lib/gcc/arm-none-eabi/9.3.1/thumb/v7e-m+fp/hard/crtn.o
OUTPUT(STM32F334R8_test.elf elf32-littlearm)
LOAD linker stubs
LOAD c:/st/stm32cubeide_1.5.1/stm32cubeide/plugins/com.st.stm32cube.ide.mcu.externaltools.gnu-tools-for-stm32.9-2020-q2-update.win32_2.0.0.202105311346/tools/bin/../lib/gcc/arm-none-eabi/9.3.1/../../../../arm-none-eabi/lib/thumb/v7e-m+fp/hard\libc.a
LOAD c:/st/stm32cubeide_1.5.1/stm32cubeide/plugins/com.st.stm32cube.ide.mcu.externaltools.gnu-tools-for-stm32.9-2020-q2-update.win32_2.0.0.202105311346/tools/bin/../lib/gcc/arm-none-eabi/9.3.1/../../../../arm-none-eabi/lib/thumb/v7e-m+fp/hard\libm.a
LOAD c:/st/stm32cubeide_1.5.1/stm32cubeide/plugins/com.st.stm32cube.ide.mcu.externaltools.gnu-tools-for-stm32.9-2020-q2-update.win32_2.0.0.202105311346/tools/bin/../lib/gcc/arm-none-eabi/9.3.1/thumb/v7e-m+fp/hard\libgcc.a

.debug_info     0x0000000000000000    0x144e0
 .debug_info    0x0000000000000000     0x12fd ./Core/Src/GAS_Can.o
 .debug_info    0x00000000000012fd     0x1815 ./Core/Src/GAS_PWM.o
 .debug_info    0x0000000000002b12     0x2187 ./Core/Src/GAS_Scheduler.o
 .debug_info    0x0000000000004c99      0xb2d ./Core/Src/adc.o
 .debug_info    0x00000000000057c6      0x99e ./Core/Src/can.o
 .debug_info    0x0000000000006164      0x3ed ./Core/Src/dma.o
 .debug_info    0x0000000000006551      0x425 ./Core/Src/gpio.o
 .debug_info    0x0000000000006976     0x116f ./Core/Src/main.o
 .debug_info    0x0000000000007ae5      0x299 ./Core/Src/stm32f3xx_hal_msp.o
 .debug_info    0x0000000000007d7e      0x868 ./Core/Src/stm32f3xx_it.o
 .debug_info    0x00000000000085e6      0x49a ./Core/Src/system_stm32f3xx.o
 .debug_info    0x0000000000008a80      0xf98 ./Core/Src/tim.o
 .debug_info    0x0000000000009a18       0x22 ./Core/Startup/startup_stm32f334r8tx.o
 .debug_info    0x0000000000009a3a      0x7dd ./Drivers/STM32F3xx_HAL_Driver/Src/stm32f3xx_hal.o
 .debug_info    0x000000000000a217     0x16c7 ./Drivers/STM32F3xx_HAL_Driver/Src/stm32f3xx_hal_adc_ex.o
 .debug_info    0x000000000000b8de     0x107d ./Drivers/STM32F3xx_HAL_Driver/Src/stm32f3xx_hal_can.o
 .debug_info    0x000000000000c95b      0xc09 ./Drivers/STM32F3xx_HAL_Driver/Src/stm32f3xx_hal_cortex.o
 .debug_info    0x000000000000d564      0x839 ./Drivers/STM32F3xx_HAL_Driver/Src/stm32f3xx_hal_dma.o
 .debug_info    0x000000000000dd9d      0x83d ./Drivers/STM32F3xx_HAL_Driver/Src/stm32f3xx_hal_gpio.o
 .debug_info    0x000000000000e5da     0x15b5 ./Drivers/STM32F3xx_HAL_Driver/Src/stm32f3xx_hal_rcc.o
 .debug_info    0x000000000000fb8f      0x61d ./Drivers/STM32F3xx_HAL_Driver/Src/stm32f3xx_hal_rcc_ex.o
 .debug_info    0x00000000000101ac     0x2cf6 ./Drivers/STM32F3xx_HAL_Driver/Src/stm32f3xx_hal_tim.o
 .debug_info    0x0000000000012ea2     0x163e ./Drivers/STM32F3xx_HAL_Driver/Src/stm32f3xx_hal_tim_ex.o

.debug_abbrev   0x0000000000000000     0x2ecc
 .debug_abbrev  0x0000000000000000      0x2dd ./Core/Src/GAS_Can.o
 .debug_abbrev  0x00000000000002dd      0x2fa ./Core/Src/GAS_PWM.o
 .debug_abbrev  0x00000000000005d7      0x333 ./Core/Src/GAS_Scheduler.o
 .debug_abbrev  0x000000000000090a      0x1ce ./Core/Src/adc.o
 .debug_abbrev  0x0000000000000ad8      0x1de ./Core/Src/can.o
 .debug_abbrev  0x0000000000000cb6      0x11b ./Core/Src/dma.o
 .debug_abbrev  0x0000000000000dd1      0x14e ./Core/Src/gpio.o
 .debug_abbrev  0x0000000000000f1f      0x243 ./Core/Src/main.o
 .debug_abbrev  0x0000000000001162      0x11d ./Core/Src/stm32f3xx_hal_msp.o
 .debug_abbrev  0x000000000000127f      0x1a5 ./Core/Src/stm32f3xx_it.o
 .debug_abbrev  0x0000000000001424      0x145 ./Core/Src/system_stm32f3xx.o
 .debug_abbrev  0x0000000000001569      0x217 ./Core/Src/tim.o
 .debug_abbrev  0x0000000000001780       0x12 ./Core/Startup/startup_stm32f334r8tx.o
 .debug_abbrev  0x0000000000001792      0x1ed ./Drivers/STM32F3xx_HAL_Driver/Src/stm32f3xx_hal.o
 .debug_abbrev  0x000000000000197f      0x253 ./Drivers/STM32F3xx_HAL_Driver/Src/stm32f3xx_hal_adc_ex.o
 .debug_abbrev  0x0000000000001bd2      0x224 ./Drivers/STM32F3xx_HAL_Driver/Src/stm32f3xx_hal_can.o
 .debug_abbrev  0x0000000000001df6      0x313 ./Drivers/STM32F3xx_HAL_Driver/Src/stm32f3xx_hal_cortex.o
 .debug_abbrev  0x0000000000002109      0x228 ./Drivers/STM32F3xx_HAL_Driver/Src/stm32f3xx_hal_dma.o
 .debug_abbrev  0x0000000000002331      0x1e8 ./Drivers/STM32F3xx_HAL_Driver/Src/stm32f3xx_hal_gpio.o
 .debug_abbrev  0x0000000000002519      0x2c4 ./Drivers/STM32F3xx_HAL_Driver/Src/stm32f3xx_hal_rcc.o
 .debug_abbrev  0x00000000000027dd      0x22b ./Drivers/STM32F3xx_HAL_Driver/Src/stm32f3xx_hal_rcc_ex.o
 .debug_abbrev  0x0000000000002a08      0x25e ./Drivers/STM32F3xx_HAL_Driver/Src/stm32f3xx_hal_tim.o
 .debug_abbrev  0x0000000000002c66      0x266 ./Drivers/STM32F3xx_HAL_Driver/Src/stm32f3xx_hal_tim_ex.o

.debug_aranges  0x0000000000000000      0xe90
 .debug_aranges
                0x0000000000000000       0x40 ./Core/Src/GAS_Can.o
 .debug_aranges
                0x0000000000000040       0x40 ./Core/Src/GAS_PWM.o
 .debug_aranges
                0x0000000000000080       0x60 ./Core/Src/GAS_Scheduler.o
 .debug_aranges
                0x00000000000000e0       0x30 ./Core/Src/adc.o
 .debug_aranges
                0x0000000000000110       0x30 ./Core/Src/can.o
 .debug_aranges
                0x0000000000000140       0x20 ./Core/Src/dma.o
 .debug_aranges
                0x0000000000000160       0x20 ./Core/Src/gpio.o
 .debug_aranges
                0x0000000000000180       0x30 ./Core/Src/main.o
 .debug_aranges
                0x00000000000001b0       0x20 ./Core/Src/stm32f3xx_hal_msp.o
 .debug_aranges
                0x00000000000001d0       0x78 ./Core/Src/stm32f3xx_it.o
 .debug_aranges
                0x0000000000000248       0x28 ./Core/Src/system_stm32f3xx.o
 .debug_aranges
                0x0000000000000270       0x80 ./Core/Src/tim.o
 .debug_aranges
                0x00000000000002f0       0x28 ./Core/Startup/startup_stm32f334r8tx.o
 .debug_aranges
                0x0000000000000318       0xe0 ./Drivers/STM32F3xx_HAL_Driver/Src/stm32f3xx_hal.o
 .debug_aranges
                0x00000000000003f8      0x168 ./Drivers/STM32F3xx_HAL_Driver/Src/stm32f3xx_hal_adc_ex.o
 .debug_aranges
                0x0000000000000560      0x138 ./Drivers/STM32F3xx_HAL_Driver/Src/stm32f3xx_hal_can.o
 .debug_aranges
                0x0000000000000698      0x100 ./Drivers/STM32F3xx_HAL_Driver/Src/stm32f3xx_hal_cortex.o
 .debug_aranges
                0x0000000000000798       0x88 ./Drivers/STM32F3xx_HAL_Driver/Src/stm32f3xx_hal_dma.o
 .debug_aranges
                0x0000000000000820       0x58 ./Drivers/STM32F3xx_HAL_Driver/Src/stm32f3xx_hal_gpio.o
 .debug_aranges
                0x0000000000000878       0x88 ./Drivers/STM32F3xx_HAL_Driver/Src/stm32f3xx_hal_rcc.o
 .debug_aranges
                0x0000000000000900       0x38 ./Drivers/STM32F3xx_HAL_Driver/Src/stm32f3xx_hal_rcc_ex.o
 .debug_aranges
                0x0000000000000938      0x3e0 ./Drivers/STM32F3xx_HAL_Driver/Src/stm32f3xx_hal_tim.o
 .debug_aranges
                0x0000000000000d18      0x178 ./Drivers/STM32F3xx_HAL_Driver/Src/stm32f3xx_hal_tim_ex.o

.debug_ranges   0x0000000000000000      0xd28
 .debug_ranges  0x0000000000000000       0x30 ./Core/Src/GAS_Can.o
 .debug_ranges  0x0000000000000030       0x30 ./Core/Src/GAS_PWM.o
 .debug_ranges  0x0000000000000060       0x50 ./Core/Src/GAS_Scheduler.o
 .debug_ranges  0x00000000000000b0       0x20 ./Core/Src/adc.o
 .debug_ranges  0x00000000000000d0       0x20 ./Core/Src/can.o
 .debug_ranges  0x00000000000000f0       0x10 ./Core/Src/dma.o
 .debug_ranges  0x0000000000000100       0x10 ./Core/Src/gpio.o
 .debug_ranges  0x0000000000000110       0x20 ./Core/Src/main.o
 .debug_ranges  0x0000000000000130       0x10 ./Core/Src/stm32f3xx_hal_msp.o
 .debug_ranges  0x0000000000000140       0x68 ./Core/Src/stm32f3xx_it.o
 .debug_ranges  0x00000000000001a8       0x18 ./Core/Src/system_stm32f3xx.o
 .debug_ranges  0x00000000000001c0       0x70 ./Core/Src/tim.o
 .debug_ranges  0x0000000000000230       0x20 ./Core/Startup/startup_stm32f334r8tx.o
 .debug_ranges  0x0000000000000250       0xd0 ./Drivers/STM32F3xx_HAL_Driver/Src/stm32f3xx_hal.o
 .debug_ranges  0x0000000000000320      0x158 ./Drivers/STM32F3xx_HAL_Driver/Src/stm32f3xx_hal_adc_ex.o
 .debug_ranges  0x0000000000000478      0x128 ./Drivers/STM32F3xx_HAL_Driver/Src/stm32f3xx_hal_can.o
 .debug_ranges  0x00000000000005a0       0xf0 ./Drivers/STM32F3xx_HAL_Driver/Src/stm32f3xx_hal_cortex.o
 .debug_ranges  0x0000000000000690       0x78 ./Drivers/STM32F3xx_HAL_Driver/Src/stm32f3xx_hal_dma.o
 .debug_ranges  0x0000000000000708       0x48 ./Drivers/STM32F3xx_HAL_Driver/Src/stm32f3xx_hal_gpio.o
 .debug_ranges  0x0000000000000750       0x78 ./Drivers/STM32F3xx_HAL_Driver/Src/stm32f3xx_hal_rcc.o
 .debug_ranges  0x00000000000007c8       0x28 ./Drivers/STM32F3xx_HAL_Driver/Src/stm32f3xx_hal_rcc_ex.o
 .debug_ranges  0x00000000000007f0      0x3d0 ./Drivers/STM32F3xx_HAL_Driver/Src/stm32f3xx_hal_tim.o
 .debug_ranges  0x0000000000000bc0      0x168 ./Drivers/STM32F3xx_HAL_Driver/Src/stm32f3xx_hal_tim_ex.o

.debug_macro    0x0000000000000000    0x21ec2
 .debug_macro   0x0000000000000000      0x351 ./Core/Src/GAS_Can.o
 .debug_macro   0x0000000000000351      0xaa8 ./Core/Src/GAS_Can.o
 .debug_macro   0x0000000000000df9      0x15d ./Core/Src/GAS_Can.o
 .debug_macro   0x0000000000000f56       0x2e ./Core/Src/GAS_Can.o
 .debug_macro   0x0000000000000f84       0x28 ./Core/Src/GAS_Can.o
 .debug_macro   0x0000000000000fac       0x22 ./Core/Src/GAS_Can.o
 .debug_macro   0x0000000000000fce       0x8e ./Core/Src/GAS_Can.o
 .debug_macro   0x000000000000105c       0x51 ./Core/Src/GAS_Can.o
 .debug_macro   0x00000000000010ad      0x103 ./Core/Src/GAS_Can.o
 .debug_macro   0x00000000000011b0       0x6a ./Core/Src/GAS_Can.o
 .debug_macro   0x000000000000121a      0x1df ./Core/Src/GAS_Can.o
 .debug_macro   0x00000000000013f9       0x1c ./Core/Src/GAS_Can.o
 .debug_macro   0x0000000000001415       0x22 ./Core/Src/GAS_Can.o
 .debug_macro   0x0000000000001437       0xdf ./Core/Src/GAS_Can.o
 .debug_macro   0x0000000000001516      0xf07 ./Core/Src/GAS_Can.o
 .debug_macro   0x000000000000241d    0x1585b ./Core/Src/GAS_Can.o
 .debug_macro   0x0000000000017c78       0x6d ./Core/Src/GAS_Can.o
 .debug_macro   0x0000000000017ce5     0x3540 ./Core/Src/GAS_Can.o
 .debug_macro   0x000000000001b225      0x174 ./Core/Src/GAS_Can.o
 .debug_macro   0x000000000001b399       0x55 ./Core/Src/GAS_Can.o
 .debug_macro   0x000000000001b3ee      0x8f9 ./Core/Src/GAS_Can.o
 .debug_macro   0x000000000001bce7      0x358 ./Core/Src/GAS_Can.o
 .debug_macro   0x000000000001c03f      0x1b6 ./Core/Src/GAS_Can.o
 .debug_macro   0x000000000001c1f5      0x130 ./Core/Src/GAS_Can.o
 .debug_macro   0x000000000001c325      0x1d5 ./Core/Src/GAS_Can.o
 .debug_macro   0x000000000001c4fa      0x1bc ./Core/Src/GAS_Can.o
 .debug_macro   0x000000000001c6b6       0x34 ./Core/Src/GAS_Can.o
 .debug_macro   0x000000000001c6ea       0x3c ./Core/Src/GAS_Can.o
 .debug_macro   0x000000000001c726       0x57 ./Core/Src/GAS_Can.o
 .debug_macro   0x000000000001c77d      0x845 ./Core/Src/GAS_Can.o
 .debug_macro   0x000000000001cfc2       0x77 ./Core/Src/GAS_Can.o
 .debug_macro   0x000000000001d039      0x408 ./Core/Src/GAS_Can.o
 .debug_macro   0x000000000001d441       0xc5 ./Core/Src/GAS_Can.o
 .debug_macro   0x000000000001d506      0x19f ./Core/Src/GAS_Can.o
 .debug_macro   0x000000000001d6a5      0x22c ./Core/Src/GAS_Can.o
 .debug_macro   0x000000000001d8d1       0x5b ./Core/Src/GAS_Can.o
 .debug_macro   0x000000000001d92c       0xa5 ./Core/Src/GAS_Can.o
 .debug_macro   0x000000000001d9d1       0x81 ./Core/Src/GAS_Can.o
 .debug_macro   0x000000000001da52       0xd3 ./Core/Src/GAS_Can.o
 .debug_macro   0x000000000001db25      0xa3d ./Core/Src/GAS_Can.o
 .debug_macro   0x000000000001e562       0x59 ./Core/Src/GAS_Can.o
 .debug_macro   0x000000000001e5bb      0x2a1 ./Core/Src/GAS_Can.o
 .debug_macro   0x000000000001e85c       0x82 ./Core/Src/GAS_Can.o
 .debug_macro   0x000000000001e8de       0x52 ./Core/Src/GAS_Can.o
 .debug_macro   0x000000000001e930       0x18 ./Core/Src/GAS_Can.o
 .debug_macro   0x000000000001e948       0x3c ./Core/Src/GAS_Can.o
 .debug_macro   0x000000000001e984       0x34 ./Core/Src/GAS_Can.o
 .debug_macro   0x000000000001e9b8       0x16 ./Core/Src/GAS_Can.o
 .debug_macro   0x000000000001e9ce       0x35 ./Core/Src/GAS_Can.o
 .debug_macro   0x000000000001ea03      0x333 ./Core/Src/GAS_Can.o
 .debug_macro   0x000000000001ed36       0x10 ./Core/Src/GAS_Can.o
 .debug_macro   0x000000000001ed46       0x16 ./Core/Src/GAS_Can.o
 .debug_macro   0x000000000001ed5c       0x43 ./Core/Src/GAS_Can.o
 .debug_macro   0x000000000001ed9f       0x34 ./Core/Src/GAS_Can.o
 .debug_macro   0x000000000001edd3       0x10 ./Core/Src/GAS_Can.o
 .debug_macro   0x000000000001ede3       0x58 ./Core/Src/GAS_Can.o
 .debug_macro   0x000000000001ee3b       0x71 ./Core/Src/GAS_Can.o
 .debug_macro   0x000000000001eeac       0x1c ./Core/Src/GAS_Can.o
 .debug_macro   0x000000000001eec8      0x12a ./Core/Src/GAS_Can.o
 .debug_macro   0x000000000001eff2       0x10 ./Core/Src/GAS_Can.o
 .debug_macro   0x000000000001f002       0x1c ./Core/Src/GAS_Can.o
 .debug_macro   0x000000000001f01e       0x52 ./Core/Src/GAS_Can.o
 .debug_macro   0x000000000001f070       0x22 ./Core/Src/GAS_Can.o
 .debug_macro   0x000000000001f092       0x10 ./Core/Src/GAS_Can.o
 .debug_macro   0x000000000001f0a2       0x40 ./Core/Src/GAS_Can.o
 .debug_macro   0x000000000001f0e2       0xd5 ./Core/Src/GAS_Can.o
 .debug_macro   0x000000000001f1b7       0x1c ./Core/Src/GAS_Can.o
 .debug_macro   0x000000000001f1d3       0x3d ./Core/Src/GAS_Can.o
 .debug_macro   0x000000000001f210       0x16 ./Core/Src/GAS_Can.o
 .debug_macro   0x000000000001f226      0x145 ./Core/Src/GAS_Can.o
 .debug_macro   0x000000000001f36b      0x36b ./Core/Src/GAS_PWM.o
 .debug_macro   0x000000000001f6d6      0x3b1 ./Core/Src/GAS_Scheduler.o
 .debug_macro   0x000000000001fa87      0x1ee ./Core/Src/adc.o
 .debug_macro   0x000000000001fc75      0x1ee ./Core/Src/can.o
 .debug_macro   0x000000000001fe63      0x1ee ./Core/Src/dma.o
 .debug_macro   0x0000000000020051      0x1ee ./Core/Src/gpio.o
 .debug_macro   0x000000000002023f      0x21a ./Core/Src/main.o
 .debug_macro   0x0000000000020459      0x1e4 ./Core/Src/stm32f3xx_hal_msp.o
 .debug_macro   0x000000000002063d      0x1ee ./Core/Src/stm32f3xx_it.o
 .debug_macro   0x000000000002082b      0x1d5 ./Core/Src/system_stm32f3xx.o
 .debug_macro   0x0000000000020a00      0x1ee ./Core/Src/tim.o
 .debug_macro   0x0000000000020bee      0x1f9 ./Drivers/STM32F3xx_HAL_Driver/Src/stm32f3xx_hal.o
 .debug_macro   0x0000000000020de7      0x1ff ./Drivers/STM32F3xx_HAL_Driver/Src/stm32f3xx_hal_adc_ex.o
 .debug_macro   0x0000000000020fe6      0x1dd ./Drivers/STM32F3xx_HAL_Driver/Src/stm32f3xx_hal_can.o
 .debug_macro   0x00000000000211c3      0x1d5 ./Drivers/STM32F3xx_HAL_Driver/Src/stm32f3xx_hal_cortex.o
 .debug_macro   0x0000000000021398      0x1d5 ./Drivers/STM32F3xx_HAL_Driver/Src/stm32f3xx_hal_dma.o
 .debug_macro   0x000000000002156d      0x1dc ./Drivers/STM32F3xx_HAL_Driver/Src/stm32f3xx_hal_gpio.o
 .debug_macro   0x0000000000021749      0x1f9 ./Drivers/STM32F3xx_HAL_Driver/Src/stm32f3xx_hal_rcc.o
 .debug_macro   0x0000000000021942      0x1d5 ./Drivers/STM32F3xx_HAL_Driver/Src/stm32f3xx_hal_rcc_ex.o
 .debug_macro   0x0000000000021b17      0x1d6 ./Drivers/STM32F3xx_HAL_Driver/Src/stm32f3xx_hal_tim.o
 .debug_macro   0x0000000000021ced      0x1d5 ./Drivers/STM32F3xx_HAL_Driver/Src/stm32f3xx_hal_tim_ex.o

.debug_line     0x0000000000000000    0x13805
 .debug_line    0x0000000000000000      0x9ba ./Core/Src/GAS_Can.o
 .debug_line    0x00000000000009ba      0xa06 ./Core/Src/GAS_PWM.o
 .debug_line    0x00000000000013c0      0xaac ./Core/Src/GAS_Scheduler.o
 .debug_line    0x0000000000001e6c      0x7d1 ./Core/Src/adc.o
 .debug_line    0x000000000000263d      0x76b ./Core/Src/can.o
 .debug_line    0x0000000000002da8      0x6f3 ./Core/Src/dma.o
 .debug_line    0x000000000000349b      0x73d ./Core/Src/gpio.o
 .debug_line    0x0000000000003bd8      0x7ba ./Core/Src/main.o
 .debug_line    0x0000000000004392      0x6f8 ./Core/Src/stm32f3xx_hal_msp.o
 .debug_line    0x0000000000004a8a      0x803 ./Core/Src/stm32f3xx_it.o
 .debug_line    0x000000000000528d      0x76e ./Core/Src/system_stm32f3xx.o
 .debug_line    0x00000000000059fb      0xb15 ./Core/Src/tim.o
 .debug_line    0x0000000000006510       0x88 ./Core/Startup/startup_stm32f334r8tx.o
 .debug_line    0x0000000000006598      0x9a3 ./Drivers/STM32F3xx_HAL_Driver/Src/stm32f3xx_hal.o
 .debug_line    0x0000000000006f3b     0x2092 ./Drivers/STM32F3xx_HAL_Driver/Src/stm32f3xx_hal_adc_ex.o
 .debug_line    0x0000000000008fcd     0x1142 ./Drivers/STM32F3xx_HAL_Driver/Src/stm32f3xx_hal_can.o
 .debug_line    0x000000000000a10f      0xb8b ./Drivers/STM32F3xx_HAL_Driver/Src/stm32f3xx_hal_cortex.o
 .debug_line    0x000000000000ac9a      0xc91 ./Drivers/STM32F3xx_HAL_Driver/Src/stm32f3xx_hal_dma.o
 .debug_line    0x000000000000b92b      0xaf0 ./Drivers/STM32F3xx_HAL_Driver/Src/stm32f3xx_hal_gpio.o
 .debug_line    0x000000000000c41b     0x137d ./Drivers/STM32F3xx_HAL_Driver/Src/stm32f3xx_hal_rcc.o
 .debug_line    0x000000000000d798      0xa8f ./Drivers/STM32F3xx_HAL_Driver/Src/stm32f3xx_hal_rcc_ex.o
 .debug_line    0x000000000000e227     0x3bc8 ./Drivers/STM32F3xx_HAL_Driver/Src/stm32f3xx_hal_tim.o
 .debug_line    0x0000000000011def     0x1a16 ./Drivers/STM32F3xx_HAL_Driver/Src/stm32f3xx_hal_tim_ex.o

.debug_str      0x0000000000000000    0xc8f8a
 .debug_str     0x0000000000000000    0xc4fd4 ./Core/Src/GAS_Can.o
                                      0xc5333 (size before relaxing)
 .debug_str     0x00000000000c4fd4      0x578 ./Core/Src/GAS_PWM.o
                                      0xc573f (size before relaxing)
 .debug_str     0x00000000000c554c      0x6e2 ./Core/Src/GAS_Scheduler.o
                                      0xc5eb9 (size before relaxing)
 .debug_str     0x00000000000c5c2e      0x13d ./Core/Src/adc.o
                                      0xc126b (size before relaxing)
 .debug_str     0x00000000000c5d6b       0x4a ./Core/Src/can.o
                                      0xc1389 (size before relaxing)
 .debug_str     0x00000000000c5db5       0x1e ./Core/Src/dma.o
                                      0xc101c (size before relaxing)
 .debug_str     0x00000000000c5dd3       0x20 ./Core/Src/gpio.o
                                      0xc0d60 (size before relaxing)
 .debug_str     0x00000000000c5df3      0x209 ./Core/Src/main.o
                                      0xc1863 (size before relaxing)
 .debug_str     0x00000000000c5ffc       0x2c ./Core/Src/stm32f3xx_hal_msp.o
                                      0xc0cc3 (size before relaxing)
 .debug_str     0x00000000000c6028       0xe9 ./Core/Src/stm32f3xx_it.o
                                      0xc1196 (size before relaxing)
 .debug_str     0x00000000000c6111       0x5f ./Core/Src/system_stm32f3xx.o
                                      0xc0ac4 (size before relaxing)
 .debug_str     0x00000000000c6170      0x2d2 ./Core/Src/tim.o
                                      0xc155c (size before relaxing)
 .debug_str     0x00000000000c6442       0x36 ./Core/Startup/startup_stm32f334r8tx.o
                                         0x6c (size before relaxing)
 .debug_str     0x00000000000c6478      0x2ff ./Drivers/STM32F3xx_HAL_Driver/Src/stm32f3xx_hal.o
                                      0xc118a (size before relaxing)
 .debug_str     0x00000000000c6777      0x82a ./Drivers/STM32F3xx_HAL_Driver/Src/stm32f3xx_hal_adc_ex.o
                                      0xc171c (size before relaxing)
 .debug_str     0x00000000000c6fa1      0x448 ./Drivers/STM32F3xx_HAL_Driver/Src/stm32f3xx_hal_can.o
                                      0xc126b (size before relaxing)
 .debug_str     0x00000000000c73e9      0x216 ./Drivers/STM32F3xx_HAL_Driver/Src/stm32f3xx_hal_cortex.o
                                      0xc116b (size before relaxing)
 .debug_str     0x00000000000c75ff      0x24d ./Drivers/STM32F3xx_HAL_Driver/Src/stm32f3xx_hal_dma.o
                                      0xc0e3e (size before relaxing)
 .debug_str     0x00000000000c784c      0x195 ./Drivers/STM32F3xx_HAL_Driver/Src/stm32f3xx_hal_gpio.o
                                      0xc0ce1 (size before relaxing)
 .debug_str     0x00000000000c79e1      0x2e9 ./Drivers/STM32F3xx_HAL_Driver/Src/stm32f3xx_hal_rcc.o
                                      0xc0f32 (size before relaxing)
 .debug_str     0x00000000000c7cca       0xd8 ./Drivers/STM32F3xx_HAL_Driver/Src/stm32f3xx_hal_rcc_ex.o
                                      0xc0c5b (size before relaxing)
 .debug_str     0x00000000000c7da2      0xd54 ./Drivers/STM32F3xx_HAL_Driver/Src/stm32f3xx_hal_tim.o
                                      0xc1e87 (size before relaxing)
 .debug_str     0x00000000000c8af6      0x494 ./Drivers/STM32F3xx_HAL_Driver/Src/stm32f3xx_hal_tim_ex.o
                                      0xc168b (size before relaxing)

.comment        0x0000000000000000       0x53
 .comment       0x0000000000000000       0x53 ./Core/Src/GAS_Can.o
                                         0x54 (size before relaxing)
 .comment       0x0000000000000053       0x54 ./Core/Src/GAS_PWM.o
 .comment       0x0000000000000053       0x54 ./Core/Src/GAS_Scheduler.o
 .comment       0x0000000000000053       0x54 ./Core/Src/adc.o
 .comment       0x0000000000000053       0x54 ./Core/Src/can.o
 .comment       0x0000000000000053       0x54 ./Core/Src/dma.o
 .comment       0x0000000000000053       0x54 ./Core/Src/gpio.o
 .comment       0x0000000000000053       0x54 ./Core/Src/main.o
 .comment       0x0000000000000053       0x54 ./Core/Src/stm32f3xx_hal_msp.o
 .comment       0x0000000000000053       0x54 ./Core/Src/stm32f3xx_it.o
 .comment       0x0000000000000053       0x54 ./Core/Src/system_stm32f3xx.o
 .comment       0x0000000000000053       0x54 ./Core/Src/tim.o
 .comment       0x0000000000000053       0x54 ./Drivers/STM32F3xx_HAL_Driver/Src/stm32f3xx_hal.o
 .comment       0x0000000000000053       0x54 ./Drivers/STM32F3xx_HAL_Driver/Src/stm32f3xx_hal_adc_ex.o
 .comment       0x0000000000000053       0x54 ./Drivers/STM32F3xx_HAL_Driver/Src/stm32f3xx_hal_can.o
 .comment       0x0000000000000053       0x54 ./Drivers/STM32F3xx_HAL_Driver/Src/stm32f3xx_hal_cortex.o
 .comment       0x0000000000000053       0x54 ./Drivers/STM32F3xx_HAL_Driver/Src/stm32f3xx_hal_dma.o
 .comment       0x0000000000000053       0x54 ./Drivers/STM32F3xx_HAL_Driver/Src/stm32f3xx_hal_gpio.o
 .comment       0x0000000000000053       0x54 ./Drivers/STM32F3xx_HAL_Driver/Src/stm32f3xx_hal_rcc.o
 .comment       0x0000000000000053       0x54 ./Drivers/STM32F3xx_HAL_Driver/Src/stm32f3xx_hal_rcc_ex.o
 .comment       0x0000000000000053       0x54 ./Drivers/STM32F3xx_HAL_Driver/Src/stm32f3xx_hal_tim.o
 .comment       0x0000000000000053       0x54 ./Drivers/STM32F3xx_HAL_Driver/Src/stm32f3xx_hal_tim_ex.o

.debug_frame    0x0000000000000000     0x3a78
 .debug_frame   0x0000000000000000       0xa8 ./Core/Src/GAS_Can.o
 .debug_frame   0x00000000000000a8       0xb8 ./Core/Src/GAS_PWM.o
 .debug_frame   0x0000000000000160      0x128 ./Core/Src/GAS_Scheduler.o
 .debug_frame   0x0000000000000288       0x7c ./Core/Src/adc.o
 .debug_frame   0x0000000000000304       0x74 ./Core/Src/can.o
 .debug_frame   0x0000000000000378       0x34 ./Core/Src/dma.o
 .debug_frame   0x00000000000003ac       0x34 ./Core/Src/gpio.o
 .debug_frame   0x00000000000003e0       0x68 ./Core/Src/main.o
 .debug_frame   0x0000000000000448       0x38 ./Core/Src/stm32f3xx_hal_msp.o
 .debug_frame   0x0000000000000480      0x158 ./Core/Src/stm32f3xx_it.o
 .debug_frame   0x00000000000005d8       0x58 ./Core/Src/system_stm32f3xx.o
 .debug_frame   0x0000000000000630      0x1ec ./Core/Src/tim.o
 .debug_frame   0x000000000000081c      0x334 ./Drivers/STM32F3xx_HAL_Driver/Src/stm32f3xx_hal.o
 .debug_frame   0x0000000000000b50      0x638 ./Drivers/STM32F3xx_HAL_Driver/Src/stm32f3xx_hal_adc_ex.o
 .debug_frame   0x0000000000001188      0x5a0 ./Drivers/STM32F3xx_HAL_Driver/Src/stm32f3xx_hal_can.o
 .debug_frame   0x0000000000001728      0x428 ./Drivers/STM32F3xx_HAL_Driver/Src/stm32f3xx_hal_cortex.o
 .debug_frame   0x0000000000001b50      0x224 ./Drivers/STM32F3xx_HAL_Driver/Src/stm32f3xx_hal_dma.o
 .debug_frame   0x0000000000001d74      0x14c ./Drivers/STM32F3xx_HAL_Driver/Src/stm32f3xx_hal_gpio.o
 .debug_frame   0x0000000000001ec0      0x214 ./Drivers/STM32F3xx_HAL_Driver/Src/stm32f3xx_hal_rcc.o
 .debug_frame   0x00000000000020d4       0xb4 ./Drivers/STM32F3xx_HAL_Driver/Src/stm32f3xx_hal_rcc_ex.o
 .debug_frame   0x0000000000002188     0x121c ./Drivers/STM32F3xx_HAL_Driver/Src/stm32f3xx_hal_tim.o
 .debug_frame   0x00000000000033a4      0x688 ./Drivers/STM32F3xx_HAL_Driver/Src/stm32f3xx_hal_tim_ex.o
 .debug_frame   0x0000000000003a2c       0x2c c:/st/stm32cubeide_1.5.1/stm32cubeide/plugins/com.st.stm32cube.ide.mcu.externaltools.gnu-tools-for-stm32.9-2020-q2-update.win32_2.0.0.202105311346/tools/bin/../lib/gcc/arm-none-eabi/9.3.1/../../../../arm-none-eabi/lib/thumb/v7e-m+fp/hard\libc_nano.a(lib_a-init.o)
 .debug_frame   0x0000000000003a58       0x20 c:/st/stm32cubeide_1.5.1/stm32cubeide/plugins/com.st.stm32cube.ide.mcu.externaltools.gnu-tools-for-stm32.9-2020-q2-update.win32_2.0.0.202105311346/tools/bin/../lib/gcc/arm-none-eabi/9.3.1/../../../../arm-none-eabi/lib/thumb/v7e-m+fp/hard\libc_nano.a(lib_a-memset.o)
