../Drivers/CMSIS/Include/core_cm4.h:1816:22:__NVIC_SetPriority	16	static
../Drivers/CMSIS/Include/core_cm4.h:2022:26:SysTick_Config	16	static
..\Core\Src\GAS_Scheduler.c:35:6:GAS_Scheduler_init	8	static
..\Core\Src\GAS_Scheduler.c:56:6:GAS_Scheduler_taskCounter_1ms	4	static
..\Core\Src\GAS_Scheduler.c:61:6:GAS_Scheduler_taskCounter_10ms	8	static
..\Core\Src\GAS_Scheduler.c:67:6:GAS_Scheduler_taskCounter_100ms	8	static
..\Core\Src\GAS_Scheduler.c:71:6:GAS_Scheduler_taskCounter_1000ms	8	static
..\Core\Src\GAS_Scheduler.c:79:6:HAL_SYSTICK_Callback	4	static
..\Core\Src\GAS_Scheduler.c:121:6:GAS_Scheduler	8	static
