../Drivers/CMSIS/Include/core_cm4.h:1816:22:__NVIC_SetPriority	16	static
../Drivers/CMSIS/Include/core_cm4.h:2022:26:SysTick_Config	16	static
..\Core\Src\GAS_Scheduler.c:37:6:GAS_Scheduler_init	8	static
..\Core\Src\GAS_Scheduler.c:58:6:GAS_Scheduler_taskCounter_1ms	4	static
..\Core\Src\GAS_Scheduler.c:63:6:GAS_Scheduler_taskCounter_10ms	8	static
..\Core\Src\GAS_Scheduler.c:69:6:GAS_Scheduler_taskCounter_100ms	8	static
..\Core\Src\GAS_Scheduler.c:73:6:GAS_Scheduler_taskCounter_1000ms	8	static
..\Core\Src\GAS_Scheduler.c:81:6:HAL_SYSTICK_Callback	4	static
..\Core\Src\GAS_Scheduler.c:123:6:GAS_Scheduler	8	static
